<!doctype html public "-//w3c//dtd html 4.0 transitional//en">
<html><head>
<title>Static Call Graph - [pikascript-demo\pikascript-demo.axf]</title></head>
<body><HR>
<H1>Static Call Graph for image pikascript-demo\pikascript-demo.axf</H1><HR>
<BR><P>#&#060CALLGRAPH&#062# ARM Linker, 6190004: Last Updated: Wed Apr  5 18:07:05 2023
<BR><P>
<H3>Maximum Stack Usage =       1640 bytes + Unknown(Cycles, Untraceable Function Pointers)</H3><H3>
Call chain for Maximum Stack Depth:</H3>
__obj_shellLineHandler_REPL &rArr; AST_parseStmt &rArr;  AST_parseStmt (Cycle)
<P>
<H3>
Mutually Recursive functions
</H3> <LI><a href="#[1c]">ADC1_2_IRQHandler</a>&nbsp;&nbsp;&nbsp;&rArr;&nbsp;&nbsp;&nbsp;<a href="#[1c]">ADC1_2_IRQHandler</a><BR>
 <LI><a href="#[4]">BusFault_Handler</a>&nbsp;&nbsp;&nbsp;&rArr;&nbsp;&nbsp;&nbsp;<a href="#[4]">BusFault_Handler</a><BR>
 <LI><a href="#[2]">HardFault_Handler</a>&nbsp;&nbsp;&nbsp;&rArr;&nbsp;&nbsp;&nbsp;<a href="#[2]">HardFault_Handler</a><BR>
 <LI><a href="#[3]">MemManage_Handler</a>&nbsp;&nbsp;&nbsp;&rArr;&nbsp;&nbsp;&nbsp;<a href="#[3]">MemManage_Handler</a><BR>
 <LI><a href="#[1]">NMI_Handler</a>&nbsp;&nbsp;&nbsp;&rArr;&nbsp;&nbsp;&nbsp;<a href="#[1]">NMI_Handler</a><BR>
 <LI><a href="#[5]">UsageFault_Handler</a>&nbsp;&nbsp;&nbsp;&rArr;&nbsp;&nbsp;&nbsp;<a href="#[5]">UsageFault_Handler</a><BR>
 <LI><a href="#[fb]">link_deinit</a>&nbsp;&nbsp;&nbsp;&rArr;&nbsp;&nbsp;&nbsp;<a href="#[de]">__link_deinit_pyload</a><BR>
 <LI><a href="#[136]">strIsContain</a>&nbsp;&nbsp;&nbsp;&rArr;&nbsp;&nbsp;&nbsp;<a href="#[136]">strIsContain</a><BR>
 <LI><a href="#[1c0]">__link_removeNode</a>&nbsp;&nbsp;&nbsp;&rArr;&nbsp;&nbsp;&nbsp;<a href="#[3f]">arg_deinit</a><BR>
 <LI><a href="#[46]">obj_getPtr</a>&nbsp;&nbsp;&nbsp;&rArr;&nbsp;&nbsp;&nbsp;<a href="#[147]">OUTLINED_FUNCTION_48</a><BR>
 <LI><a href="#[1c5]">__obj_setArg</a>&nbsp;&nbsp;&nbsp;&rArr;&nbsp;&nbsp;&nbsp;<a href="#[13f]">obj_getHostObj</a><BR>
 <LI><a href="#[121]">OUTLINED_FUNCTION_24</a>&nbsp;&nbsp;&nbsp;&rArr;&nbsp;&nbsp;&nbsp;<a href="#[3f]">arg_deinit</a><BR>
 <LI><a href="#[13d]">args_setArg</a>&nbsp;&nbsp;&nbsp;&rArr;&nbsp;&nbsp;&nbsp;<a href="#[1e0]">arg_deinitHeap</a><BR>
 <LI><a href="#[1b6]">obj_getHostObjWithIsTemp</a>&nbsp;&nbsp;&nbsp;&rArr;&nbsp;&nbsp;&nbsp;<a href="#[1c1]">__obj_getObjWithKeepDeepth</a><BR>
 <LI><a href="#[164]">obj_getArg</a>&nbsp;&nbsp;&nbsp;&rArr;&nbsp;&nbsp;&nbsp;<a href="#[164]">obj_getArg</a><BR>
 <LI><a href="#[1c1]">__obj_getObjWithKeepDeepth</a>&nbsp;&nbsp;&nbsp;&rArr;&nbsp;&nbsp;&nbsp;<a href="#[3f]">arg_deinit</a><BR>
 <LI><a href="#[dc]">OUTLINED_FUNCTION_20</a>&nbsp;&nbsp;&nbsp;&rArr;&nbsp;&nbsp;&nbsp;<a href="#[3f]">arg_deinit</a><BR>
 <LI><a href="#[53]">byteCodeFrame_deinit</a>&nbsp;&nbsp;&nbsp;&rArr;&nbsp;&nbsp;&nbsp;<a href="#[3f]">arg_deinit</a><BR>
 <LI><a href="#[19d]">stack_pushArg</a>&nbsp;&nbsp;&nbsp;&rArr;&nbsp;&nbsp;&nbsp;<a href="#[1e0]">arg_deinitHeap</a><BR>
 <LI><a href="#[1cb]">stack_deinit</a>&nbsp;&nbsp;&nbsp;&rArr;&nbsp;&nbsp;&nbsp;<a href="#[3f]">arg_deinit</a><BR>
 <LI><a href="#[18e]">obj_toStr</a>&nbsp;&nbsp;&nbsp;&rArr;&nbsp;&nbsp;&nbsp;<a href="#[171]">pikaVM_runByteCode</a><BR>
 <LI><a href="#[190]">arg_singlePrint</a>&nbsp;&nbsp;&nbsp;&rArr;&nbsp;&nbsp;&nbsp;<a href="#[ff]">obj_deinit</a><BR>
 <LI><a href="#[116]">OUTLINED_FUNCTION_5</a>&nbsp;&nbsp;&nbsp;&rArr;&nbsp;&nbsp;&nbsp;<a href="#[3f]">arg_deinit</a><BR>
 <LI><a href="#[18d]">__printBytes</a>&nbsp;&nbsp;&nbsp;&rArr;&nbsp;&nbsp;&nbsp;<a href="#[de]">__link_deinit_pyload</a><BR>
 <LI><a href="#[fa]">OUTLINED_FUNCTION_21</a>&nbsp;&nbsp;&nbsp;&rArr;&nbsp;&nbsp;&nbsp;<a href="#[3e]">arg_strAppend</a><BR>
 <LI><a href="#[1a2]">VMState_solveUnusedStack</a>&nbsp;&nbsp;&nbsp;&rArr;&nbsp;&nbsp;&nbsp;<a href="#[3f]">arg_deinit</a><BR>
 <LI><a href="#[ff]">obj_deinit</a>&nbsp;&nbsp;&nbsp;&rArr;&nbsp;&nbsp;&nbsp;<a href="#[3f]">arg_deinit</a><BR>
 <LI><a href="#[d6]">AST_genAsm_sub</a>&nbsp;&nbsp;&nbsp;&rArr;&nbsp;&nbsp;&nbsp;<a href="#[d6]">AST_genAsm_sub</a><BR>
 <LI><a href="#[fd]">AST_parseSubStmt</a>&nbsp;&nbsp;&nbsp;&rArr;&nbsp;&nbsp;&nbsp;<a href="#[e0]">AST_parseStmt</a><BR>
 <LI><a href="#[e0]">AST_parseStmt</a>&nbsp;&nbsp;&nbsp;&rArr;&nbsp;&nbsp;&nbsp;<a href="#[e0]">AST_parseStmt</a><BR>
</UL>
<P>
<H3>
Function Pointers
</H3><UL>
 <LI><a href="#[1c]">ADC1_2_IRQHandler</a> from startup_stm32f103xb.o(.text) referenced from startup_stm32f103xb.o(RESET)
 <LI><a href="#[4]">BusFault_Handler</a> from lto-llvm-97d2c9.o(.text.BusFault_Handler) referenced from startup_stm32f103xb.o(RESET)
 <LI><a href="#[1f]">CAN1_RX1_IRQHandler</a> from startup_stm32f103xb.o(.text) referenced from startup_stm32f103xb.o(RESET)
 <LI><a href="#[20]">CAN1_SCE_IRQHandler</a> from startup_stm32f103xb.o(.text) referenced from startup_stm32f103xb.o(RESET)
 <LI><a href="#[54]">Cursor_removeTokensBetween</a> from lto-llvm-97d2c9.o(.text.Cursor_removeTokensBetween) referenced from lto-llvm-97d2c9.o(.text._remove_sub_stmt)
 <LI><a href="#[15]">DMA1_Channel1_IRQHandler</a> from startup_stm32f103xb.o(.text) referenced from startup_stm32f103xb.o(RESET)
 <LI><a href="#[16]">DMA1_Channel2_IRQHandler</a> from startup_stm32f103xb.o(.text) referenced from startup_stm32f103xb.o(RESET)
 <LI><a href="#[17]">DMA1_Channel3_IRQHandler</a> from startup_stm32f103xb.o(.text) referenced from startup_stm32f103xb.o(RESET)
 <LI><a href="#[18]">DMA1_Channel4_IRQHandler</a> from startup_stm32f103xb.o(.text) referenced from startup_stm32f103xb.o(RESET)
 <LI><a href="#[19]">DMA1_Channel5_IRQHandler</a> from startup_stm32f103xb.o(.text) referenced from startup_stm32f103xb.o(RESET)
 <LI><a href="#[1a]">DMA1_Channel6_IRQHandler</a> from startup_stm32f103xb.o(.text) referenced from startup_stm32f103xb.o(RESET)
 <LI><a href="#[1b]">DMA1_Channel7_IRQHandler</a> from startup_stm32f103xb.o(.text) referenced from startup_stm32f103xb.o(RESET)
 <LI><a href="#[7]">DebugMon_Handler</a> from lto-llvm-97d2c9.o(.text.DebugMon_Handler) referenced from startup_stm32f103xb.o(RESET)
 <LI><a href="#[10]">EXTI0_IRQHandler</a> from startup_stm32f103xb.o(.text) referenced from startup_stm32f103xb.o(RESET)
 <LI><a href="#[32]">EXTI15_10_IRQHandler</a> from startup_stm32f103xb.o(.text) referenced from startup_stm32f103xb.o(RESET)
 <LI><a href="#[11]">EXTI1_IRQHandler</a> from startup_stm32f103xb.o(.text) referenced from startup_stm32f103xb.o(RESET)
 <LI><a href="#[12]">EXTI2_IRQHandler</a> from startup_stm32f103xb.o(.text) referenced from startup_stm32f103xb.o(RESET)
 <LI><a href="#[13]">EXTI3_IRQHandler</a> from startup_stm32f103xb.o(.text) referenced from startup_stm32f103xb.o(RESET)
 <LI><a href="#[14]">EXTI4_IRQHandler</a> from startup_stm32f103xb.o(.text) referenced from startup_stm32f103xb.o(RESET)
 <LI><a href="#[21]">EXTI9_5_IRQHandler</a> from startup_stm32f103xb.o(.text) referenced from startup_stm32f103xb.o(RESET)
 <LI><a href="#[e]">FLASH_IRQHandler</a> from startup_stm32f103xb.o(.text) referenced from startup_stm32f103xb.o(RESET)
 <LI><a href="#[2]">HardFault_Handler</a> from lto-llvm-97d2c9.o(.text.HardFault_Handler) referenced from startup_stm32f103xb.o(RESET)
 <LI><a href="#[2a]">I2C1_ER_IRQHandler</a> from startup_stm32f103xb.o(.text) referenced from startup_stm32f103xb.o(RESET)
 <LI><a href="#[29]">I2C1_EV_IRQHandler</a> from startup_stm32f103xb.o(.text) referenced from startup_stm32f103xb.o(RESET)
 <LI><a href="#[2c]">I2C2_ER_IRQHandler</a> from startup_stm32f103xb.o(.text) referenced from startup_stm32f103xb.o(RESET)
 <LI><a href="#[2b]">I2C2_EV_IRQHandler</a> from startup_stm32f103xb.o(.text) referenced from startup_stm32f103xb.o(RESET)
 <LI><a href="#[3]">MemManage_Handler</a> from lto-llvm-97d2c9.o(.text.MemManage_Handler) referenced from startup_stm32f103xb.o(RESET)
 <LI><a href="#[1]">NMI_Handler</a> from lto-llvm-97d2c9.o(.text.NMI_Handler) referenced from startup_stm32f103xb.o(RESET)
 <LI><a href="#[56]">New_LibObj</a> from lto-llvm-97d2c9.o(.text.New_LibObj) referenced from lto-llvm-97d2c9.o(.text.main)
 <LI><a href="#[55]">New_PikaMain</a> from lto-llvm-97d2c9.o(.text.New_PikaMain) referenced from lto-llvm-97d2c9.o(.text.main)
 <LI><a href="#[4e]">New_PikaStdData_Dict</a> from lto-llvm-97d2c9.o(.text.New_PikaStdData_Dict) referenced from lto-llvm-97d2c9.o(.text.VMState_loadArgsFromMethodArg)
 <LI><a href="#[47]">New_PikaStdData_Tuple</a> from lto-llvm-97d2c9.o(.text.New_PikaStdData_Tuple) referenced from lto-llvm-97d2c9.o(.text.PikaStdData_dict_items___next__)
 <LI><a href="#[47]">New_PikaStdData_Tuple</a> from lto-llvm-97d2c9.o(.text.New_PikaStdData_Tuple) referenced from lto-llvm-97d2c9.o(.text.VMState_loadArgsFromMethodArg)
 <LI><a href="#[43]">New_PikaStdData_dict_items</a> from lto-llvm-97d2c9.o(.text.New_PikaStdData_dict_items) referenced from lto-llvm-97d2c9.o(.text.PikaStdData_Dict_itemsMethod)
 <LI><a href="#[44]">New_PikaStdData_dict_keys</a> from lto-llvm-97d2c9.o(.text.New_PikaStdData_dict_keys) referenced from lto-llvm-97d2c9.o(.text.PikaStdData_Dict_keysMethod)
 <LI><a href="#[42]">New_PikaStdLib</a> from lto-llvm-97d2c9.o(.text.New_PikaStdLib) referenced from lto-llvm-97d2c9.o(.text.New_PikaMain)
 <LI><a href="#[48]">New_PikaStdLib_MemChecker</a> from lto-llvm-97d2c9.o(.text.New_PikaStdLib_MemChecker) referenced from lto-llvm-97d2c9.o(.text.PikaStdLib_MemCheckerMethod)
 <LI><a href="#[4a]">New_PikaStdLib_RangeObj</a> from lto-llvm-97d2c9.o(.text.New_PikaStdLib_RangeObj) referenced from lto-llvm-97d2c9.o(.text.PikaStdLib_SysObj_iterMethod)
 <LI><a href="#[4a]">New_PikaStdLib_RangeObj</a> from lto-llvm-97d2c9.o(.text.New_PikaStdLib_RangeObj) referenced from lto-llvm-97d2c9.o(.text.PikaStdLib_SysObj_rangeMethod)
 <LI><a href="#[45]">New_PikaStdLib_SysObj</a> from lto-llvm-97d2c9.o(.text.New_PikaStdLib_SysObj) referenced from lto-llvm-97d2c9.o(.text.PikaStdData_Dict_updateMethod)
 <LI><a href="#[45]">New_PikaStdLib_SysObj</a> from lto-llvm-97d2c9.o(.text.New_PikaStdLib_SysObj) referenced from lto-llvm-97d2c9.o(.text.PikaStdLib_SysObjMethod)
 <LI><a href="#[45]">New_PikaStdLib_SysObj</a> from lto-llvm-97d2c9.o(.text.New_PikaStdLib_SysObj) referenced from lto-llvm-97d2c9.o(.text.VM_instruction_handler_IMP)
 <LI><a href="#[40]">New_TinyObj</a> from lto-llvm-97d2c9.o(.text.New_TinyObj) referenced from lto-llvm-97d2c9.o(.text.AST_parseSubStmt)
 <LI><a href="#[40]">New_TinyObj</a> from lto-llvm-97d2c9.o(.text.New_TinyObj) referenced from lto-llvm-97d2c9.o(.text.VM_instruction_handler_RUN)
 <LI><a href="#[40]">New_TinyObj</a> from lto-llvm-97d2c9.o(.text.New_TinyObj) referenced from lto-llvm-97d2c9.o(.text.__obj_shellLineHandler_REPL)
 <LI><a href="#[40]">New_TinyObj</a> from lto-llvm-97d2c9.o(.text.New_TinyObj) referenced from lto-llvm-97d2c9.o(.text.main)
 <LI><a href="#[b]">PVD_IRQHandler</a> from startup_stm32f103xb.o(.text) referenced from startup_stm32f103xb.o(RESET)
 <LI><a href="#[8]">PendSV_Handler</a> from lto-llvm-97d2c9.o(.text.PendSV_Handler) referenced from startup_stm32f103xb.o(RESET)
 <LI><a href="#[5b]">PikaStdData_Dict___contains__Method</a> from lto-llvm-97d2c9.o(.text.PikaStdData_Dict___contains__Method) referenced from lto-llvm-97d2c9.o(.rodata.PikaStdData_Dict___contains__Prop)
 <LI><a href="#[5c]">PikaStdData_Dict___del__Method</a> from lto-llvm-97d2c9.o(.text.PikaStdData_Dict___del__Method) referenced from lto-llvm-97d2c9.o(.rodata.PikaStdData_Dict___del__Prop)
 <LI><a href="#[5d]">PikaStdData_Dict___getitem__Method</a> from lto-llvm-97d2c9.o(.text.PikaStdData_Dict___getitem__Method) referenced from lto-llvm-97d2c9.o(.rodata.PikaStdData_Dict___getitem__Prop)
 <LI><a href="#[5e]">PikaStdData_Dict___init__Method</a> from lto-llvm-97d2c9.o(.text.PikaStdData_Dict___init__Method) referenced from lto-llvm-97d2c9.o(.rodata.PikaStdData_Dict___init__Prop)
 <LI><a href="#[5f]">PikaStdData_Dict___iter__Method</a> from lto-llvm-97d2c9.o(.text.PikaStdData_Dict___iter__Method) referenced from lto-llvm-97d2c9.o(.rodata.PikaStdData_Dict___iter__Prop)
 <LI><a href="#[60]">PikaStdData_Dict___len__Method</a> from lto-llvm-97d2c9.o(.text.PikaStdData_Dict___len__Method) referenced from lto-llvm-97d2c9.o(.rodata.PikaStdData_Dict___len__Prop)
 <LI><a href="#[61]">PikaStdData_Dict___next__Method</a> from lto-llvm-97d2c9.o(.text.PikaStdData_Dict___next__Method) referenced from lto-llvm-97d2c9.o(.rodata.PikaStdData_Dict___next__Prop)
 <LI><a href="#[62]">PikaStdData_Dict___setitem__Method</a> from lto-llvm-97d2c9.o(.text.PikaStdData_Dict___setitem__Method) referenced from lto-llvm-97d2c9.o(.rodata.PikaStdData_Dict___setitem__Prop)
 <LI><a href="#[63]">PikaStdData_Dict___str__Method</a> from lto-llvm-97d2c9.o(.text.PikaStdData_Dict___str__Method) referenced from lto-llvm-97d2c9.o(.rodata.PikaStdData_Dict___str__Prop)
 <LI><a href="#[64]">PikaStdData_Dict_getMethod</a> from lto-llvm-97d2c9.o(.text.PikaStdData_Dict_getMethod) referenced from lto-llvm-97d2c9.o(.rodata.PikaStdData_Dict_getProp)
 <LI><a href="#[65]">PikaStdData_Dict_itemsMethod</a> from lto-llvm-97d2c9.o(.text.PikaStdData_Dict_itemsMethod) referenced from lto-llvm-97d2c9.o(.rodata.PikaStdData_Dict_itemsProp)
 <LI><a href="#[66]">PikaStdData_Dict_keysMethod</a> from lto-llvm-97d2c9.o(.text.PikaStdData_Dict_keysMethod) referenced from lto-llvm-97d2c9.o(.rodata.PikaStdData_Dict_keysProp)
 <LI><a href="#[67]">PikaStdData_Dict_removeMethod</a> from lto-llvm-97d2c9.o(.text.PikaStdData_Dict_removeMethod) referenced from lto-llvm-97d2c9.o(.rodata.PikaStdData_Dict_removeProp)
 <LI><a href="#[68]">PikaStdData_Dict_setMethod</a> from lto-llvm-97d2c9.o(.text.PikaStdData_Dict_setMethod) referenced from lto-llvm-97d2c9.o(.rodata.PikaStdData_Dict_setProp)
 <LI><a href="#[69]">PikaStdData_Dict_updateMethod</a> from lto-llvm-97d2c9.o(.text.PikaStdData_Dict_updateMethod) referenced from lto-llvm-97d2c9.o(.rodata.PikaStdData_Dict_updateProp)
 <LI><a href="#[6a]">PikaStdData_Tuple___contains__Method</a> from lto-llvm-97d2c9.o(.text.PikaStdData_Tuple___contains__Method) referenced from lto-llvm-97d2c9.o(.rodata.PikaStdData_Tuple___contains__Prop)
 <LI><a href="#[6b]">PikaStdData_Tuple___del__Method</a> from lto-llvm-97d2c9.o(.text.PikaStdData_Tuple___del__Method) referenced from lto-llvm-97d2c9.o(.rodata.PikaStdData_Tuple___del__Prop)
 <LI><a href="#[6c]">PikaStdData_Tuple___getitem__Method</a> from lto-llvm-97d2c9.o(.text.PikaStdData_Tuple___getitem__Method) referenced from lto-llvm-97d2c9.o(.rodata.PikaStdData_Tuple___getitem__Prop)
 <LI><a href="#[6d]">PikaStdData_Tuple___init__Method</a> from lto-llvm-97d2c9.o(.text.PikaStdData_Tuple___init__Method) referenced from lto-llvm-97d2c9.o(.rodata.PikaStdData_Tuple___init__Prop)
 <LI><a href="#[6e]">PikaStdData_Tuple___iter__Method</a> from lto-llvm-97d2c9.o(.text.PikaStdData_Tuple___iter__Method) referenced from lto-llvm-97d2c9.o(.rodata.PikaStdData_Tuple___iter__Prop)
 <LI><a href="#[6f]">PikaStdData_Tuple___len__Method</a> from lto-llvm-97d2c9.o(.text.PikaStdData_Tuple___len__Method) referenced from lto-llvm-97d2c9.o(.rodata.PikaStdData_Tuple___len__Prop)
 <LI><a href="#[70]">PikaStdData_Tuple___next__Method</a> from lto-llvm-97d2c9.o(.text.PikaStdData_Tuple___next__Method) referenced from lto-llvm-97d2c9.o(.rodata.PikaStdData_Tuple___next__Prop)
 <LI><a href="#[71]">PikaStdData_Tuple___str__Method</a> from lto-llvm-97d2c9.o(.text.PikaStdData_Tuple___str__Method) referenced from lto-llvm-97d2c9.o(.rodata.PikaStdData_Tuple___str__Prop)
 <LI><a href="#[72]">PikaStdData_Tuple_getMethod</a> from lto-llvm-97d2c9.o(.text.PikaStdData_Tuple_getMethod) referenced from lto-llvm-97d2c9.o(.rodata.PikaStdData_Tuple_getProp)
 <LI><a href="#[73]">PikaStdData_Tuple_lenMethod</a> from lto-llvm-97d2c9.o(.text.PikaStdData_Tuple_lenMethod) referenced from lto-llvm-97d2c9.o(.rodata.PikaStdData_Tuple_lenProp)
 <LI><a href="#[74]">PikaStdData_dict_items___iter__Method</a> from lto-llvm-97d2c9.o(.text.PikaStdData_dict_items___iter__Method) referenced from lto-llvm-97d2c9.o(.rodata.PikaStdData_dict_items___iter__Prop)
 <LI><a href="#[75]">PikaStdData_dict_items___len__Method</a> from lto-llvm-97d2c9.o(.text.PikaStdData_dict_items___len__Method) referenced from lto-llvm-97d2c9.o(.rodata.PikaStdData_dict_items___len__Prop)
 <LI><a href="#[76]">PikaStdData_dict_items___next__Method</a> from lto-llvm-97d2c9.o(.text.PikaStdData_dict_items___next__Method) referenced from lto-llvm-97d2c9.o(.rodata.PikaStdData_dict_items___next__Prop)
 <LI><a href="#[77]">PikaStdData_dict_items___str__Method</a> from lto-llvm-97d2c9.o(.text.PikaStdData_dict_items___str__Method) referenced from lto-llvm-97d2c9.o(.rodata.PikaStdData_dict_items___str__Prop)
 <LI><a href="#[78]">PikaStdData_dict_keys___iter__Method</a> from lto-llvm-97d2c9.o(.text.PikaStdData_dict_keys___iter__Method) referenced from lto-llvm-97d2c9.o(.rodata.PikaStdData_dict_keys___iter__Prop)
 <LI><a href="#[79]">PikaStdData_dict_keys___len__Method</a> from lto-llvm-97d2c9.o(.text.PikaStdData_dict_keys___len__Method) referenced from lto-llvm-97d2c9.o(.rodata.PikaStdData_dict_keys___len__Prop)
 <LI><a href="#[7a]">PikaStdData_dict_keys___next__Method</a> from lto-llvm-97d2c9.o(.text.PikaStdData_dict_keys___next__Method) referenced from lto-llvm-97d2c9.o(.rodata.PikaStdData_dict_keys___next__Prop)
 <LI><a href="#[7b]">PikaStdData_dict_keys___str__Method</a> from lto-llvm-97d2c9.o(.text.PikaStdData_dict_keys___str__Method) referenced from lto-llvm-97d2c9.o(.rodata.PikaStdData_dict_keys___str__Prop)
 <LI><a href="#[7c]">PikaStdLib_MemCheckerMethod</a> from lto-llvm-97d2c9.o(.text.PikaStdLib_MemCheckerMethod) referenced from lto-llvm-97d2c9.o(.rodata.PikaStdLib_MemCheckerProp)
 <LI><a href="#[7d]">PikaStdLib_MemChecker_maxMethod</a> from lto-llvm-97d2c9.o(.text.PikaStdLib_MemChecker_maxMethod) referenced from lto-llvm-97d2c9.o(.rodata.PikaStdLib_MemChecker_maxProp)
 <LI><a href="#[7e]">PikaStdLib_MemChecker_nowMethod</a> from lto-llvm-97d2c9.o(.text.PikaStdLib_MemChecker_nowMethod) referenced from lto-llvm-97d2c9.o(.rodata.PikaStdLib_MemChecker_nowProp)
 <LI><a href="#[7f]">PikaStdLib_RangeObj___next__Method</a> from lto-llvm-97d2c9.o(.text.PikaStdLib_RangeObj___next__Method) referenced from lto-llvm-97d2c9.o(.rodata.PikaStdLib_RangeObj___next__Prop)
 <LI><a href="#[80]">PikaStdLib_SysObjMethod</a> from lto-llvm-97d2c9.o(.text.PikaStdLib_SysObjMethod) referenced from lto-llvm-97d2c9.o(.rodata.PikaStdLib_SysObjProp)
 <LI><a href="#[81]">PikaStdLib_SysObj___getitem__Method</a> from lto-llvm-97d2c9.o(.text.PikaStdLib_SysObj___getitem__Method) referenced from lto-llvm-97d2c9.o(.rodata.PikaStdLib_SysObj___getitem__Prop)
 <LI><a href="#[82]">PikaStdLib_SysObj___setitem__Method</a> from lto-llvm-97d2c9.o(.text.PikaStdLib_SysObj___setitem__Method) referenced from lto-llvm-97d2c9.o(.rodata.PikaStdLib_SysObj___setitem__Prop)
 <LI><a href="#[83]">PikaStdLib_SysObj_floatMethod</a> from lto-llvm-97d2c9.o(.text.PikaStdLib_SysObj_floatMethod) referenced from lto-llvm-97d2c9.o(.rodata.PikaStdLib_SysObj_floatProp)
 <LI><a href="#[84]">PikaStdLib_SysObj_intMethod</a> from lto-llvm-97d2c9.o(.text.PikaStdLib_SysObj_intMethod) referenced from lto-llvm-97d2c9.o(.rodata.PikaStdLib_SysObj_intProp)
 <LI><a href="#[85]">PikaStdLib_SysObj_iterMethod</a> from lto-llvm-97d2c9.o(.text.PikaStdLib_SysObj_iterMethod) referenced from lto-llvm-97d2c9.o(.rodata.PikaStdLib_SysObj_iterProp)
 <LI><a href="#[86]">PikaStdLib_SysObj_lenMethod</a> from lto-llvm-97d2c9.o(.text.PikaStdLib_SysObj_lenMethod) referenced from lto-llvm-97d2c9.o(.rodata.PikaStdLib_SysObj_lenProp)
 <LI><a href="#[87]">PikaStdLib_SysObj_printMethod</a> from lto-llvm-97d2c9.o(.text.PikaStdLib_SysObj_printMethod) referenced from lto-llvm-97d2c9.o(.rodata.PikaStdLib_SysObj_printProp)
 <LI><a href="#[88]">PikaStdLib_SysObj_rangeMethod</a> from lto-llvm-97d2c9.o(.text.PikaStdLib_SysObj_rangeMethod) referenced from lto-llvm-97d2c9.o(.rodata.PikaStdLib_SysObj_rangeProp)
 <LI><a href="#[89]">PikaStdLib_SysObj_strMethod</a> from lto-llvm-97d2c9.o(.text.PikaStdLib_SysObj_strMethod) referenced from lto-llvm-97d2c9.o(.rodata.PikaStdLib_SysObj_strProp)
 <LI><a href="#[f]">RCC_IRQHandler</a> from startup_stm32f103xb.o(.text) referenced from startup_stm32f103xb.o(RESET)
 <LI><a href="#[33]">RTC_Alarm_IRQHandler</a> from startup_stm32f103xb.o(.text) referenced from startup_stm32f103xb.o(RESET)
 <LI><a href="#[d]">RTC_IRQHandler</a> from startup_stm32f103xb.o(.text) referenced from startup_stm32f103xb.o(RESET)
 <LI><a href="#[0]">Reset_Handler</a> from startup_stm32f103xb.o(.text) referenced from startup_stm32f103xb.o(RESET)
 <LI><a href="#[2d]">SPI1_IRQHandler</a> from startup_stm32f103xb.o(.text) referenced from startup_stm32f103xb.o(RESET)
 <LI><a href="#[2e]">SPI2_IRQHandler</a> from startup_stm32f103xb.o(.text) referenced from startup_stm32f103xb.o(RESET)
 <LI><a href="#[6]">SVC_Handler</a> from lto-llvm-97d2c9.o(.text.SVC_Handler) referenced from startup_stm32f103xb.o(RESET)
 <LI><a href="#[9]">SysTick_Handler</a> from lto-llvm-97d2c9.o(.text.SysTick_Handler) referenced from startup_stm32f103xb.o(RESET)
 <LI><a href="#[36]">SystemInit</a> from lto-llvm-97d2c9.o(.text.SystemInit) referenced from startup_stm32f103xb.o(.text)
 <LI><a href="#[c]">TAMPER_IRQHandler</a> from startup_stm32f103xb.o(.text) referenced from startup_stm32f103xb.o(RESET)
 <LI><a href="#[22]">TIM1_BRK_IRQHandler</a> from startup_stm32f103xb.o(.text) referenced from startup_stm32f103xb.o(RESET)
 <LI><a href="#[25]">TIM1_CC_IRQHandler</a> from startup_stm32f103xb.o(.text) referenced from startup_stm32f103xb.o(RESET)
 <LI><a href="#[24]">TIM1_TRG_COM_IRQHandler</a> from startup_stm32f103xb.o(.text) referenced from startup_stm32f103xb.o(RESET)
 <LI><a href="#[23]">TIM1_UP_IRQHandler</a> from startup_stm32f103xb.o(.text) referenced from startup_stm32f103xb.o(RESET)
 <LI><a href="#[26]">TIM2_IRQHandler</a> from startup_stm32f103xb.o(.text) referenced from startup_stm32f103xb.o(RESET)
 <LI><a href="#[27]">TIM3_IRQHandler</a> from startup_stm32f103xb.o(.text) referenced from startup_stm32f103xb.o(RESET)
 <LI><a href="#[28]">TIM4_IRQHandler</a> from startup_stm32f103xb.o(.text) referenced from startup_stm32f103xb.o(RESET)
 <LI><a href="#[41]">UART_DMAAbortOnError</a> from lto-llvm-97d2c9.o(.text.UART_DMAAbortOnError) referenced from lto-llvm-97d2c9.o(.text.HAL_UART_IRQHandler)
 <LI><a href="#[2f]">USART1_IRQHandler</a> from lto-llvm-97d2c9.o(.text.USART1_IRQHandler) referenced from startup_stm32f103xb.o(RESET)
 <LI><a href="#[30]">USART2_IRQHandler</a> from lto-llvm-97d2c9.o(.text.USART2_IRQHandler) referenced from startup_stm32f103xb.o(RESET)
 <LI><a href="#[31]">USART3_IRQHandler</a> from lto-llvm-97d2c9.o(.text.USART3_IRQHandler) referenced from startup_stm32f103xb.o(RESET)
 <LI><a href="#[34]">USBWakeUp_IRQHandler</a> from startup_stm32f103xb.o(.text) referenced from startup_stm32f103xb.o(RESET)
 <LI><a href="#[1d]">USB_HP_CAN1_TX_IRQHandler</a> from startup_stm32f103xb.o(.text) referenced from startup_stm32f103xb.o(RESET)
 <LI><a href="#[1e]">USB_LP_CAN1_RX0_IRQHandler</a> from startup_stm32f103xb.o(.text) referenced from startup_stm32f103xb.o(RESET)
 <LI><a href="#[5]">UsageFault_Handler</a> from lto-llvm-97d2c9.o(.text.UsageFault_Handler) referenced from startup_stm32f103xb.o(RESET)
 <LI><a href="#[a8]">VM_instruction_handler_ASS</a> from lto-llvm-97d2c9.o(.text.VM_instruction_handler_ASS) referenced from lto-llvm-97d2c9.o(.rodata.VM_instruct_handler_table)
 <LI><a href="#[98]">VM_instruction_handler_BRK</a> from lto-llvm-97d2c9.o(.text.VM_instruction_handler_BRK) referenced from lto-llvm-97d2c9.o(.rodata.VM_instruct_handler_table)
 <LI><a href="#[9e]">VM_instruction_handler_BYT</a> from lto-llvm-97d2c9.o(.text.VM_instruction_handler_BYT) referenced from lto-llvm-97d2c9.o(.rodata.VM_instruct_handler_table)
 <LI><a href="#[9d]">VM_instruction_handler_CLS</a> from lto-llvm-97d2c9.o(.text.VM_instruction_handler_CLS) referenced from lto-llvm-97d2c9.o(.rodata.VM_instruct_handler_table)
 <LI><a href="#[99]">VM_instruction_handler_CTN</a> from lto-llvm-97d2c9.o(.text.VM_instruction_handler_CTN) referenced from lto-llvm-97d2c9.o(.rodata.VM_instruct_handler_table)
 <LI><a href="#[a6]">VM_instruction_handler_DCT</a> from lto-llvm-97d2c9.o(.text.VM_instruction_handler_DCT) referenced from lto-llvm-97d2c9.o(.rodata.VM_instruct_handler_table)
 <LI><a href="#[93]">VM_instruction_handler_DEF</a> from lto-llvm-97d2c9.o(.text.VM_instruction_handler_DEF) referenced from lto-llvm-97d2c9.o(.rodata.VM_instruct_handler_table)
 <LI><a href="#[96]">VM_instruction_handler_DEL</a> from lto-llvm-97d2c9.o(.text.VM_instruction_handler_DEL) referenced from lto-llvm-97d2c9.o(.rodata.VM_instruct_handler_table)
 <LI><a href="#[97]">VM_instruction_handler_EST</a> from lto-llvm-97d2c9.o(.text.VM_instruction_handler_EST) referenced from lto-llvm-97d2c9.o(.rodata.VM_instruct_handler_table)
 <LI><a href="#[a9]">VM_instruction_handler_EXP</a> from lto-llvm-97d2c9.o(.text.VM_instruction_handler_EXP) referenced from lto-llvm-97d2c9.o(.rodata.VM_instruct_handler_table)
 <LI><a href="#[a4]">VM_instruction_handler_GER</a> from lto-llvm-97d2c9.o(.text.VM_instruction_handler_GER) referenced from lto-llvm-97d2c9.o(.rodata.VM_instruct_handler_table)
 <LI><a href="#[9a]">VM_instruction_handler_GLB</a> from lto-llvm-97d2c9.o(.text.VM_instruction_handler_GLB) referenced from lto-llvm-97d2c9.o(.rodata.VM_instruct_handler_table)
 <LI><a href="#[a0]">VM_instruction_handler_IMP</a> from lto-llvm-97d2c9.o(.text.VM_instruction_handler_IMP) referenced from lto-llvm-97d2c9.o(.rodata.VM_instruct_handler_table)
 <LI><a href="#[91]">VM_instruction_handler_JEZ</a> from lto-llvm-97d2c9.o(.text.VM_instruction_handler_JEZ) referenced from lto-llvm-97d2c9.o(.rodata.VM_instruct_handler_table)
 <LI><a href="#[90]">VM_instruction_handler_JMP</a> from lto-llvm-97d2c9.o(.text.VM_instruction_handler_JMP) referenced from lto-llvm-97d2c9.o(.rodata.VM_instruct_handler_table)
 <LI><a href="#[aa]">VM_instruction_handler_JNZ</a> from lto-llvm-97d2c9.o(.text.VM_instruction_handler_JNZ) referenced from lto-llvm-97d2c9.o(.rodata.VM_instruct_handler_table)
 <LI><a href="#[9f]">VM_instruction_handler_LST</a> from lto-llvm-97d2c9.o(.text.VM_instruction_handler_LST) referenced from lto-llvm-97d2c9.o(.rodata.VM_instruct_handler_table)
 <LI><a href="#[95]">VM_instruction_handler_NEL</a> from lto-llvm-97d2c9.o(.text.VM_instruction_handler_NEL) referenced from lto-llvm-97d2c9.o(.rodata.VM_instruct_handler_table)
 <LI><a href="#[9c]">VM_instruction_handler_NEW</a> from lto-llvm-97d2c9.o(.text.VM_instruction_handler_NEW) referenced from lto-llvm-97d2c9.o(.rodata.VM_instruct_handler_table)
 <LI><a href="#[8a]">VM_instruction_handler_NON</a> from lto-llvm-97d2c9.o(.text.VM_instruction_handler_NON) referenced from lto-llvm-97d2c9.o(.rodata.VM_instruct_handler_table)
 <LI><a href="#[a2]">VM_instruction_handler_NTR</a> from lto-llvm-97d2c9.o(.text.VM_instruction_handler_NTR) referenced from lto-llvm-97d2c9.o(.rodata.VM_instruct_handler_table)
 <LI><a href="#[8f]">VM_instruction_handler_NUM</a> from lto-llvm-97d2c9.o(.text.VM_instruction_handler_NUM) referenced from lto-llvm-97d2c9.o(.rodata.VM_instruct_handler_table)
 <LI><a href="#[92]">VM_instruction_handler_OPT</a> from lto-llvm-97d2c9.o(.text.VM_instruction_handler_OPT) referenced from lto-llvm-97d2c9.o(.rodata.VM_instruct_handler_table)
 <LI><a href="#[8e]">VM_instruction_handler_OUT</a> from lto-llvm-97d2c9.o(.text.VM_instruction_handler_OUT) referenced from lto-llvm-97d2c9.o(.rodata.VM_instruct_handler_table)
 <LI><a href="#[9b]">VM_instruction_handler_RAS</a> from lto-llvm-97d2c9.o(.text.VM_instruction_handler_RAS) referenced from lto-llvm-97d2c9.o(.rodata.VM_instruct_handler_table)
 <LI><a href="#[8b]">VM_instruction_handler_REF</a> from lto-llvm-97d2c9.o(.text.VM_instruction_handler_REF) referenced from lto-llvm-97d2c9.o(.rodata.VM_instruct_handler_table)
 <LI><a href="#[94]">VM_instruction_handler_RET</a> from lto-llvm-97d2c9.o(.text.VM_instruction_handler_RET) referenced from lto-llvm-97d2c9.o(.rodata.VM_instruct_handler_table)
 <LI><a href="#[a3]">VM_instruction_handler_RIS</a> from lto-llvm-97d2c9.o(.text.VM_instruction_handler_RIS) referenced from lto-llvm-97d2c9.o(.rodata.VM_instruct_handler_table)
 <LI><a href="#[8c]">VM_instruction_handler_RUN</a> from lto-llvm-97d2c9.o(.text.VM_instruction_handler_RUN) referenced from lto-llvm-97d2c9.o(.rodata.VM_instruct_handler_table)
 <LI><a href="#[a5]">VM_instruction_handler_SER</a> from lto-llvm-97d2c9.o(.text.VM_instruction_handler_SER) referenced from lto-llvm-97d2c9.o(.rodata.VM_instruct_handler_table)
 <LI><a href="#[a7]">VM_instruction_handler_SLC</a> from lto-llvm-97d2c9.o(.text.VM_instruction_handler_SLC) referenced from lto-llvm-97d2c9.o(.rodata.VM_instruct_handler_table)
 <LI><a href="#[8d]">VM_instruction_handler_STR</a> from lto-llvm-97d2c9.o(.text.VM_instruction_handler_STR) referenced from lto-llvm-97d2c9.o(.rodata.VM_instruct_handler_table)
 <LI><a href="#[a1]">VM_instruction_handler_TRY</a> from lto-llvm-97d2c9.o(.text.VM_instruction_handler_TRY) referenced from lto-llvm-97d2c9.o(.rodata.VM_instruct_handler_table)
 <LI><a href="#[a]">WWDG_IRQHandler</a> from startup_stm32f103xb.o(.text) referenced from startup_stm32f103xb.o(RESET)
 <LI><a href="#[37]">__main</a> from entry.o(.ARM.Collect$$$$00000000) referenced from startup_stm32f103xb.o(.text)
 <LI><a href="#[ab]">__obj_shellLineHandler_REPL</a> from lto-llvm-97d2c9.o(.text.__obj_shellLineHandler_REPL) referenced from lto-llvm-97d2c9.o(.data.g_repl_shell)
 <LI><a href="#[57]">__platform_getchar</a> from lto-llvm-97d2c9.o(.text.__platform_getchar) referenced from lto-llvm-97d2c9.o(.text.main)
 <LI><a href="#[52]">__platform_printf</a> from lto-llvm-97d2c9.o(.text.__platform_printf) referenced from lto-llvm-97d2c9.o(.text.__platform_sprintf)
 <LI><a href="#[52]">__platform_printf</a> from lto-llvm-97d2c9.o(.text.__platform_printf) referenced from lto-llvm-97d2c9.o(.text.main)
 <LI><a href="#[52]">__platform_printf</a> from lto-llvm-97d2c9.o(.text.__platform_printf) referenced from lto-llvm-97d2c9.o(.text.stack_pushPyload)
 <LI><a href="#[39]">_sbackspace</a> from _sgetc.o(.text) referenced from strtod.o(.text)
 <LI><a href="#[38]">_sgetc</a> from _sgetc.o(.text) referenced from strtod.o(.text)
 <LI><a href="#[5a]">_snputc</a> from printfa.o(i._snputc) referenced from printfa.o(i.__0vsnprintf)
 <LI><a href="#[3f]">arg_deinit</a> from lto-llvm-97d2c9.o(.text.arg_deinit) referenced from lto-llvm-97d2c9.o(.text.AST_parseStmt)
 <LI><a href="#[4c]">arg_getInt</a> from lto-llvm-97d2c9.o(.text.arg_getInt) referenced from lto-llvm-97d2c9.o(.text.PikaStdLib_SysObj_rangeMethod)
 <LI><a href="#[3d]">arg_getStr</a> from lto-llvm-97d2c9.o(.text.arg_getStr) referenced from lto-llvm-97d2c9.o(.text.AST_parseStmt)
 <LI><a href="#[3c]">arg_newStr.147</a> from lto-llvm-97d2c9.o(.text.arg_newStr.147) referenced from lto-llvm-97d2c9.o(.text.AST_parseStmt)
 <LI><a href="#[3e]">arg_strAppend</a> from lto-llvm-97d2c9.o(.text.arg_strAppend) referenced from lto-llvm-97d2c9.o(.text.AST_parseStmt)
 <LI><a href="#[3e]">arg_strAppend</a> from lto-llvm-97d2c9.o(.text.arg_strAppend) referenced from lto-llvm-97d2c9.o(.text.PikaStdData_Dict___str__Method)
 <LI><a href="#[3e]">arg_strAppend</a> from lto-llvm-97d2c9.o(.text.arg_strAppend) referenced from lto-llvm-97d2c9.o(.text.__obj_shellLineHandler_REPL)
 <LI><a href="#[49]">args_getNode</a> from lto-llvm-97d2c9.o(.text.args_getNode) referenced from lto-llvm-97d2c9.o(.text.PikaStdLib_SysObj___setitem__Method)
 <LI><a href="#[53]">byteCodeFrame_deinit</a> from lto-llvm-97d2c9.o(.text.byteCodeFrame_deinit) referenced from lto-llvm-97d2c9.o(.text._cache_bytecodeframe)
 <LI><a href="#[59]">fputc</a> from lto-llvm-97d2c9.o(.text.fputc) referenced from printfa.o(i.__0vprintf)
 <LI><a href="#[3a]">isspace</a> from isspace_o.o(.text) referenced from strtod.o(.text)
 <LI><a href="#[35]">main</a> from lto-llvm-97d2c9.o(.text.main) referenced from entry9a.o(.ARM.Collect$$$$0000000B)
 <LI><a href="#[51]">obj_getInt</a> from lto-llvm-97d2c9.o(.text.obj_getInt) referenced from lto-llvm-97d2c9.o(.text.__obj_shellLineHandler_REPL)
 <LI><a href="#[46]">obj_getPtr</a> from lto-llvm-97d2c9.o(.text.obj_getPtr) referenced from lto-llvm-97d2c9.o(.text.PikaStdData_dict_items___next__)
 <LI><a href="#[4b]">pikaList_getArg</a> from lto-llvm-97d2c9.o(.text.pikaList_getArg) referenced from lto-llvm-97d2c9.o(.text.PikaStdLib_SysObj_rangeMethod)
 <LI><a href="#[4d]">strCountSign</a> from lto-llvm-97d2c9.o(.text.strCountSign) referenced from lto-llvm-97d2c9.o(.text.VMState_loadArgsFromMethodArg)
 <LI><a href="#[58]">strlen</a> from strlen.o(.text) referenced from lto-llvm-97d2c9.o(.text.strsAppend)
 <LI><a href="#[3b]">strsAppend</a> from lto-llvm-97d2c9.o(.text.strsAppend) referenced from lto-llvm-97d2c9.o(.text.ASM_addBlockDeepth)
 <LI><a href="#[3b]">strsAppend</a> from lto-llvm-97d2c9.o(.text.strsAppend) referenced from lto-llvm-97d2c9.o(.text.__obj_shellLineHandler_REPL)
 <LI><a href="#[50]">strsPopToken</a> from lto-llvm-97d2c9.o(.text.strsPopToken) referenced from lto-llvm-97d2c9.o(.text.__obj_shellLineHandler_REPL)
 <LI><a href="#[4f]">strsReplace</a> from lto-llvm-97d2c9.o(.text.strsReplace) referenced from lto-llvm-97d2c9.o(.text.__get_transferd_str)
</UL>
<P>
<H3>
Global Symbols
</H3>
<P><STRONG><a name="[37]"></a>__main</STRONG> (Thumb, 0 bytes, Stack size unknown bytes, entry.o(.ARM.Collect$$$$00000000))
<BR>[Address Reference Count : 1]<UL><LI> startup_stm32f103xb.o(.text)
</UL>
<P><STRONG><a name="[1fe]"></a>_main_stk</STRONG> (Thumb, 0 bytes, Stack size unknown bytes, entry2.o(.ARM.Collect$$$$00000001))

<P><STRONG><a name="[ac]"></a>_main_scatterload</STRONG> (Thumb, 0 bytes, Stack size unknown bytes, entry5.o(.ARM.Collect$$$$00000004))
<BR><BR>[Calls]<UL><LI><a href="#[ad]">&gt;&gt;</a>&nbsp;&nbsp;&nbsp;__scatterload
</UL>

<P><STRONG><a name="[c3]"></a>__main_after_scatterload</STRONG> (Thumb, 0 bytes, Stack size unknown bytes, entry5.o(.ARM.Collect$$$$00000004))
<BR><BR>[Called By]<UL><LI><a href="#[ad]">&gt;&gt;</a>&nbsp;&nbsp;&nbsp;__scatterload
</UL>

<P><STRONG><a name="[1ff]"></a>_main_clock</STRONG> (Thumb, 0 bytes, Stack size unknown bytes, entry7b.o(.ARM.Collect$$$$00000008))

<P><STRONG><a name="[200]"></a>_main_cpp_init</STRONG> (Thumb, 0 bytes, Stack size unknown bytes, entry8b.o(.ARM.Collect$$$$0000000A))

<P><STRONG><a name="[201]"></a>_main_init</STRONG> (Thumb, 0 bytes, Stack size unknown bytes, entry9a.o(.ARM.Collect$$$$0000000B))

<P><STRONG><a name="[202]"></a>__rt_final_cpp</STRONG> (Thumb, 0 bytes, Stack size unknown bytes, entry10a.o(.ARM.Collect$$$$0000000D))

<P><STRONG><a name="[203]"></a>__rt_final_exit</STRONG> (Thumb, 0 bytes, Stack size unknown bytes, entry11a.o(.ARM.Collect$$$$0000000F))

<P><STRONG><a name="[0]"></a>Reset_Handler</STRONG> (Thumb, 8 bytes, Stack size 0 bytes, startup_stm32f103xb.o(.text))
<BR>[Address Reference Count : 1]<UL><LI> startup_stm32f103xb.o(RESET)
</UL>
<P><STRONG><a name="[1c]"></a>ADC1_2_IRQHandler</STRONG> (Thumb, 0 bytes, Stack size 0 bytes, startup_stm32f103xb.o(.text))
<BR><BR>[Calls]<UL><LI><a href="#[1c]">&gt;&gt;</a>&nbsp;&nbsp;&nbsp;ADC1_2_IRQHandler
</UL>
<BR>[Called By]<UL><LI><a href="#[1c]">&gt;&gt;</a>&nbsp;&nbsp;&nbsp;ADC1_2_IRQHandler
</UL>
<BR>[Address Reference Count : 1]<UL><LI> startup_stm32f103xb.o(RESET)
</UL>
<P><STRONG><a name="[1f]"></a>CAN1_RX1_IRQHandler</STRONG> (Thumb, 0 bytes, Stack size 0 bytes, startup_stm32f103xb.o(.text))
<BR>[Address Reference Count : 1]<UL><LI> startup_stm32f103xb.o(RESET)
</UL>
<P><STRONG><a name="[20]"></a>CAN1_SCE_IRQHandler</STRONG> (Thumb, 0 bytes, Stack size 0 bytes, startup_stm32f103xb.o(.text))
<BR>[Address Reference Count : 1]<UL><LI> startup_stm32f103xb.o(RESET)
</UL>
<P><STRONG><a name="[15]"></a>DMA1_Channel1_IRQHandler</STRONG> (Thumb, 0 bytes, Stack size 0 bytes, startup_stm32f103xb.o(.text))
<BR>[Address Reference Count : 1]<UL><LI> startup_stm32f103xb.o(RESET)
</UL>
<P><STRONG><a name="[16]"></a>DMA1_Channel2_IRQHandler</STRONG> (Thumb, 0 bytes, Stack size 0 bytes, startup_stm32f103xb.o(.text))
<BR>[Address Reference Count : 1]<UL><LI> startup_stm32f103xb.o(RESET)
</UL>
<P><STRONG><a name="[17]"></a>DMA1_Channel3_IRQHandler</STRONG> (Thumb, 0 bytes, Stack size 0 bytes, startup_stm32f103xb.o(.text))
<BR>[Address Reference Count : 1]<UL><LI> startup_stm32f103xb.o(RESET)
</UL>
<P><STRONG><a name="[18]"></a>DMA1_Channel4_IRQHandler</STRONG> (Thumb, 0 bytes, Stack size 0 bytes, startup_stm32f103xb.o(.text))
<BR>[Address Reference Count : 1]<UL><LI> startup_stm32f103xb.o(RESET)
</UL>
<P><STRONG><a name="[19]"></a>DMA1_Channel5_IRQHandler</STRONG> (Thumb, 0 bytes, Stack size 0 bytes, startup_stm32f103xb.o(.text))
<BR>[Address Reference Count : 1]<UL><LI> startup_stm32f103xb.o(RESET)
</UL>
<P><STRONG><a name="[1a]"></a>DMA1_Channel6_IRQHandler</STRONG> (Thumb, 0 bytes, Stack size 0 bytes, startup_stm32f103xb.o(.text))
<BR>[Address Reference Count : 1]<UL><LI> startup_stm32f103xb.o(RESET)
</UL>
<P><STRONG><a name="[1b]"></a>DMA1_Channel7_IRQHandler</STRONG> (Thumb, 0 bytes, Stack size 0 bytes, startup_stm32f103xb.o(.text))
<BR>[Address Reference Count : 1]<UL><LI> startup_stm32f103xb.o(RESET)
</UL>
<P><STRONG><a name="[10]"></a>EXTI0_IRQHandler</STRONG> (Thumb, 0 bytes, Stack size 0 bytes, startup_stm32f103xb.o(.text))
<BR>[Address Reference Count : 1]<UL><LI> startup_stm32f103xb.o(RESET)
</UL>
<P><STRONG><a name="[32]"></a>EXTI15_10_IRQHandler</STRONG> (Thumb, 0 bytes, Stack size 0 bytes, startup_stm32f103xb.o(.text))
<BR>[Address Reference Count : 1]<UL><LI> startup_stm32f103xb.o(RESET)
</UL>
<P><STRONG><a name="[11]"></a>EXTI1_IRQHandler</STRONG> (Thumb, 0 bytes, Stack size 0 bytes, startup_stm32f103xb.o(.text))
<BR>[Address Reference Count : 1]<UL><LI> startup_stm32f103xb.o(RESET)
</UL>
<P><STRONG><a name="[12]"></a>EXTI2_IRQHandler</STRONG> (Thumb, 0 bytes, Stack size 0 bytes, startup_stm32f103xb.o(.text))
<BR>[Address Reference Count : 1]<UL><LI> startup_stm32f103xb.o(RESET)
</UL>
<P><STRONG><a name="[13]"></a>EXTI3_IRQHandler</STRONG> (Thumb, 0 bytes, Stack size 0 bytes, startup_stm32f103xb.o(.text))
<BR>[Address Reference Count : 1]<UL><LI> startup_stm32f103xb.o(RESET)
</UL>
<P><STRONG><a name="[14]"></a>EXTI4_IRQHandler</STRONG> (Thumb, 0 bytes, Stack size 0 bytes, startup_stm32f103xb.o(.text))
<BR>[Address Reference Count : 1]<UL><LI> startup_stm32f103xb.o(RESET)
</UL>
<P><STRONG><a name="[21]"></a>EXTI9_5_IRQHandler</STRONG> (Thumb, 0 bytes, Stack size 0 bytes, startup_stm32f103xb.o(.text))
<BR>[Address Reference Count : 1]<UL><LI> startup_stm32f103xb.o(RESET)
</UL>
<P><STRONG><a name="[e]"></a>FLASH_IRQHandler</STRONG> (Thumb, 0 bytes, Stack size 0 bytes, startup_stm32f103xb.o(.text))
<BR>[Address Reference Count : 1]<UL><LI> startup_stm32f103xb.o(RESET)
</UL>
<P><STRONG><a name="[2a]"></a>I2C1_ER_IRQHandler</STRONG> (Thumb, 0 bytes, Stack size 0 bytes, startup_stm32f103xb.o(.text))
<BR>[Address Reference Count : 1]<UL><LI> startup_stm32f103xb.o(RESET)
</UL>
<P><STRONG><a name="[29]"></a>I2C1_EV_IRQHandler</STRONG> (Thumb, 0 bytes, Stack size 0 bytes, startup_stm32f103xb.o(.text))
<BR>[Address Reference Count : 1]<UL><LI> startup_stm32f103xb.o(RESET)
</UL>
<P><STRONG><a name="[2c]"></a>I2C2_ER_IRQHandler</STRONG> (Thumb, 0 bytes, Stack size 0 bytes, startup_stm32f103xb.o(.text))
<BR>[Address Reference Count : 1]<UL><LI> startup_stm32f103xb.o(RESET)
</UL>
<P><STRONG><a name="[2b]"></a>I2C2_EV_IRQHandler</STRONG> (Thumb, 0 bytes, Stack size 0 bytes, startup_stm32f103xb.o(.text))
<BR>[Address Reference Count : 1]<UL><LI> startup_stm32f103xb.o(RESET)
</UL>
<P><STRONG><a name="[b]"></a>PVD_IRQHandler</STRONG> (Thumb, 0 bytes, Stack size 0 bytes, startup_stm32f103xb.o(.text))
<BR>[Address Reference Count : 1]<UL><LI> startup_stm32f103xb.o(RESET)
</UL>
<P><STRONG><a name="[f]"></a>RCC_IRQHandler</STRONG> (Thumb, 0 bytes, Stack size 0 bytes, startup_stm32f103xb.o(.text))
<BR>[Address Reference Count : 1]<UL><LI> startup_stm32f103xb.o(RESET)
</UL>
<P><STRONG><a name="[33]"></a>RTC_Alarm_IRQHandler</STRONG> (Thumb, 0 bytes, Stack size 0 bytes, startup_stm32f103xb.o(.text))
<BR>[Address Reference Count : 1]<UL><LI> startup_stm32f103xb.o(RESET)
</UL>
<P><STRONG><a name="[d]"></a>RTC_IRQHandler</STRONG> (Thumb, 0 bytes, Stack size 0 bytes, startup_stm32f103xb.o(.text))
<BR>[Address Reference Count : 1]<UL><LI> startup_stm32f103xb.o(RESET)
</UL>
<P><STRONG><a name="[2d]"></a>SPI1_IRQHandler</STRONG> (Thumb, 0 bytes, Stack size 0 bytes, startup_stm32f103xb.o(.text))
<BR>[Address Reference Count : 1]<UL><LI> startup_stm32f103xb.o(RESET)
</UL>
<P><STRONG><a name="[2e]"></a>SPI2_IRQHandler</STRONG> (Thumb, 0 bytes, Stack size 0 bytes, startup_stm32f103xb.o(.text))
<BR>[Address Reference Count : 1]<UL><LI> startup_stm32f103xb.o(RESET)
</UL>
<P><STRONG><a name="[c]"></a>TAMPER_IRQHandler</STRONG> (Thumb, 0 bytes, Stack size 0 bytes, startup_stm32f103xb.o(.text))
<BR>[Address Reference Count : 1]<UL><LI> startup_stm32f103xb.o(RESET)
</UL>
<P><STRONG><a name="[22]"></a>TIM1_BRK_IRQHandler</STRONG> (Thumb, 0 bytes, Stack size 0 bytes, startup_stm32f103xb.o(.text))
<BR>[Address Reference Count : 1]<UL><LI> startup_stm32f103xb.o(RESET)
</UL>
<P><STRONG><a name="[25]"></a>TIM1_CC_IRQHandler</STRONG> (Thumb, 0 bytes, Stack size 0 bytes, startup_stm32f103xb.o(.text))
<BR>[Address Reference Count : 1]<UL><LI> startup_stm32f103xb.o(RESET)
</UL>
<P><STRONG><a name="[24]"></a>TIM1_TRG_COM_IRQHandler</STRONG> (Thumb, 0 bytes, Stack size 0 bytes, startup_stm32f103xb.o(.text))
<BR>[Address Reference Count : 1]<UL><LI> startup_stm32f103xb.o(RESET)
</UL>
<P><STRONG><a name="[23]"></a>TIM1_UP_IRQHandler</STRONG> (Thumb, 0 bytes, Stack size 0 bytes, startup_stm32f103xb.o(.text))
<BR>[Address Reference Count : 1]<UL><LI> startup_stm32f103xb.o(RESET)
</UL>
<P><STRONG><a name="[26]"></a>TIM2_IRQHandler</STRONG> (Thumb, 0 bytes, Stack size 0 bytes, startup_stm32f103xb.o(.text))
<BR>[Address Reference Count : 1]<UL><LI> startup_stm32f103xb.o(RESET)
</UL>
<P><STRONG><a name="[27]"></a>TIM3_IRQHandler</STRONG> (Thumb, 0 bytes, Stack size 0 bytes, startup_stm32f103xb.o(.text))
<BR>[Address Reference Count : 1]<UL><LI> startup_stm32f103xb.o(RESET)
</UL>
<P><STRONG><a name="[28]"></a>TIM4_IRQHandler</STRONG> (Thumb, 0 bytes, Stack size 0 bytes, startup_stm32f103xb.o(.text))
<BR>[Address Reference Count : 1]<UL><LI> startup_stm32f103xb.o(RESET)
</UL>
<P><STRONG><a name="[34]"></a>USBWakeUp_IRQHandler</STRONG> (Thumb, 0 bytes, Stack size 0 bytes, startup_stm32f103xb.o(.text))
<BR>[Address Reference Count : 1]<UL><LI> startup_stm32f103xb.o(RESET)
</UL>
<P><STRONG><a name="[1d]"></a>USB_HP_CAN1_TX_IRQHandler</STRONG> (Thumb, 0 bytes, Stack size 0 bytes, startup_stm32f103xb.o(.text))
<BR>[Address Reference Count : 1]<UL><LI> startup_stm32f103xb.o(RESET)
</UL>
<P><STRONG><a name="[1e]"></a>USB_LP_CAN1_RX0_IRQHandler</STRONG> (Thumb, 0 bytes, Stack size 0 bytes, startup_stm32f103xb.o(.text))
<BR>[Address Reference Count : 1]<UL><LI> startup_stm32f103xb.o(RESET)
</UL>
<P><STRONG><a name="[a]"></a>WWDG_IRQHandler</STRONG> (Thumb, 0 bytes, Stack size 0 bytes, startup_stm32f103xb.o(.text))
<BR>[Address Reference Count : 1]<UL><LI> startup_stm32f103xb.o(RESET)
</UL>
<P><STRONG><a name="[ae]"></a>__rt_ctype_table</STRONG> (Thumb, 4 bytes, Stack size 0 bytes, ctype_o.o(.text))
<BR><BR>[Called By]<UL><LI><a href="#[3a]">&gt;&gt;</a>&nbsp;&nbsp;&nbsp;isspace
<LI><a href="#[b0]">&gt;&gt;</a>&nbsp;&nbsp;&nbsp;__strtoll
</UL>

<P><STRONG><a name="[3a]"></a>isspace</STRONG> (Thumb, 18 bytes, Stack size 8 bytes, isspace_o.o(.text))
<BR><BR>[Stack]<UL><LI>Max Depth = 8<LI>Call Chain = isspace
</UL>
<BR>[Calls]<UL><LI><a href="#[ae]">&gt;&gt;</a>&nbsp;&nbsp;&nbsp;__rt_ctype_table
</UL>
<BR>[Address Reference Count : 1]<UL><LI> strtod.o(.text)
</UL>
<P><STRONG><a name="[10e]"></a>strstr</STRONG> (Thumb, 36 bytes, Stack size 12 bytes, strstr.o(.text))
<BR><BR>[Stack]<UL><LI>Max Depth = 12<LI>Call Chain = strstr
</UL>
<BR>[Called By]<UL><LI><a href="#[ab]">&gt;&gt;</a>&nbsp;&nbsp;&nbsp;__obj_shellLineHandler_REPL
<LI><a href="#[4f]">&gt;&gt;</a>&nbsp;&nbsp;&nbsp;strsReplace
<LI><a href="#[92]">&gt;&gt;</a>&nbsp;&nbsp;&nbsp;VM_instruction_handler_OPT
<LI><a href="#[e2]">&gt;&gt;</a>&nbsp;&nbsp;&nbsp;Cursor_isContain
</UL>

<P><STRONG><a name="[1f4]"></a>strncpy</STRONG> (Thumb, 24 bytes, Stack size 8 bytes, strncpy.o(.text))
<BR><BR>[Stack]<UL><LI>Max Depth = 8<LI>Call Chain = strncpy
</UL>
<BR>[Called By]<UL><LI><a href="#[4f]">&gt;&gt;</a>&nbsp;&nbsp;&nbsp;strsReplace
</UL>

<P><STRONG><a name="[1f3]"></a>strchr</STRONG> (Thumb, 20 bytes, Stack size 0 bytes, strchr.o(.text))
<BR><BR>[Called By]<UL><LI><a href="#[1b5]">&gt;&gt;</a>&nbsp;&nbsp;&nbsp;strPopFirstToken
</UL>

<P><STRONG><a name="[58]"></a>strlen</STRONG> (Thumb, 14 bytes, Stack size 0 bytes, strlen.o(.text))
<BR><BR>[Called By]<UL><LI><a href="#[f9]">&gt;&gt;</a>&nbsp;&nbsp;&nbsp;Lexer_getTokenStream
<LI><a href="#[ab]">&gt;&gt;</a>&nbsp;&nbsp;&nbsp;__obj_shellLineHandler_REPL
<LI><a href="#[188]">&gt;&gt;</a>&nbsp;&nbsp;&nbsp;fast_atoi
<LI><a href="#[4f]">&gt;&gt;</a>&nbsp;&nbsp;&nbsp;strsReplace
<LI><a href="#[f7]">&gt;&gt;</a>&nbsp;&nbsp;&nbsp;OUTLINED_FUNCTION_16
<LI><a href="#[13a]">&gt;&gt;</a>&nbsp;&nbsp;&nbsp;OUTLINED_FUNCTION_34
<LI><a href="#[107]">&gt;&gt;</a>&nbsp;&nbsp;&nbsp;strsCut
<LI><a href="#[14e]">&gt;&gt;</a>&nbsp;&nbsp;&nbsp;OUTLINED_FUNCTION_63
<LI><a href="#[1bf]">&gt;&gt;</a>&nbsp;&nbsp;&nbsp;strGetFirstToken
<LI><a href="#[100]">&gt;&gt;</a>&nbsp;&nbsp;&nbsp;OUTLINED_FUNCTION_2
<LI><a href="#[1ed]">&gt;&gt;</a>&nbsp;&nbsp;&nbsp;strAppendWithSize
<LI><a href="#[196]">&gt;&gt;</a>&nbsp;&nbsp;&nbsp;strCut
<LI><a href="#[11c]">&gt;&gt;</a>&nbsp;&nbsp;&nbsp;arg_setStr
<LI><a href="#[86]">&gt;&gt;</a>&nbsp;&nbsp;&nbsp;PikaStdLib_SysObj_lenMethod
<LI><a href="#[1a3]">&gt;&gt;</a>&nbsp;&nbsp;&nbsp;__get_transferd_str
<LI><a href="#[194]">&gt;&gt;</a>&nbsp;&nbsp;&nbsp;VMState_loadArgsFromMethodArg
<LI><a href="#[1c9]">&gt;&gt;</a>&nbsp;&nbsp;&nbsp;strsGetCleanCmd
<LI><a href="#[35]">&gt;&gt;</a>&nbsp;&nbsp;&nbsp;main
</UL>
<BR>[Address Reference Count : 1]<UL><LI> lto-llvm-97d2c9.o(.text.strsAppend)
</UL>
<P><STRONG><a name="[1f1]"></a>strcmp</STRONG> (Thumb, 28 bytes, Stack size 8 bytes, strcmp.o(.text))
<BR><BR>[Stack]<UL><LI>Max Depth = 8<LI>Call Chain = strcmp
</UL>
<BR>[Called By]<UL><LI><a href="#[e8]">&gt;&gt;</a>&nbsp;&nbsp;&nbsp;strEqu
</UL>

<P><STRONG><a name="[12c]"></a>memcmp</STRONG> (Thumb, 26 bytes, Stack size 12 bytes, memcmp.o(.text))
<BR><BR>[Stack]<UL><LI>Max Depth = 12<LI>Call Chain = memcmp
</UL>
<BR>[Called By]<UL><LI><a href="#[ab]">&gt;&gt;</a>&nbsp;&nbsp;&nbsp;__obj_shellLineHandler_REPL
<LI><a href="#[15b]">&gt;&gt;</a>&nbsp;&nbsp;&nbsp;arg_isEqual
<LI><a href="#[12d]">&gt;&gt;</a>&nbsp;&nbsp;&nbsp;OUTLINED_FUNCTION_1
<LI><a href="#[12b]">&gt;&gt;</a>&nbsp;&nbsp;&nbsp;OUTLINED_FUNCTION_0
</UL>

<P><STRONG><a name="[195]"></a>strcpy</STRONG> (Thumb, 18 bytes, Stack size 0 bytes, strcpy.o(.text))
<BR><BR>[Called By]<UL><LI><a href="#[ab]">&gt;&gt;</a>&nbsp;&nbsp;&nbsp;__obj_shellLineHandler_REPL
<LI><a href="#[1c1]">&gt;&gt;</a>&nbsp;&nbsp;&nbsp;__obj_getObjWithKeepDeepth
<LI><a href="#[4f]">&gt;&gt;</a>&nbsp;&nbsp;&nbsp;strsReplace
<LI><a href="#[194]">&gt;&gt;</a>&nbsp;&nbsp;&nbsp;VMState_loadArgsFromMethodArg
</UL>

<P><STRONG><a name="[1f2]"></a>strncmp</STRONG> (Thumb, 30 bytes, Stack size 12 bytes, strncmp.o(.text))
<BR><BR>[Stack]<UL><LI>Max Depth = 12<LI>Call Chain = strncmp
</UL>
<BR>[Called By]<UL><LI><a href="#[f6]">&gt;&gt;</a>&nbsp;&nbsp;&nbsp;strIsStartWith
</UL>

<P><STRONG><a name="[af]"></a>strtoll</STRONG> (Thumb, 4 bytes, Stack size 0 bytes, strtoll.o(.text))
<BR><BR>[Stack]<UL><LI>Max Depth = 80<LI>Call Chain = strtoll &rArr; __strtoll &rArr; _strtoull
</UL>
<BR>[Calls]<UL><LI><a href="#[b0]">&gt;&gt;</a>&nbsp;&nbsp;&nbsp;__strtoll
</UL>
<BR>[Called By]<UL><LI><a href="#[8f]">&gt;&gt;</a>&nbsp;&nbsp;&nbsp;VM_instruction_handler_NUM
<LI><a href="#[1a3]">&gt;&gt;</a>&nbsp;&nbsp;&nbsp;__get_transferd_str
</UL>

<P><STRONG><a name="[204]"></a>__aeabi_uidiv</STRONG> (Thumb, 0 bytes, Stack size 12 bytes, uidiv.o(.text), UNUSED)

<P><STRONG><a name="[1fd]"></a>__aeabi_uidivmod</STRONG> (Thumb, 44 bytes, Stack size 12 bytes, uidiv.o(.text), UNUSED)
<BR><BR>[Called By]<UL><LI><a href="#[1f6]">&gt;&gt;</a>&nbsp;&nbsp;&nbsp;_printf_core
</UL>

<P><STRONG><a name="[b1]"></a>__aeabi_uldivmod</STRONG> (Thumb, 98 bytes, Stack size 40 bytes, uldiv.o(.text))
<BR><BR>[Stack]<UL><LI>Max Depth = 40<LI>Call Chain = __aeabi_uldivmod
</UL>
<BR>[Calls]<UL><LI><a href="#[b2]">&gt;&gt;</a>&nbsp;&nbsp;&nbsp;__aeabi_llsr
<LI><a href="#[b3]">&gt;&gt;</a>&nbsp;&nbsp;&nbsp;__aeabi_llsl
</UL>
<BR>[Called By]<UL><LI><a href="#[1f6]">&gt;&gt;</a>&nbsp;&nbsp;&nbsp;_printf_core
<LI><a href="#[1f9]">&gt;&gt;</a>&nbsp;&nbsp;&nbsp;_fp_digits
<LI><a href="#[cb]">&gt;&gt;</a>&nbsp;&nbsp;&nbsp;__aeabi_ldivmod
</UL>

<P><STRONG><a name="[b6]"></a>__strtod_int</STRONG> (Thumb, 94 bytes, Stack size 40 bytes, strtod.o(.text))
<BR><BR>[Stack]<UL><LI>Max Depth = 208<LI>Call Chain = __strtod_int &rArr; _local_sscanf &rArr; _scanf_real
</UL>
<BR>[Calls]<UL><LI><a href="#[b4]">&gt;&gt;</a>&nbsp;&nbsp;&nbsp;_local_sscanf
</UL>
<BR>[Called By]<UL><LI><a href="#[183]">&gt;&gt;</a>&nbsp;&nbsp;&nbsp;strtod
</UL>

<P><STRONG><a name="[b0]"></a>__strtoll</STRONG> (Thumb, 144 bytes, Stack size 32 bytes, __strtoll.o(.text))
<BR><BR>[Stack]<UL><LI>Max Depth = 80<LI>Call Chain = __strtoll &rArr; _strtoull
</UL>
<BR>[Calls]<UL><LI><a href="#[ae]">&gt;&gt;</a>&nbsp;&nbsp;&nbsp;__rt_ctype_table
<LI><a href="#[b7]">&gt;&gt;</a>&nbsp;&nbsp;&nbsp;_strtoull
<LI><a href="#[b8]">&gt;&gt;</a>&nbsp;&nbsp;&nbsp;__aeabi_errno_addr
</UL>
<BR>[Called By]<UL><LI><a href="#[af]">&gt;&gt;</a>&nbsp;&nbsp;&nbsp;strtoll
</UL>

<P><STRONG><a name="[205]"></a>__I$use$fp</STRONG> (Thumb, 0 bytes, Stack size 48 bytes, iusefp.o(.text), UNUSED)

<P><STRONG><a name="[b9]"></a>__aeabi_dadd</STRONG> (Thumb, 322 bytes, Stack size 48 bytes, dadd.o(.text))
<BR><BR>[Stack]<UL><LI>Max Depth = 88<LI>Call Chain = __aeabi_dadd &rArr; _double_epilogue &rArr; _double_round
</UL>
<BR>[Calls]<UL><LI><a href="#[ba]">&gt;&gt;</a>&nbsp;&nbsp;&nbsp;__aeabi_lasr
<LI><a href="#[b3]">&gt;&gt;</a>&nbsp;&nbsp;&nbsp;__aeabi_llsl
<LI><a href="#[bc]">&gt;&gt;</a>&nbsp;&nbsp;&nbsp;_double_round
<LI><a href="#[bb]">&gt;&gt;</a>&nbsp;&nbsp;&nbsp;_double_epilogue
</UL>
<BR>[Called By]<UL><LI><a href="#[bd]">&gt;&gt;</a>&nbsp;&nbsp;&nbsp;__aeabi_dsub
<LI><a href="#[be]">&gt;&gt;</a>&nbsp;&nbsp;&nbsp;__aeabi_drsub
<LI><a href="#[1f9]">&gt;&gt;</a>&nbsp;&nbsp;&nbsp;_fp_digits
<LI><a href="#[92]">&gt;&gt;</a>&nbsp;&nbsp;&nbsp;VM_instruction_handler_OPT
</UL>

<P><STRONG><a name="[bd]"></a>__aeabi_dsub</STRONG> (Thumb, 6 bytes, Stack size 0 bytes, dadd.o(.text))
<BR><BR>[Stack]<UL><LI>Max Depth = 88<LI>Call Chain = __aeabi_dsub &rArr; __aeabi_dadd &rArr; _double_epilogue &rArr; _double_round
</UL>
<BR>[Calls]<UL><LI><a href="#[b9]">&gt;&gt;</a>&nbsp;&nbsp;&nbsp;__aeabi_dadd
</UL>
<BR>[Called By]<UL><LI><a href="#[1b1]">&gt;&gt;</a>&nbsp;&nbsp;&nbsp;_OPT_EQU
<LI><a href="#[92]">&gt;&gt;</a>&nbsp;&nbsp;&nbsp;VM_instruction_handler_OPT
</UL>

<P><STRONG><a name="[be]"></a>__aeabi_drsub</STRONG> (Thumb, 6 bytes, Stack size 0 bytes, dadd.o(.text), UNUSED)
<BR><BR>[Calls]<UL><LI><a href="#[b9]">&gt;&gt;</a>&nbsp;&nbsp;&nbsp;__aeabi_dadd
</UL>

<P><STRONG><a name="[bf]"></a>__aeabi_dmul</STRONG> (Thumb, 228 bytes, Stack size 48 bytes, dmul.o(.text))
<BR><BR>[Stack]<UL><LI>Max Depth = 88<LI>Call Chain = __aeabi_dmul &rArr; _double_epilogue &rArr; _double_round
</UL>
<BR>[Calls]<UL><LI><a href="#[bb]">&gt;&gt;</a>&nbsp;&nbsp;&nbsp;_double_epilogue
</UL>
<BR>[Called By]<UL><LI><a href="#[c4]">&gt;&gt;</a>&nbsp;&nbsp;&nbsp;_fp_value
<LI><a href="#[1f9]">&gt;&gt;</a>&nbsp;&nbsp;&nbsp;_fp_digits
<LI><a href="#[7d]">&gt;&gt;</a>&nbsp;&nbsp;&nbsp;PikaStdLib_MemChecker_maxMethod
<LI><a href="#[7e]">&gt;&gt;</a>&nbsp;&nbsp;&nbsp;PikaStdLib_MemChecker_nowMethod
<LI><a href="#[1b1]">&gt;&gt;</a>&nbsp;&nbsp;&nbsp;_OPT_EQU
<LI><a href="#[92]">&gt;&gt;</a>&nbsp;&nbsp;&nbsp;VM_instruction_handler_OPT
</UL>

<P><STRONG><a name="[c0]"></a>__aeabi_ddiv</STRONG> (Thumb, 222 bytes, Stack size 32 bytes, ddiv.o(.text))
<BR><BR>[Stack]<UL><LI>Max Depth = 40<LI>Call Chain = __aeabi_ddiv &rArr; _double_round
</UL>
<BR>[Calls]<UL><LI><a href="#[bc]">&gt;&gt;</a>&nbsp;&nbsp;&nbsp;_double_round
</UL>
<BR>[Called By]<UL><LI><a href="#[c4]">&gt;&gt;</a>&nbsp;&nbsp;&nbsp;_fp_value
<LI><a href="#[1f9]">&gt;&gt;</a>&nbsp;&nbsp;&nbsp;_fp_digits
<LI><a href="#[92]">&gt;&gt;</a>&nbsp;&nbsp;&nbsp;VM_instruction_handler_OPT
</UL>

<P><STRONG><a name="[c1]"></a>__aeabi_d2iz</STRONG> (Thumb, 62 bytes, Stack size 16 bytes, dfixi.o(.text))
<BR><BR>[Stack]<UL><LI>Max Depth = 16<LI>Call Chain = __aeabi_d2iz
</UL>
<BR>[Calls]<UL><LI><a href="#[b2]">&gt;&gt;</a>&nbsp;&nbsp;&nbsp;__aeabi_llsr
</UL>
<BR>[Called By]<UL><LI><a href="#[162]">&gt;&gt;</a>&nbsp;&nbsp;&nbsp;args_getInt
<LI><a href="#[84]">&gt;&gt;</a>&nbsp;&nbsp;&nbsp;PikaStdLib_SysObj_intMethod
</UL>

<P><STRONG><a name="[c2]"></a>__aeabi_d2ulz</STRONG> (Thumb, 48 bytes, Stack size 0 bytes, dfixul.o(.text), UNUSED)
<BR><BR>[Calls]<UL><LI><a href="#[b2]">&gt;&gt;</a>&nbsp;&nbsp;&nbsp;__aeabi_llsr
<LI><a href="#[b3]">&gt;&gt;</a>&nbsp;&nbsp;&nbsp;__aeabi_llsl
</UL>
<BR>[Called By]<UL><LI><a href="#[1f9]">&gt;&gt;</a>&nbsp;&nbsp;&nbsp;_fp_digits
</UL>

<P><STRONG><a name="[1fa]"></a>__aeabi_cdrcmple</STRONG> (Thumb, 48 bytes, Stack size 0 bytes, cdrcmple.o(.text), UNUSED)
<BR><BR>[Called By]<UL><LI><a href="#[1f9]">&gt;&gt;</a>&nbsp;&nbsp;&nbsp;_fp_digits
</UL>

<P><STRONG><a name="[ad]"></a>__scatterload</STRONG> (Thumb, 28 bytes, Stack size 0 bytes, init.o(.text))
<BR><BR>[Calls]<UL><LI><a href="#[c3]">&gt;&gt;</a>&nbsp;&nbsp;&nbsp;__main_after_scatterload
</UL>
<BR>[Called By]<UL><LI><a href="#[ac]">&gt;&gt;</a>&nbsp;&nbsp;&nbsp;_main_scatterload
</UL>

<P><STRONG><a name="[206]"></a>__scatterload_rt2</STRONG> (Thumb, 0 bytes, Stack size 0 bytes, init.o(.text), UNUSED)

<P><STRONG><a name="[b3]"></a>__aeabi_llsl</STRONG> (Thumb, 30 bytes, Stack size 0 bytes, llshl.o(.text))
<BR><BR>[Called By]<UL><LI><a href="#[b9]">&gt;&gt;</a>&nbsp;&nbsp;&nbsp;__aeabi_dadd
<LI><a href="#[bb]">&gt;&gt;</a>&nbsp;&nbsp;&nbsp;_double_epilogue
<LI><a href="#[b1]">&gt;&gt;</a>&nbsp;&nbsp;&nbsp;__aeabi_uldivmod
<LI><a href="#[c2]">&gt;&gt;</a>&nbsp;&nbsp;&nbsp;__aeabi_d2ulz
<LI><a href="#[92]">&gt;&gt;</a>&nbsp;&nbsp;&nbsp;VM_instruction_handler_OPT
<LI><a href="#[d2]">&gt;&gt;</a>&nbsp;&nbsp;&nbsp;__aeabi_d2lz
</UL>

<P><STRONG><a name="[207]"></a>_ll_shift_l</STRONG> (Thumb, 0 bytes, Stack size 0 bytes, llshl.o(.text), UNUSED)

<P><STRONG><a name="[b2]"></a>__aeabi_llsr</STRONG> (Thumb, 32 bytes, Stack size 0 bytes, llushr.o(.text))
<BR><BR>[Called By]<UL><LI><a href="#[c1]">&gt;&gt;</a>&nbsp;&nbsp;&nbsp;__aeabi_d2iz
<LI><a href="#[bb]">&gt;&gt;</a>&nbsp;&nbsp;&nbsp;_double_epilogue
<LI><a href="#[b1]">&gt;&gt;</a>&nbsp;&nbsp;&nbsp;__aeabi_uldivmod
<LI><a href="#[c2]">&gt;&gt;</a>&nbsp;&nbsp;&nbsp;__aeabi_d2ulz
<LI><a href="#[d2]">&gt;&gt;</a>&nbsp;&nbsp;&nbsp;__aeabi_d2lz
</UL>

<P><STRONG><a name="[208]"></a>_ll_ushift_r</STRONG> (Thumb, 0 bytes, Stack size 0 bytes, llushr.o(.text), UNUSED)

<P><STRONG><a name="[ba]"></a>__aeabi_lasr</STRONG> (Thumb, 36 bytes, Stack size 0 bytes, llsshr.o(.text))
<BR><BR>[Called By]<UL><LI><a href="#[b9]">&gt;&gt;</a>&nbsp;&nbsp;&nbsp;__aeabi_dadd
<LI><a href="#[92]">&gt;&gt;</a>&nbsp;&nbsp;&nbsp;VM_instruction_handler_OPT
</UL>

<P><STRONG><a name="[209]"></a>_ll_sshift_r</STRONG> (Thumb, 0 bytes, Stack size 0 bytes, llsshr.o(.text), UNUSED)

<P><STRONG><a name="[b5]"></a>_scanf_real</STRONG> (Thumb, 0 bytes, Stack size 104 bytes, scanf_fp.o(.text))
<BR><BR>[Stack]<UL><LI>Max Depth = 104<LI>Call Chain = _scanf_real
</UL>
<BR>[Called By]<UL><LI><a href="#[b4]">&gt;&gt;</a>&nbsp;&nbsp;&nbsp;_local_sscanf
</UL>

<P><STRONG><a name="[c6]"></a>_scanf_really_real</STRONG> (Thumb, 556 bytes, Stack size 104 bytes, scanf_fp.o(.text), UNUSED)
<BR><BR>[Calls]<UL><LI><a href="#[c8]">&gt;&gt;</a>&nbsp;&nbsp;&nbsp;__aeabi_d2f
<LI><a href="#[c7]">&gt;&gt;</a>&nbsp;&nbsp;&nbsp;_is_digit
<LI><a href="#[c4]">&gt;&gt;</a>&nbsp;&nbsp;&nbsp;_fp_value
</UL>

<P><STRONG><a name="[38]"></a>_sgetc</STRONG> (Thumb, 30 bytes, Stack size 0 bytes, _sgetc.o(.text))
<BR>[Address Reference Count : 1]<UL><LI> strtod.o(.text)
</UL>
<P><STRONG><a name="[39]"></a>_sbackspace</STRONG> (Thumb, 34 bytes, Stack size 0 bytes, _sgetc.o(.text))
<BR>[Address Reference Count : 1]<UL><LI> strtod.o(.text)
</UL>
<P><STRONG><a name="[b7]"></a>_strtoull</STRONG> (Thumb, 194 bytes, Stack size 48 bytes, _strtoull.o(.text))
<BR><BR>[Stack]<UL><LI>Max Depth = 48<LI>Call Chain = _strtoull
</UL>
<BR>[Calls]<UL><LI><a href="#[c9]">&gt;&gt;</a>&nbsp;&nbsp;&nbsp;_chval
<LI><a href="#[b8]">&gt;&gt;</a>&nbsp;&nbsp;&nbsp;__aeabi_errno_addr
</UL>
<BR>[Called By]<UL><LI><a href="#[b0]">&gt;&gt;</a>&nbsp;&nbsp;&nbsp;__strtoll
</UL>

<P><STRONG><a name="[bc]"></a>_double_round</STRONG> (Thumb, 30 bytes, Stack size 8 bytes, depilogue.o(.text))
<BR><BR>[Stack]<UL><LI>Max Depth = 8<LI>Call Chain = _double_round
</UL>
<BR>[Called By]<UL><LI><a href="#[c0]">&gt;&gt;</a>&nbsp;&nbsp;&nbsp;__aeabi_ddiv
<LI><a href="#[b9]">&gt;&gt;</a>&nbsp;&nbsp;&nbsp;__aeabi_dadd
<LI><a href="#[bb]">&gt;&gt;</a>&nbsp;&nbsp;&nbsp;_double_epilogue
</UL>

<P><STRONG><a name="[bb]"></a>_double_epilogue</STRONG> (Thumb, 156 bytes, Stack size 32 bytes, depilogue.o(.text))
<BR><BR>[Stack]<UL><LI>Max Depth = 40<LI>Call Chain = _double_epilogue &rArr; _double_round
</UL>
<BR>[Calls]<UL><LI><a href="#[b2]">&gt;&gt;</a>&nbsp;&nbsp;&nbsp;__aeabi_llsr
<LI><a href="#[b3]">&gt;&gt;</a>&nbsp;&nbsp;&nbsp;__aeabi_llsl
<LI><a href="#[bc]">&gt;&gt;</a>&nbsp;&nbsp;&nbsp;_double_round
</UL>
<BR>[Called By]<UL><LI><a href="#[bf]">&gt;&gt;</a>&nbsp;&nbsp;&nbsp;__aeabi_dmul
<LI><a href="#[b9]">&gt;&gt;</a>&nbsp;&nbsp;&nbsp;__aeabi_dadd
<LI><a href="#[c5]">&gt;&gt;</a>&nbsp;&nbsp;&nbsp;__aeabi_ul2d
<LI><a href="#[ca]">&gt;&gt;</a>&nbsp;&nbsp;&nbsp;__aeabi_ui2d
<LI><a href="#[d1]">&gt;&gt;</a>&nbsp;&nbsp;&nbsp;__aeabi_l2d
</UL>

<P><STRONG><a name="[ca]"></a>__aeabi_ui2d</STRONG> (Thumb, 26 bytes, Stack size 16 bytes, dfltui.o(.text))
<BR><BR>[Stack]<UL><LI>Max Depth = 56<LI>Call Chain = __aeabi_ui2d &rArr; _double_epilogue &rArr; _double_round
</UL>
<BR>[Calls]<UL><LI><a href="#[bb]">&gt;&gt;</a>&nbsp;&nbsp;&nbsp;_double_epilogue
</UL>
<BR>[Called By]<UL><LI><a href="#[7d]">&gt;&gt;</a>&nbsp;&nbsp;&nbsp;PikaStdLib_MemChecker_maxMethod
<LI><a href="#[7e]">&gt;&gt;</a>&nbsp;&nbsp;&nbsp;PikaStdLib_MemChecker_nowMethod
</UL>

<P><STRONG><a name="[c9]"></a>_chval</STRONG> (Thumb, 28 bytes, Stack size 0 bytes, _chval.o(.text))
<BR><BR>[Called By]<UL><LI><a href="#[b7]">&gt;&gt;</a>&nbsp;&nbsp;&nbsp;_strtoull
</UL>

<P><STRONG><a name="[c5]"></a>__aeabi_ul2d</STRONG> (Thumb, 24 bytes, Stack size 16 bytes, dfltul.o(.text), UNUSED)
<BR><BR>[Calls]<UL><LI><a href="#[bb]">&gt;&gt;</a>&nbsp;&nbsp;&nbsp;_double_epilogue
</UL>
<BR>[Called By]<UL><LI><a href="#[c4]">&gt;&gt;</a>&nbsp;&nbsp;&nbsp;_fp_value
</UL>

<P><STRONG><a name="[c8]"></a>__aeabi_d2f</STRONG> (Thumb, 56 bytes, Stack size 8 bytes, d2f.o(.text))
<BR><BR>[Stack]<UL><LI>Max Depth = 8<LI>Call Chain = __aeabi_d2f
</UL>
<BR>[Called By]<UL><LI><a href="#[c6]">&gt;&gt;</a>&nbsp;&nbsp;&nbsp;_scanf_really_real
<LI><a href="#[83]">&gt;&gt;</a>&nbsp;&nbsp;&nbsp;PikaStdLib_SysObj_floatMethod
<LI><a href="#[92]">&gt;&gt;</a>&nbsp;&nbsp;&nbsp;VM_instruction_handler_OPT
</UL>

<P><STRONG><a name="[20a]"></a>_float_round</STRONG> (Thumb, 18 bytes, Stack size 0 bytes, fepilogue.o(.text), UNUSED)

<P><STRONG><a name="[d0]"></a>_float_epilogue</STRONG> (Thumb, 92 bytes, Stack size 4 bytes, fepilogue.o(.text))
<BR><BR>[Stack]<UL><LI>Max Depth = 4<LI>Call Chain = _float_epilogue
</UL>
<BR>[Called By]<UL><LI><a href="#[cf]">&gt;&gt;</a>&nbsp;&nbsp;&nbsp;__aeabi_l2f
</UL>

<P><STRONG><a name="[cb]"></a>__aeabi_ldivmod</STRONG> (Thumb, 98 bytes, Stack size 24 bytes, ldiv.o(.text))
<BR><BR>[Stack]<UL><LI>Max Depth = 64<LI>Call Chain = __aeabi_ldivmod &rArr; __aeabi_uldivmod
</UL>
<BR>[Calls]<UL><LI><a href="#[b1]">&gt;&gt;</a>&nbsp;&nbsp;&nbsp;__aeabi_uldivmod
</UL>
<BR>[Called By]<UL><LI><a href="#[92]">&gt;&gt;</a>&nbsp;&nbsp;&nbsp;VM_instruction_handler_OPT
</UL>

<P><STRONG><a name="[20b]"></a>___aeabi_memcpy8$move</STRONG> (Thumb, 0 bytes, Stack size 8 bytes, memmovea.o(.text), UNUSED)

<P><STRONG><a name="[101]"></a>__aeabi_memcpy</STRONG> (Thumb, 64 bytes, Stack size 8 bytes, memmovea.o(.text))
<BR><BR>[Stack]<UL><LI>Max Depth = 8<LI>Call Chain = __aeabi_memcpy
</UL>
<BR>[Called By]<UL><LI><a href="#[ab]">&gt;&gt;</a>&nbsp;&nbsp;&nbsp;__obj_shellLineHandler_REPL
<LI><a href="#[199]">&gt;&gt;</a>&nbsp;&nbsp;&nbsp;strCopy
<LI><a href="#[1f0]">&gt;&gt;</a>&nbsp;&nbsp;&nbsp;stack_pushPyload
<LI><a href="#[1cd]">&gt;&gt;</a>&nbsp;&nbsp;&nbsp;arg_append
<LI><a href="#[18e]">&gt;&gt;</a>&nbsp;&nbsp;&nbsp;obj_toStr
<LI><a href="#[182]">&gt;&gt;</a>&nbsp;&nbsp;&nbsp;arg_setBytes
<LI><a href="#[1d4]">&gt;&gt;</a>&nbsp;&nbsp;&nbsp;_arg_set_hash
<LI><a href="#[1de]">&gt;&gt;</a>&nbsp;&nbsp;&nbsp;arg_setContent
<LI><a href="#[1f8]">&gt;&gt;</a>&nbsp;&nbsp;&nbsp;internal_alloc
<LI><a href="#[86]">&gt;&gt;</a>&nbsp;&nbsp;&nbsp;PikaStdLib_SysObj_lenMethod
<LI><a href="#[82]">&gt;&gt;</a>&nbsp;&nbsp;&nbsp;PikaStdLib_SysObj___setitem__Method
<LI><a href="#[85]">&gt;&gt;</a>&nbsp;&nbsp;&nbsp;PikaStdLib_SysObj_iterMethod
<LI><a href="#[17d]">&gt;&gt;</a>&nbsp;&nbsp;&nbsp;__vm_get
<LI><a href="#[152]">&gt;&gt;</a>&nbsp;&nbsp;&nbsp;OUTLINED_FUNCTION_70
<LI><a href="#[11d]">&gt;&gt;</a>&nbsp;&nbsp;&nbsp;Lexer_setSymbel
<LI><a href="#[e0]">&gt;&gt;</a>&nbsp;&nbsp;&nbsp;AST_parseStmt
</UL>

<P><STRONG><a name="[170]"></a>__aeabi_memcpy4</STRONG> (Thumb, 0 bytes, Stack size 8 bytes, memmovea.o(.text))
<BR><BR>[Stack]<UL><LI>Max Depth = 8<LI>Call Chain = __aeabi_memcpy4
</UL>
<BR>[Called By]<UL><LI><a href="#[69]">&gt;&gt;</a>&nbsp;&nbsp;&nbsp;PikaStdData_Dict_updateMethod
</UL>

<P><STRONG><a name="[193]"></a>__aeabi_memmove</STRONG> (Thumb, 0 bytes, Stack size 8 bytes, memmovea.o(.text))
<BR><BR>[Stack]<UL><LI>Max Depth = 8<LI>Call Chain = __aeabi_memmove
</UL>
<BR>[Called By]<UL><LI><a href="#[118]">&gt;&gt;</a>&nbsp;&nbsp;&nbsp;UART_Receive_IT
<LI><a href="#[35]">&gt;&gt;</a>&nbsp;&nbsp;&nbsp;main
</UL>

<P><STRONG><a name="[20c]"></a>__aeabi_memmove4</STRONG> (Thumb, 0 bytes, Stack size 8 bytes, memmovea.o(.text), UNUSED)

<P><STRONG><a name="[20d]"></a>__aeabi_memmove8</STRONG> (Thumb, 0 bytes, Stack size 8 bytes, memmovea.o(.text), UNUSED)

<P><STRONG><a name="[cd]"></a>__aeabi_memset</STRONG> (Thumb, 14 bytes, Stack size 0 bytes, memseta.o(.text))
<BR><BR>[Called By]<UL><LI><a href="#[ce]">&gt;&gt;</a>&nbsp;&nbsp;&nbsp;_memset$wrapper
<LI><a href="#[cc]">&gt;&gt;</a>&nbsp;&nbsp;&nbsp;__aeabi_memclr
</UL>

<P><STRONG><a name="[20e]"></a>__aeabi_memset4</STRONG> (Thumb, 0 bytes, Stack size 0 bytes, memseta.o(.text), UNUSED)

<P><STRONG><a name="[20f]"></a>__aeabi_memset8</STRONG> (Thumb, 0 bytes, Stack size 0 bytes, memseta.o(.text), UNUSED)

<P><STRONG><a name="[cc]"></a>__aeabi_memclr</STRONG> (Thumb, 4 bytes, Stack size 0 bytes, memseta.o(.text))
<BR><BR>[Calls]<UL><LI><a href="#[cd]">&gt;&gt;</a>&nbsp;&nbsp;&nbsp;__aeabi_memset
</UL>
<BR>[Called By]<UL><LI><a href="#[182]">&gt;&gt;</a>&nbsp;&nbsp;&nbsp;arg_setBytes
<LI><a href="#[1d4]">&gt;&gt;</a>&nbsp;&nbsp;&nbsp;_arg_set_hash
<LI><a href="#[8f]">&gt;&gt;</a>&nbsp;&nbsp;&nbsp;VM_instruction_handler_NUM
</UL>

<P><STRONG><a name="[130]"></a>__aeabi_memclr4</STRONG> (Thumb, 0 bytes, Stack size 0 bytes, memseta.o(.text))
<BR><BR>[Called By]<UL><LI><a href="#[1c6]">&gt;&gt;</a>&nbsp;&nbsp;&nbsp;_cache_bytecodeframe
<LI><a href="#[ab]">&gt;&gt;</a>&nbsp;&nbsp;&nbsp;__obj_shellLineHandler_REPL
<LI><a href="#[12f]">&gt;&gt;</a>&nbsp;&nbsp;&nbsp;OUTLINED_FUNCTION_11
<LI><a href="#[1d3]">&gt;&gt;</a>&nbsp;&nbsp;&nbsp;_do_pikaVM_runByteCode
<LI><a href="#[194]">&gt;&gt;</a>&nbsp;&nbsp;&nbsp;VMState_loadArgsFromMethodArg
<LI><a href="#[8c]">&gt;&gt;</a>&nbsp;&nbsp;&nbsp;VM_instruction_handler_RUN
<LI><a href="#[1cf]">&gt;&gt;</a>&nbsp;&nbsp;&nbsp;__pikaVM_runByteCodeFrameWithState
<LI><a href="#[35]">&gt;&gt;</a>&nbsp;&nbsp;&nbsp;main
</UL>

<P><STRONG><a name="[191]"></a>__aeabi_memclr8</STRONG> (Thumb, 0 bytes, Stack size 0 bytes, memseta.o(.text))
<BR><BR>[Called By]<UL><LI><a href="#[88]">&gt;&gt;</a>&nbsp;&nbsp;&nbsp;PikaStdLib_SysObj_rangeMethod
<LI><a href="#[92]">&gt;&gt;</a>&nbsp;&nbsp;&nbsp;VM_instruction_handler_OPT
</UL>

<P><STRONG><a name="[ce]"></a>_memset$wrapper</STRONG> (Thumb, 18 bytes, Stack size 8 bytes, memseta.o(.text), UNUSED)
<BR><BR>[Calls]<UL><LI><a href="#[cd]">&gt;&gt;</a>&nbsp;&nbsp;&nbsp;__aeabi_memset
</UL>

<P><STRONG><a name="[1b0]"></a>__aeabi_dcmplt</STRONG> (Thumb, 54 bytes, Stack size 12 bytes, dcmplt.o(.text))
<BR><BR>[Stack]<UL><LI>Max Depth = 12<LI>Call Chain = __aeabi_dcmplt
</UL>
<BR>[Called By]<UL><LI><a href="#[1b1]">&gt;&gt;</a>&nbsp;&nbsp;&nbsp;_OPT_EQU
<LI><a href="#[92]">&gt;&gt;</a>&nbsp;&nbsp;&nbsp;VM_instruction_handler_OPT
</UL>

<P><STRONG><a name="[1b2]"></a>__aeabi_dcmpgt</STRONG> (Thumb, 54 bytes, Stack size 12 bytes, dcmpgt.o(.text))
<BR><BR>[Stack]<UL><LI>Max Depth = 12<LI>Call Chain = __aeabi_dcmpgt
</UL>
<BR>[Called By]<UL><LI><a href="#[92]">&gt;&gt;</a>&nbsp;&nbsp;&nbsp;VM_instruction_handler_OPT
</UL>

<P><STRONG><a name="[1b3]"></a>__aeabi_dcmpeq</STRONG> (Thumb, 56 bytes, Stack size 12 bytes, dcmpeq.o(.text))
<BR><BR>[Stack]<UL><LI>Max Depth = 12<LI>Call Chain = __aeabi_dcmpeq
</UL>
<BR>[Called By]<UL><LI><a href="#[92]">&gt;&gt;</a>&nbsp;&nbsp;&nbsp;VM_instruction_handler_OPT
</UL>

<P><STRONG><a name="[cf]"></a>__aeabi_l2f</STRONG> (Thumb, 44 bytes, Stack size 16 bytes, ffltl.o(.text))
<BR><BR>[Stack]<UL><LI>Max Depth = 20<LI>Call Chain = __aeabi_l2f &rArr; _float_epilogue
</UL>
<BR>[Calls]<UL><LI><a href="#[d0]">&gt;&gt;</a>&nbsp;&nbsp;&nbsp;_float_epilogue
</UL>
<BR>[Called By]<UL><LI><a href="#[83]">&gt;&gt;</a>&nbsp;&nbsp;&nbsp;PikaStdLib_SysObj_floatMethod
</UL>

<P><STRONG><a name="[d1]"></a>__aeabi_l2d</STRONG> (Thumb, 40 bytes, Stack size 24 bytes, dfltl.o(.text))
<BR><BR>[Stack]<UL><LI>Max Depth = 64<LI>Call Chain = __aeabi_l2d &rArr; _double_epilogue &rArr; _double_round
</UL>
<BR>[Calls]<UL><LI><a href="#[bb]">&gt;&gt;</a>&nbsp;&nbsp;&nbsp;_double_epilogue
</UL>
<BR>[Called By]<UL><LI><a href="#[92]">&gt;&gt;</a>&nbsp;&nbsp;&nbsp;VM_instruction_handler_OPT
</UL>

<P><STRONG><a name="[d2]"></a>__aeabi_d2lz</STRONG> (Thumb, 74 bytes, Stack size 16 bytes, dfixl.o(.text))
<BR><BR>[Stack]<UL><LI>Max Depth = 16<LI>Call Chain = __aeabi_d2lz
</UL>
<BR>[Calls]<UL><LI><a href="#[b2]">&gt;&gt;</a>&nbsp;&nbsp;&nbsp;__aeabi_llsr
<LI><a href="#[b3]">&gt;&gt;</a>&nbsp;&nbsp;&nbsp;__aeabi_llsl
</UL>
<BR>[Called By]<UL><LI><a href="#[92]">&gt;&gt;</a>&nbsp;&nbsp;&nbsp;VM_instruction_handler_OPT
</UL>

<P><STRONG><a name="[185]"></a>__aeabi_f2d</STRONG> (Thumb, 38 bytes, Stack size 0 bytes, f2d.o(.text))
<BR><BR>[Called By]<UL><LI><a href="#[83]">&gt;&gt;</a>&nbsp;&nbsp;&nbsp;PikaStdLib_SysObj_floatMethod
<LI><a href="#[92]">&gt;&gt;</a>&nbsp;&nbsp;&nbsp;VM_instruction_handler_OPT
</UL>

<P><STRONG><a name="[4]"></a>BusFault_Handler</STRONG> (Thumb, 2 bytes, Stack size 0 bytes, lto-llvm-97d2c9.o(.text.BusFault_Handler))
<BR><BR>[Calls]<UL><LI><a href="#[4]">&gt;&gt;</a>&nbsp;&nbsp;&nbsp;BusFault_Handler
</UL>
<BR>[Called By]<UL><LI><a href="#[4]">&gt;&gt;</a>&nbsp;&nbsp;&nbsp;BusFault_Handler
</UL>
<BR>[Address Reference Count : 1]<UL><LI> startup_stm32f103xb.o(RESET)
</UL>
<P><STRONG><a name="[7]"></a>DebugMon_Handler</STRONG> (Thumb, 2 bytes, Stack size 0 bytes, lto-llvm-97d2c9.o(.text.DebugMon_Handler))
<BR>[Address Reference Count : 1]<UL><LI> startup_stm32f103xb.o(RESET)
</UL>
<P><STRONG><a name="[2]"></a>HardFault_Handler</STRONG> (Thumb, 2 bytes, Stack size 0 bytes, lto-llvm-97d2c9.o(.text.HardFault_Handler))
<BR><BR>[Calls]<UL><LI><a href="#[2]">&gt;&gt;</a>&nbsp;&nbsp;&nbsp;HardFault_Handler
</UL>
<BR>[Called By]<UL><LI><a href="#[2]">&gt;&gt;</a>&nbsp;&nbsp;&nbsp;HardFault_Handler
</UL>
<BR>[Address Reference Count : 1]<UL><LI> startup_stm32f103xb.o(RESET)
</UL>
<P><STRONG><a name="[3]"></a>MemManage_Handler</STRONG> (Thumb, 2 bytes, Stack size 0 bytes, lto-llvm-97d2c9.o(.text.MemManage_Handler))
<BR><BR>[Calls]<UL><LI><a href="#[3]">&gt;&gt;</a>&nbsp;&nbsp;&nbsp;MemManage_Handler
</UL>
<BR>[Called By]<UL><LI><a href="#[3]">&gt;&gt;</a>&nbsp;&nbsp;&nbsp;MemManage_Handler
</UL>
<BR>[Address Reference Count : 1]<UL><LI> startup_stm32f103xb.o(RESET)
</UL>
<P><STRONG><a name="[1]"></a>NMI_Handler</STRONG> (Thumb, 2 bytes, Stack size 0 bytes, lto-llvm-97d2c9.o(.text.NMI_Handler))
<BR><BR>[Calls]<UL><LI><a href="#[1]">&gt;&gt;</a>&nbsp;&nbsp;&nbsp;NMI_Handler
</UL>
<BR>[Called By]<UL><LI><a href="#[1]">&gt;&gt;</a>&nbsp;&nbsp;&nbsp;NMI_Handler
</UL>
<BR>[Address Reference Count : 1]<UL><LI> startup_stm32f103xb.o(RESET)
</UL>
<P><STRONG><a name="[8]"></a>PendSV_Handler</STRONG> (Thumb, 2 bytes, Stack size 0 bytes, lto-llvm-97d2c9.o(.text.PendSV_Handler))
<BR>[Address Reference Count : 1]<UL><LI> startup_stm32f103xb.o(RESET)
</UL>
<P><STRONG><a name="[6]"></a>SVC_Handler</STRONG> (Thumb, 2 bytes, Stack size 0 bytes, lto-llvm-97d2c9.o(.text.SVC_Handler))
<BR>[Address Reference Count : 1]<UL><LI> startup_stm32f103xb.o(RESET)
</UL>
<P><STRONG><a name="[9]"></a>SysTick_Handler</STRONG> (Thumb, 12 bytes, Stack size 0 bytes, lto-llvm-97d2c9.o(.text.SysTick_Handler))
<BR>[Address Reference Count : 1]<UL><LI> startup_stm32f103xb.o(RESET)
</UL>
<P><STRONG><a name="[36]"></a>SystemInit</STRONG> (Thumb, 2 bytes, Stack size 0 bytes, lto-llvm-97d2c9.o(.text.SystemInit))
<BR>[Address Reference Count : 1]<UL><LI> startup_stm32f103xb.o(.text)
</UL>
<P><STRONG><a name="[2f]"></a>USART1_IRQHandler</STRONG> (Thumb, 8 bytes, Stack size 0 bytes, lto-llvm-97d2c9.o(.text.USART1_IRQHandler))
<BR><BR>[Stack]<UL><LI>Max Depth = 56<LI>Call Chain = USART1_IRQHandler &rArr; HAL_UART_IRQHandler &rArr; UART_Receive_IT &rArr; __aeabi_memmove
</UL>
<BR>[Calls]<UL><LI><a href="#[117]">&gt;&gt;</a>&nbsp;&nbsp;&nbsp;HAL_UART_IRQHandler
</UL>
<BR>[Address Reference Count : 1]<UL><LI> startup_stm32f103xb.o(RESET)
</UL>
<P><STRONG><a name="[30]"></a>USART2_IRQHandler</STRONG> (Thumb, 8 bytes, Stack size 0 bytes, lto-llvm-97d2c9.o(.text.USART2_IRQHandler))
<BR><BR>[Stack]<UL><LI>Max Depth = 56<LI>Call Chain = USART2_IRQHandler &rArr; HAL_UART_IRQHandler &rArr; UART_Receive_IT &rArr; __aeabi_memmove
</UL>
<BR>[Calls]<UL><LI><a href="#[117]">&gt;&gt;</a>&nbsp;&nbsp;&nbsp;HAL_UART_IRQHandler
</UL>
<BR>[Address Reference Count : 1]<UL><LI> startup_stm32f103xb.o(RESET)
</UL>
<P><STRONG><a name="[31]"></a>USART3_IRQHandler</STRONG> (Thumb, 8 bytes, Stack size 0 bytes, lto-llvm-97d2c9.o(.text.USART3_IRQHandler))
<BR><BR>[Stack]<UL><LI>Max Depth = 56<LI>Call Chain = USART3_IRQHandler &rArr; HAL_UART_IRQHandler &rArr; UART_Receive_IT &rArr; __aeabi_memmove
</UL>
<BR>[Calls]<UL><LI><a href="#[117]">&gt;&gt;</a>&nbsp;&nbsp;&nbsp;HAL_UART_IRQHandler
</UL>
<BR>[Address Reference Count : 1]<UL><LI> startup_stm32f103xb.o(RESET)
</UL>
<P><STRONG><a name="[5]"></a>UsageFault_Handler</STRONG> (Thumb, 2 bytes, Stack size 0 bytes, lto-llvm-97d2c9.o(.text.UsageFault_Handler))
<BR><BR>[Calls]<UL><LI><a href="#[5]">&gt;&gt;</a>&nbsp;&nbsp;&nbsp;UsageFault_Handler
</UL>
<BR>[Called By]<UL><LI><a href="#[5]">&gt;&gt;</a>&nbsp;&nbsp;&nbsp;UsageFault_Handler
</UL>
<BR>[Address Reference Count : 1]<UL><LI> startup_stm32f103xb.o(RESET)
</UL>
<P><STRONG><a name="[59]"></a>fputc</STRONG> (Thumb, 128 bytes, Stack size 24 bytes, lto-llvm-97d2c9.o(.text.fputc))
<BR><BR>[Stack]<UL><LI>Max Depth = 40<LI>Call Chain = fputc &rArr; OUTLINED_FUNCTION_57 &rArr; UART_WaitOnFlagUntilTimeout
</UL>
<BR>[Calls]<UL><LI><a href="#[14a]">&gt;&gt;</a>&nbsp;&nbsp;&nbsp;OUTLINED_FUNCTION_57
</UL>
<BR>[Called By]<UL><LI><a href="#[1eb]">&gt;&gt;</a>&nbsp;&nbsp;&nbsp;puts
</UL>
<BR>[Address Reference Count : 1]<UL><LI> printfa.o(i.__0vprintf)
</UL>
<P><STRONG><a name="[35]"></a>main</STRONG> (Thumb, 1896 bytes, Stack size 24 bytes, lto-llvm-97d2c9.o(.text.main))
<BR><BR>[Stack]<UL><LI>Max Depth = 1016<LI>Call Chain = main &rArr; obj_newObj &rArr; arg_strAppend &rArr; OUTLINED_FUNCTION_31 &rArr; __link_deinit_pyload &rArr; arg_deinit &rArr; arg_deinitHeap &rArr; obj_deinit &rArr;  arg_deinit (Cycle)
</UL>
<BR>[Calls]<UL><LI><a href="#[58]">&gt;&gt;</a>&nbsp;&nbsp;&nbsp;strlen
<LI><a href="#[1eb]">&gt;&gt;</a>&nbsp;&nbsp;&nbsp;puts
<LI><a href="#[10b]">&gt;&gt;</a>&nbsp;&nbsp;&nbsp;obj_newObj
<LI><a href="#[1da]">&gt;&gt;</a>&nbsp;&nbsp;&nbsp;_putc_cmd
<LI><a href="#[1a7]">&gt;&gt;</a>&nbsp;&nbsp;&nbsp;obj_isArgExist
<LI><a href="#[16a]">&gt;&gt;</a>&nbsp;&nbsp;&nbsp;newNormalObj
<LI><a href="#[da]">&gt;&gt;</a>&nbsp;&nbsp;&nbsp;obj_getStr
<LI><a href="#[f8]">&gt;&gt;</a>&nbsp;&nbsp;&nbsp;obj_setStr
<LI><a href="#[124]">&gt;&gt;</a>&nbsp;&nbsp;&nbsp;obj_setPtr
<LI><a href="#[171]">&gt;&gt;</a>&nbsp;&nbsp;&nbsp;pikaVM_runByteCode
<LI><a href="#[3b]">&gt;&gt;</a>&nbsp;&nbsp;&nbsp;strsAppend
<LI><a href="#[104]">&gt;&gt;</a>&nbsp;&nbsp;&nbsp;OUTLINED_FUNCTION_23
<LI><a href="#[1ed]">&gt;&gt;</a>&nbsp;&nbsp;&nbsp;strAppendWithSize
<LI><a href="#[52]">&gt;&gt;</a>&nbsp;&nbsp;&nbsp;__platform_printf
<LI><a href="#[de]">&gt;&gt;</a>&nbsp;&nbsp;&nbsp;__link_deinit_pyload
<LI><a href="#[1ea]">&gt;&gt;</a>&nbsp;&nbsp;&nbsp;HAL_GPIO_Init
<LI><a href="#[1e8]">&gt;&gt;</a>&nbsp;&nbsp;&nbsp;HAL_InitTick
<LI><a href="#[12f]">&gt;&gt;</a>&nbsp;&nbsp;&nbsp;OUTLINED_FUNCTION_11
<LI><a href="#[1e9]">&gt;&gt;</a>&nbsp;&nbsp;&nbsp;OUTLINED_FUNCTION_52
<LI><a href="#[d8]">&gt;&gt;</a>&nbsp;&nbsp;&nbsp;OUTLINED_FUNCTION_74
<LI><a href="#[1aa]">&gt;&gt;</a>&nbsp;&nbsp;&nbsp;obj_getByteCodeFromModule
<LI><a href="#[1ec]">&gt;&gt;</a>&nbsp;&nbsp;&nbsp;obj_newMetaObj
<LI><a href="#[130]">&gt;&gt;</a>&nbsp;&nbsp;&nbsp;__aeabi_memclr4
<LI><a href="#[193]">&gt;&gt;</a>&nbsp;&nbsp;&nbsp;__aeabi_memmove
</UL>
<BR>[Address Reference Count : 1]<UL><LI> entry9a.o(.ARM.Collect$$$$0000000B)
</UL>
<P><STRONG><a name="[1f5]"></a>__0vprintf</STRONG> (Thumb, 8 bytes, Stack size 0 bytes, printfa.o(i.__0vprintf), UNUSED)
<BR><BR>[Calls]<UL><LI><a href="#[1f6]">&gt;&gt;</a>&nbsp;&nbsp;&nbsp;_printf_core
</UL>

<P><STRONG><a name="[210]"></a>__1vprintf</STRONG> (Thumb, 0 bytes, Stack size 0 bytes, printfa.o(i.__0vprintf), UNUSED)

<P><STRONG><a name="[211]"></a>__2vprintf</STRONG> (Thumb, 0 bytes, Stack size 0 bytes, printfa.o(i.__0vprintf), UNUSED)

<P><STRONG><a name="[212]"></a>__c89vprintf</STRONG> (Thumb, 0 bytes, Stack size 0 bytes, printfa.o(i.__0vprintf), UNUSED)

<P><STRONG><a name="[1d1]"></a>vprintf</STRONG> (Thumb, 0 bytes, Stack size 0 bytes, printfa.o(i.__0vprintf))
<BR><BR>[Called By]<UL><LI><a href="#[52]">&gt;&gt;</a>&nbsp;&nbsp;&nbsp;__platform_printf
</UL>

<P><STRONG><a name="[1f7]"></a>__0vsnprintf</STRONG> (Thumb, 46 bytes, Stack size 24 bytes, printfa.o(i.__0vsnprintf), UNUSED)
<BR><BR>[Calls]<UL><LI><a href="#[1f6]">&gt;&gt;</a>&nbsp;&nbsp;&nbsp;_printf_core
</UL>

<P><STRONG><a name="[213]"></a>__1vsnprintf</STRONG> (Thumb, 0 bytes, Stack size 24 bytes, printfa.o(i.__0vsnprintf), UNUSED)

<P><STRONG><a name="[214]"></a>__2vsnprintf</STRONG> (Thumb, 0 bytes, Stack size 24 bytes, printfa.o(i.__0vsnprintf), UNUSED)

<P><STRONG><a name="[215]"></a>__c89vsnprintf</STRONG> (Thumb, 0 bytes, Stack size 24 bytes, printfa.o(i.__0vsnprintf), UNUSED)

<P><STRONG><a name="[1d2]"></a>vsnprintf</STRONG> (Thumb, 0 bytes, Stack size 24 bytes, printfa.o(i.__0vsnprintf))
<BR><BR>[Stack]<UL><LI>Max Depth = 24<LI>Call Chain = vsnprintf
</UL>
<BR>[Called By]<UL><LI><a href="#[106]">&gt;&gt;</a>&nbsp;&nbsp;&nbsp;strsFormat
<LI><a href="#[db]">&gt;&gt;</a>&nbsp;&nbsp;&nbsp;__platform_sprintf
</UL>

<P><STRONG><a name="[b8]"></a>__aeabi_errno_addr</STRONG> (Thumb, 4 bytes, Stack size 0 bytes, errno.o(i.__aeabi_errno_addr))
<BR><BR>[Called By]<UL><LI><a href="#[b7]">&gt;&gt;</a>&nbsp;&nbsp;&nbsp;_strtoull
<LI><a href="#[b0]">&gt;&gt;</a>&nbsp;&nbsp;&nbsp;__strtoll
</UL>

<P><STRONG><a name="[216]"></a>__rt_errno_addr</STRONG> (Thumb, 0 bytes, Stack size 0 bytes, errno.o(i.__aeabi_errno_addr), UNUSED)

<P><STRONG><a name="[1ee]"></a>free</STRONG> (Thumb, 88 bytes, Stack size 12 bytes, mallocr.o(i.__free$realloc))
<BR><BR>[Stack]<UL><LI>Max Depth = 12<LI>Call Chain = free
</UL>
<BR>[Called By]<UL><LI><a href="#[1e2]">&gt;&gt;</a>&nbsp;&nbsp;&nbsp;pikaFree
</UL>

<P><STRONG><a name="[1ef]"></a>malloc</STRONG> (Thumb, 64 bytes, Stack size 32 bytes, mallocr.o(i.__malloc$realloc))
<BR><BR>[Stack]<UL><LI>Max Depth = 64<LI>Call Chain = malloc &rArr; internal_alloc &rArr; __aeabi_memcpy
</UL>
<BR>[Calls]<UL><LI><a href="#[1f8]">&gt;&gt;</a>&nbsp;&nbsp;&nbsp;internal_alloc
</UL>
<BR>[Called By]<UL><LI><a href="#[126]">&gt;&gt;</a>&nbsp;&nbsp;&nbsp;pikaMalloc
</UL>

<P><STRONG><a name="[217]"></a>__scatterload_copy</STRONG> (Thumb, 14 bytes, Stack size unknown bytes, handlers.o(i.__scatterload_copy), UNUSED)

<P><STRONG><a name="[218]"></a>__scatterload_null</STRONG> (Thumb, 2 bytes, Stack size unknown bytes, handlers.o(i.__scatterload_null), UNUSED)

<P><STRONG><a name="[219]"></a>__scatterload_zeroinit</STRONG> (Thumb, 14 bytes, Stack size unknown bytes, handlers.o(i.__scatterload_zeroinit), UNUSED)

<P><STRONG><a name="[c7]"></a>_is_digit</STRONG> (Thumb, 14 bytes, Stack size 0 bytes, scanf_fp.o(i._is_digit), UNUSED)
<BR><BR>[Called By]<UL><LI><a href="#[c6]">&gt;&gt;</a>&nbsp;&nbsp;&nbsp;_scanf_really_real
</UL>

<P><STRONG><a name="[1eb]"></a>puts</STRONG> (Thumb, 30 bytes, Stack size 8 bytes, puts.o(i.puts))
<BR><BR>[Stack]<UL><LI>Max Depth = 48<LI>Call Chain = puts &rArr; fputc &rArr; OUTLINED_FUNCTION_57 &rArr; UART_WaitOnFlagUntilTimeout
</UL>
<BR>[Calls]<UL><LI><a href="#[59]">&gt;&gt;</a>&nbsp;&nbsp;&nbsp;fputc
</UL>
<BR>[Called By]<UL><LI><a href="#[35]">&gt;&gt;</a>&nbsp;&nbsp;&nbsp;main
</UL>

<P><STRONG><a name="[183]"></a>strtod</STRONG> (Thumb, 30 bytes, Stack size 16 bytes, strtod.o(i.strtod))
<BR><BR>[Stack]<UL><LI>Max Depth = 224<LI>Call Chain = strtod &rArr; __strtod_int &rArr; _local_sscanf &rArr; _scanf_real
</UL>
<BR>[Calls]<UL><LI><a href="#[b6]">&gt;&gt;</a>&nbsp;&nbsp;&nbsp;__strtod_int
</UL>
<BR>[Called By]<UL><LI><a href="#[83]">&gt;&gt;</a>&nbsp;&nbsp;&nbsp;PikaStdLib_SysObj_floatMethod
<LI><a href="#[8f]">&gt;&gt;</a>&nbsp;&nbsp;&nbsp;VM_instruction_handler_NUM
</UL>
<P>
<H3>
Local Symbols
</H3>
<P><STRONG><a name="[1f9]"></a>_fp_digits</STRONG> (Thumb, 366 bytes, Stack size 64 bytes, printfa.o(i._fp_digits), UNUSED)
<BR><BR>[Calls]<UL><LI><a href="#[1fa]">&gt;&gt;</a>&nbsp;&nbsp;&nbsp;__aeabi_cdrcmple
[...]
</UL>
<BR>[Address Reference Count : 1]<UL><LI> lto-llvm-97d2c9.o(.rodata.PikaStdData_Tuple___contains__Prop)
</UL>
<P><STRONG><a name="[6c]"></a>PikaStdData_Tuple___getitem__Method</STRONG> (Thumb, 36 bytes, Stack size 16 bytes, lto-llvm-97d2c9.o(.text.PikaStdData_Tuple___getitem__Method))
<BR><BR>[Stack]<UL><LI>Max Depth = 456<LI>Call Chain = PikaStdData_Tuple___getitem__Method &rArr; PikaStdData_Tuple_get &rArr; obj_getPtr &rArr;  OUTLINED_FUNCTION_48 (Cycle)
</UL>
<BR>[Calls]<UL><LI><a href="#[151]">&gt;&gt;</a>&nbsp;&nbsp;&nbsp;OUTLINED_FUNCTION_7
<LI><a href="#[4c]">&gt;&gt;</a>&nbsp;&nbsp;&nbsp;arg_getInt
<LI><a href="#[173]">&gt;&gt;</a>&nbsp;&nbsp;&nbsp;PikaStdData_Tuple_get
<LI><a href="#[15e]">&gt;&gt;</a>&nbsp;&nbsp;&nbsp;method_returnArg
</UL>
<BR>[Address Reference Count : 1]<UL><LI> lto-llvm-97d2c9.o(.rodata.PikaStdData_Tuple___getitem__Prop)
</UL>
<P><STRONG><a name="[70]"></a>PikaStdData_Tuple___next__Method</STRONG> (Thumb, 60 bytes, Stack size 24 bytes, lto-llvm-97d2c9.o(.text.PikaStdData_Tuple___next__Method))
<BR><BR>[Stack]<UL><LI>Max Depth = 464<LI>Call Chain = PikaStdData_Tuple___next__Method &rArr; PikaStdData_Tuple_get &rArr; obj_getPtr &rArr;  OUTLINED_FUNCTION_48 (Cycle)
</UL>
<BR>[Calls]<UL><LI><a href="#[144]">&gt;&gt;</a>&nbsp;&nbsp;&nbsp;OUTLINED_FUNCTION_41
<LI><a href="#[162]">&gt;&gt;</a>&nbsp;&nbsp;&nbsp;args_getInt
<LI><a href="#[177]">&gt;&gt;</a>&nbsp;&nbsp;&nbsp;arg_setNull
<LI><a href="#[173]">&gt;&gt;</a>&nbsp;&nbsp;&nbsp;PikaStdData_Tuple_get
<LI><a href="#[15e]">&gt;&gt;</a>&nbsp;&nbsp;&nbsp;method_returnArg
</UL>
<BR>[Address Reference Count : 1]<UL><LI> lto-llvm-97d2c9.o(.rodata.PikaStdData_Tuple___next__Prop)
</UL>
<P><STRONG><a name="[6e]"></a>PikaStdData_Tuple___iter__Method</STRONG> (Thumb, 32 bytes, Stack size 16 bytes, lto-llvm-97d2c9.o(.text.PikaStdData_Tuple___iter__Method))
<BR><BR>[Stack]<UL><LI>Max Depth = 456<LI>Call Chain = PikaStdData_Tuple___iter__Method &rArr; OUTLINED_FUNCTION_10 &rArr; obj_setInt &rArr; obj_getHostObj &rArr; __obj_getObjWithKeepDeepth &rArr;  arg_deinit (Cycle)
</UL>
<BR>[Calls]<UL><LI><a href="#[175]">&gt;&gt;</a>&nbsp;&nbsp;&nbsp;arg_setRef
<LI><a href="#[12e]">&gt;&gt;</a>&nbsp;&nbsp;&nbsp;OUTLINED_FUNCTION_10
<LI><a href="#[15e]">&gt;&gt;</a>&nbsp;&nbsp;&nbsp;method_returnArg
</UL>
<BR>[Address Reference Count : 1]<UL><LI> lto-llvm-97d2c9.o(.rodata.PikaStdData_Tuple___iter__Prop)
</UL>
<P><STRONG><a name="[6d]"></a>PikaStdData_Tuple___init__Method</STRONG> (Thumb, 4 bytes, Stack size 0 bytes, lto-llvm-97d2c9.o(.text.PikaStdData_Tuple___init__Method))
<BR><BR>[Stack]<UL><LI>Max Depth = 440<LI>Call Chain = PikaStdData_Tuple___init__Method &rArr; PikaStdData_Tuple___init__ &rArr; obj_setPtr &rArr; OUTLINED_FUNCTION_38 &rArr; obj_getHostObj &rArr; __obj_getObjWithKeepDeepth &rArr;  arg_deinit (Cycle)
</UL>
<BR>[Calls]<UL><LI><a href="#[174]">&gt;&gt;</a>&nbsp;&nbsp;&nbsp;PikaStdData_Tuple___init__
</UL>
<BR>[Address Reference Count : 1]<UL><LI> lto-llvm-97d2c9.o(.rodata.PikaStdData_Tuple___init__Prop)
</UL>
<P><STRONG><a name="[73]"></a>PikaStdData_Tuple_lenMethod</STRONG> (Thumb, 20 bytes, Stack size 8 bytes, lto-llvm-97d2c9.o(.text.PikaStdData_Tuple_lenMethod))
<BR><BR>[Stack]<UL><LI>Max Depth = 448<LI>Call Chain = PikaStdData_Tuple_lenMethod &rArr; PikaStdData_Tuple_len &rArr; obj_getPtr &rArr;  OUTLINED_FUNCTION_48 (Cycle)
</UL>
<BR>[Calls]<UL><LI><a href="#[161]">&gt;&gt;</a>&nbsp;&nbsp;&nbsp;OUTLINED_FUNCTION_75
<LI><a href="#[176]">&gt;&gt;</a>&nbsp;&nbsp;&nbsp;PikaStdData_Tuple_len
<LI><a href="#[15c]">&gt;&gt;</a>&nbsp;&nbsp;&nbsp;method_returnInt
</UL>
<BR>[Address Reference Count : 1]<UL><LI> lto-llvm-97d2c9.o(.rodata.PikaStdData_Tuple_lenProp)
</UL>
<P><STRONG><a name="[72]"></a>PikaStdData_Tuple_getMethod</STRONG> (Thumb, 36 bytes, Stack size 16 bytes, lto-llvm-97d2c9.o(.text.PikaStdData_Tuple_getMethod))
<BR><BR>[Stack]<UL><LI>Max Depth = 456<LI>Call Chain = PikaStdData_Tuple_getMethod &rArr; PikaStdData_Tuple_get &rArr; obj_getPtr &rArr;  OUTLINED_FUNCTION_48 (Cycle)
</UL>
<BR>[Calls]<UL><LI><a href="#[162]">&gt;&gt;</a>&nbsp;&nbsp;&nbsp;args_getInt
<LI><a href="#[173]">&gt;&gt;</a>&nbsp;&nbsp;&nbsp;PikaStdData_Tuple_get
<LI><a href="#[15e]">&gt;&gt;</a>&nbsp;&nbsp;&nbsp;method_returnArg
</UL>
<BR>[Address Reference Count : 1]<UL><LI> lto-llvm-97d2c9.o(.rodata.PikaStdData_Tuple_getProp)
</UL>
<P><STRONG><a name="[77]"></a>PikaStdData_dict_items___str__Method</STRONG> (Thumb, 120 bytes, Stack size 32 bytes, lto-llvm-97d2c9.o(.text.PikaStdData_dict_items___str__Method))
<BR><BR>[Stack]<UL><LI>Max Depth = 1008<LI>Call Chain = PikaStdData_dict_items___str__Method &rArr; PikaStdLib_SysObj_str &rArr; __link_deinit_pyload &rArr; arg_deinit &rArr; arg_deinitHeap &rArr; obj_deinit &rArr;  arg_deinit (Cycle)
</UL>
<BR>[Calls]<UL><LI><a href="#[d7]">&gt;&gt;</a>&nbsp;&nbsp;&nbsp;obj_setInt
<LI><a href="#[116]">&gt;&gt;</a>&nbsp;&nbsp;&nbsp;OUTLINED_FUNCTION_5
<LI><a href="#[fa]">&gt;&gt;</a>&nbsp;&nbsp;&nbsp;OUTLINED_FUNCTION_21
<LI><a href="#[139]">&gt;&gt;</a>&nbsp;&nbsp;&nbsp;OUTLINED_FUNCTION_32
<LI><a href="#[137]">&gt;&gt;</a>&nbsp;&nbsp;&nbsp;OUTLINED_FUNCTION_25
<LI><a href="#[155]">&gt;&gt;</a>&nbsp;&nbsp;&nbsp;OUTLINED_FUNCTION_76
<LI><a href="#[167]">&gt;&gt;</a>&nbsp;&nbsp;&nbsp;PikaStdLib_SysObj_str
<LI><a href="#[178]">&gt;&gt;</a>&nbsp;&nbsp;&nbsp;PikaStdData_dict_items___next__
<LI><a href="#[166]">&gt;&gt;</a>&nbsp;&nbsp;&nbsp;arg_newStr.718
<LI><a href="#[115]">&gt;&gt;</a>&nbsp;&nbsp;&nbsp;OUTLINED_FUNCTION_44
<LI><a href="#[168]">&gt;&gt;</a>&nbsp;&nbsp;&nbsp;method_returnStr
</UL>
<BR>[Address Reference Count : 1]<UL><LI> lto-llvm-97d2c9.o(.rodata.PikaStdData_dict_items___str__Prop)
</UL>
<P><STRONG><a name="[139]"></a>OUTLINED_FUNCTION_32</STRONG> (Thumb, 8 bytes, Stack size 0 bytes, lto-llvm-97d2c9.o(.text.OUTLINED_FUNCTION_32))
<BR><BR>[Stack]<UL><LI>Max Depth = 968<LI>Call Chain = OUTLINED_FUNCTION_32 &rArr; arg_strAppend &rArr; OUTLINED_FUNCTION_31 &rArr; __link_deinit_pyload &rArr; arg_deinit &rArr; arg_deinitHeap &rArr; obj_deinit &rArr;  arg_deinit (Cycle)
</UL>
<BR>[Calls]<UL><LI><a href="#[3e]">&gt;&gt;</a>&nbsp;&nbsp;&nbsp;arg_strAppend
</UL>
<BR>[Called By]<UL><LI><a href="#[7b]">&gt;&gt;</a>&nbsp;&nbsp;&nbsp;PikaStdData_dict_keys___str__Method
<LI><a href="#[77]">&gt;&gt;</a>&nbsp;&nbsp;&nbsp;PikaStdData_dict_items___str__Method
</UL>

<P><STRONG><a name="[75]"></a>PikaStdData_dict_items___len__Method</STRONG> (Thumb, 32 bytes, Stack size 8 bytes, lto-llvm-97d2c9.o(.text.PikaStdData_dict_items___len__Method))
<BR><BR>[Stack]<UL><LI>Max Depth = 440<LI>Call Chain = PikaStdData_dict_items___len__Method &rArr; obj_getPtr &rArr;  OUTLINED_FUNCTION_48 (Cycle)
</UL>
<BR>[Calls]<UL><LI><a href="#[46]">&gt;&gt;</a>&nbsp;&nbsp;&nbsp;obj_getPtr
<LI><a href="#[160]">&gt;&gt;</a>&nbsp;&nbsp;&nbsp;args_getSize
<LI><a href="#[161]">&gt;&gt;</a>&nbsp;&nbsp;&nbsp;OUTLINED_FUNCTION_75
<LI><a href="#[15c]">&gt;&gt;</a>&nbsp;&nbsp;&nbsp;method_returnInt
</UL>
<BR>[Address Reference Count : 1]<UL><LI> lto-llvm-97d2c9.o(.rodata.PikaStdData_dict_items___len__Prop)
</UL>
<P><STRONG><a name="[76]"></a>PikaStdData_dict_items___next__Method</STRONG> (Thumb, 20 bytes, Stack size 8 bytes, lto-llvm-97d2c9.o(.text.PikaStdData_dict_items___next__Method))
<BR><BR>[Stack]<UL><LI>Max Depth = 480<LI>Call Chain = PikaStdData_dict_items___next__Method &rArr; PikaStdData_dict_items___next__ &rArr; PikaStdData_Tuple___init__ &rArr; obj_setPtr &rArr; OUTLINED_FUNCTION_38 &rArr; obj_getHostObj &rArr; __obj_getObjWithKeepDeepth &rArr;  arg_deinit (Cycle)
</UL>
<BR>[Calls]<UL><LI><a href="#[178]">&gt;&gt;</a>&nbsp;&nbsp;&nbsp;PikaStdData_dict_items___next__
<LI><a href="#[15e]">&gt;&gt;</a>&nbsp;&nbsp;&nbsp;method_returnArg
</UL>
<BR>[Address Reference Count : 1]<UL><LI> lto-llvm-97d2c9.o(.rodata.PikaStdData_dict_items___next__Prop)
</UL>
<P><STRONG><a name="[74]"></a>PikaStdData_dict_items___iter__Method</STRONG> (Thumb, 28 bytes, Stack size 16 bytes, lto-llvm-97d2c9.o(.text.PikaStdData_dict_items___iter__Method))
<BR><BR>[Stack]<UL><LI>Max Depth = 456<LI>Call Chain = PikaStdData_dict_items___iter__Method &rArr; OUTLINED_FUNCTION_10 &rArr; obj_setInt &rArr; obj_getHostObj &rArr; __obj_getObjWithKeepDeepth &rArr;  arg_deinit (Cycle)
</UL>
<BR>[Calls]<UL><LI><a href="#[12e]">&gt;&gt;</a>&nbsp;&nbsp;&nbsp;OUTLINED_FUNCTION_10
<LI><a href="#[15f]">&gt;&gt;</a>&nbsp;&nbsp;&nbsp;arg_newRef
<LI><a href="#[15e]">&gt;&gt;</a>&nbsp;&nbsp;&nbsp;method_returnArg
</UL>
<BR>[Address Reference Count : 1]<UL><LI> lto-llvm-97d2c9.o(.rodata.PikaStdData_dict_items___iter__Prop)
</UL>
<P><STRONG><a name="[7b]"></a>PikaStdData_dict_keys___str__Method</STRONG> (Thumb, 156 bytes, Stack size 40 bytes, lto-llvm-97d2c9.o(.text.PikaStdData_dict_keys___str__Method))
<BR><BR>[Stack]<UL><LI>Max Depth = 1016<LI>Call Chain = PikaStdData_dict_keys___str__Method &rArr; PikaStdLib_SysObj_str &rArr; __link_deinit_pyload &rArr; arg_deinit &rArr; arg_deinitHeap &rArr; obj_deinit &rArr;  arg_deinit (Cycle)
</UL>
<BR>[Calls]<UL><LI><a href="#[da]">&gt;&gt;</a>&nbsp;&nbsp;&nbsp;obj_getStr
<LI><a href="#[3e]">&gt;&gt;</a>&nbsp;&nbsp;&nbsp;arg_strAppend
<LI><a href="#[46]">&gt;&gt;</a>&nbsp;&nbsp;&nbsp;obj_getPtr
<LI><a href="#[15a]">&gt;&gt;</a>&nbsp;&nbsp;&nbsp;args_getArgByidex
<LI><a href="#[116]">&gt;&gt;</a>&nbsp;&nbsp;&nbsp;OUTLINED_FUNCTION_5
<LI><a href="#[fa]">&gt;&gt;</a>&nbsp;&nbsp;&nbsp;OUTLINED_FUNCTION_21
<LI><a href="#[139]">&gt;&gt;</a>&nbsp;&nbsp;&nbsp;OUTLINED_FUNCTION_32
<LI><a href="#[156]">&gt;&gt;</a>&nbsp;&nbsp;&nbsp;OUTLINED_FUNCTION_77
<LI><a href="#[167]">&gt;&gt;</a>&nbsp;&nbsp;&nbsp;PikaStdLib_SysObj_str
<LI><a href="#[166]">&gt;&gt;</a>&nbsp;&nbsp;&nbsp;arg_newStr.718
<LI><a href="#[115]">&gt;&gt;</a>&nbsp;&nbsp;&nbsp;OUTLINED_FUNCTION_44
<LI><a href="#[168]">&gt;&gt;</a>&nbsp;&nbsp;&nbsp;method_returnStr
</UL>
<BR>[Address Reference Count : 1]<UL><LI> lto-llvm-97d2c9.o(.rodata.PikaStdData_dict_keys___str__Prop)
</UL>
<P><STRONG><a name="[79]"></a>PikaStdData_dict_keys___len__Method</STRONG> (Thumb, 32 bytes, Stack size 8 bytes, lto-llvm-97d2c9.o(.text.PikaStdData_dict_keys___len__Method))
<BR><BR>[Stack]<UL><LI>Max Depth = 440<LI>Call Chain = PikaStdData_dict_keys___len__Method &rArr; obj_getPtr &rArr;  OUTLINED_FUNCTION_48 (Cycle)
</UL>
<BR>[Calls]<UL><LI><a href="#[46]">&gt;&gt;</a>&nbsp;&nbsp;&nbsp;obj_getPtr
<LI><a href="#[160]">&gt;&gt;</a>&nbsp;&nbsp;&nbsp;args_getSize
<LI><a href="#[161]">&gt;&gt;</a>&nbsp;&nbsp;&nbsp;OUTLINED_FUNCTION_75
<LI><a href="#[15c]">&gt;&gt;</a>&nbsp;&nbsp;&nbsp;method_returnInt
</UL>
<BR>[Address Reference Count : 1]<UL><LI> lto-llvm-97d2c9.o(.rodata.PikaStdData_dict_keys___len__Prop)
</UL>
<P><STRONG><a name="[7a]"></a>PikaStdData_dict_keys___next__Method</STRONG> (Thumb, 76 bytes, Stack size 24 bytes, lto-llvm-97d2c9.o(.text.PikaStdData_dict_keys___next__Method))
<BR><BR>[Stack]<UL><LI>Max Depth = 456<LI>Call Chain = PikaStdData_dict_keys___next__Method &rArr; obj_getPtr &rArr;  OUTLINED_FUNCTION_48 (Cycle)
</UL>
<BR>[Calls]<UL><LI><a href="#[46]">&gt;&gt;</a>&nbsp;&nbsp;&nbsp;obj_getPtr
<LI><a href="#[144]">&gt;&gt;</a>&nbsp;&nbsp;&nbsp;OUTLINED_FUNCTION_41
<LI><a href="#[15a]">&gt;&gt;</a>&nbsp;&nbsp;&nbsp;args_getArgByidex
<LI><a href="#[162]">&gt;&gt;</a>&nbsp;&nbsp;&nbsp;args_getInt
<LI><a href="#[158]">&gt;&gt;</a>&nbsp;&nbsp;&nbsp;arg_copy
<LI><a href="#[163]">&gt;&gt;</a>&nbsp;&nbsp;&nbsp;arg_newNull.713
<LI><a href="#[15e]">&gt;&gt;</a>&nbsp;&nbsp;&nbsp;method_returnArg
</UL>
<BR>[Address Reference Count : 1]<UL><LI> lto-llvm-97d2c9.o(.rodata.PikaStdData_dict_keys___next__Prop)
</UL>
<P><STRONG><a name="[78]"></a>PikaStdData_dict_keys___iter__Method</STRONG> (Thumb, 28 bytes, Stack size 16 bytes, lto-llvm-97d2c9.o(.text.PikaStdData_dict_keys___iter__Method))
<BR><BR>[Stack]<UL><LI>Max Depth = 456<LI>Call Chain = PikaStdData_dict_keys___iter__Method &rArr; OUTLINED_FUNCTION_10 &rArr; obj_setInt &rArr; obj_getHostObj &rArr; __obj_getObjWithKeepDeepth &rArr;  arg_deinit (Cycle)
</UL>
<BR>[Calls]<UL><LI><a href="#[12e]">&gt;&gt;</a>&nbsp;&nbsp;&nbsp;OUTLINED_FUNCTION_10
<LI><a href="#[15f]">&gt;&gt;</a>&nbsp;&nbsp;&nbsp;arg_newRef
<LI><a href="#[15e]">&gt;&gt;</a>&nbsp;&nbsp;&nbsp;method_returnArg
</UL>
<BR>[Address Reference Count : 1]<UL><LI> lto-llvm-97d2c9.o(.rodata.PikaStdData_dict_keys___iter__Prop)
</UL>
<P><STRONG><a name="[7c]"></a>PikaStdLib_MemCheckerMethod</STRONG> (Thumb, 24 bytes, Stack size 8 bytes, lto-llvm-97d2c9.o(.text.PikaStdLib_MemCheckerMethod))
<BR><BR>[Stack]<UL><LI>Max Depth = 184<LI>Call Chain = PikaStdLib_MemCheckerMethod &rArr; method_returnArg &rArr; args_pushArg_name &rArr; args_pushArg &rArr; OUTLINED_FUNCTION_78 &rArr; arg_copy &rArr; arg_create &rArr; arg_create_hash &rArr; _arg_set_hash &rArr; pikaMalloc &rArr; malloc &rArr; internal_alloc &rArr; __aeabi_memcpy
</UL>
<BR>[Calls]<UL><LI><a href="#[17b]">&gt;&gt;</a>&nbsp;&nbsp;&nbsp;arg_newDirectObj
<LI><a href="#[15e]">&gt;&gt;</a>&nbsp;&nbsp;&nbsp;method_returnArg
</UL>
<BR>[Address Reference Count : 1]<UL><LI> lto-llvm-97d2c9.o(.rodata.PikaStdLib_MemCheckerProp)
</UL>
<P><STRONG><a name="[48]"></a>New_PikaStdLib_MemChecker</STRONG> (Thumb, 24 bytes, Stack size 8 bytes, lto-llvm-97d2c9.o(.text.New_PikaStdLib_MemChecker))
<BR><BR>[Stack]<UL><LI>Max Depth = 440<LI>Call Chain = New_PikaStdLib_MemChecker &rArr; OUTLINED_FUNCTION_9 &rArr; obj_setPtr &rArr; OUTLINED_FUNCTION_38 &rArr; obj_getHostObj &rArr; __obj_getObjWithKeepDeepth &rArr;  arg_deinit (Cycle)
</UL>
<BR>[Calls]<UL><LI><a href="#[123]">&gt;&gt;</a>&nbsp;&nbsp;&nbsp;New_PikaObj
<LI><a href="#[125]">&gt;&gt;</a>&nbsp;&nbsp;&nbsp;OUTLINED_FUNCTION_14
<LI><a href="#[127]">&gt;&gt;</a>&nbsp;&nbsp;&nbsp;OUTLINED_FUNCTION_9
</UL>
<BR>[Address Reference Count : 1]<UL><LI> lto-llvm-97d2c9.o(.text.PikaStdLib_MemCheckerMethod)
</UL>
<P><STRONG><a name="[7e]"></a>PikaStdLib_MemChecker_nowMethod</STRONG> (Thumb, 32 bytes, Stack size 8 bytes, lto-llvm-97d2c9.o(.text.PikaStdLib_MemChecker_nowMethod))
<BR><BR>[Stack]<UL><LI>Max Depth = 96<LI>Call Chain = PikaStdLib_MemChecker_nowMethod &rArr; __aeabi_dmul &rArr; _double_epilogue &rArr; _double_round
</UL>
<BR>[Calls]<UL><LI><a href="#[bf]">&gt;&gt;</a>&nbsp;&nbsp;&nbsp;__aeabi_dmul
<LI><a href="#[52]">&gt;&gt;</a>&nbsp;&nbsp;&nbsp;__platform_printf
<LI><a href="#[ca]">&gt;&gt;</a>&nbsp;&nbsp;&nbsp;__aeabi_ui2d
</UL>
<BR>[Address Reference Count : 1]<UL><LI> lto-llvm-97d2c9.o(.rodata.PikaStdLib_MemChecker_nowProp)
</UL>
<P><STRONG><a name="[7d]"></a>PikaStdLib_MemChecker_maxMethod</STRONG> (Thumb, 32 bytes, Stack size 8 bytes, lto-llvm-97d2c9.o(.text.PikaStdLib_MemChecker_maxMethod))
<BR><BR>[Stack]<UL><LI>Max Depth = 96<LI>Call Chain = PikaStdLib_MemChecker_maxMethod &rArr; __aeabi_dmul &rArr; _double_epilogue &rArr; _double_round
</UL>
<BR>[Calls]<UL><LI><a href="#[bf]">&gt;&gt;</a>&nbsp;&nbsp;&nbsp;__aeabi_dmul
<LI><a href="#[52]">&gt;&gt;</a>&nbsp;&nbsp;&nbsp;__platform_printf
<LI><a href="#[ca]">&gt;&gt;</a>&nbsp;&nbsp;&nbsp;__aeabi_ui2d
</UL>
<BR>[Address Reference Count : 1]<UL><LI> lto-llvm-97d2c9.o(.rodata.PikaStdLib_MemChecker_maxProp)
</UL>
<P><STRONG><a name="[7f]"></a>PikaStdLib_RangeObj___next__Method</STRONG> (Thumb, 92 bytes, Stack size 16 bytes, lto-llvm-97d2c9.o(.text.PikaStdLib_RangeObj___next__Method))
<BR><BR>[Stack]<UL><LI>Max Depth = 192<LI>Call Chain = PikaStdLib_RangeObj___next__Method &rArr; method_returnArg &rArr; args_pushArg_name &rArr; args_pushArg &rArr; OUTLINED_FUNCTION_78 &rArr; arg_copy &rArr; arg_create &rArr; arg_create_hash &rArr; _arg_set_hash &rArr; pikaMalloc &rArr; malloc &rArr; internal_alloc &rArr; __aeabi_memcpy
</UL>
<BR>[Calls]<UL><LI><a href="#[49]">&gt;&gt;</a>&nbsp;&nbsp;&nbsp;args_getNode
<LI><a href="#[177]">&gt;&gt;</a>&nbsp;&nbsp;&nbsp;arg_setNull
<LI><a href="#[17c]">&gt;&gt;</a>&nbsp;&nbsp;&nbsp;arg_setInt
<LI><a href="#[15e]">&gt;&gt;</a>&nbsp;&nbsp;&nbsp;method_returnArg
</UL>
<BR>[Address Reference Count : 1]<UL><LI> lto-llvm-97d2c9.o(.rodata.PikaStdLib_RangeObj___next__Prop)
</UL>
<P><STRONG><a name="[80]"></a>PikaStdLib_SysObjMethod</STRONG> (Thumb, 24 bytes, Stack size 8 bytes, lto-llvm-97d2c9.o(.text.PikaStdLib_SysObjMethod))
<BR><BR>[Stack]<UL><LI>Max Depth = 184<LI>Call Chain = PikaStdLib_SysObjMethod &rArr; method_returnArg &rArr; args_pushArg_name &rArr; args_pushArg &rArr; OUTLINED_FUNCTION_78 &rArr; arg_copy &rArr; arg_create &rArr; arg_create_hash &rArr; _arg_set_hash &rArr; pikaMalloc &rArr; malloc &rArr; internal_alloc &rArr; __aeabi_memcpy
</UL>
<BR>[Calls]<UL><LI><a href="#[17b]">&gt;&gt;</a>&nbsp;&nbsp;&nbsp;arg_newDirectObj
<LI><a href="#[15e]">&gt;&gt;</a>&nbsp;&nbsp;&nbsp;method_returnArg
</UL>
<BR>[Address Reference Count : 1]<UL><LI> lto-llvm-97d2c9.o(.rodata.PikaStdLib_SysObjProp)
</UL>
<P><STRONG><a name="[55]"></a>New_PikaMain</STRONG> (Thumb, 36 bytes, Stack size 8 bytes, lto-llvm-97d2c9.o(.text.New_PikaMain))
<BR><BR>[Stack]<UL><LI>Max Depth = 1000<LI>Call Chain = New_PikaMain &rArr; obj_newObj &rArr; arg_strAppend &rArr; OUTLINED_FUNCTION_31 &rArr; __link_deinit_pyload &rArr; arg_deinit &rArr; arg_deinitHeap &rArr; obj_deinit &rArr;  arg_deinit (Cycle)
</UL>
<BR>[Calls]<UL><LI><a href="#[10b]">&gt;&gt;</a>&nbsp;&nbsp;&nbsp;obj_newObj
<LI><a href="#[124]">&gt;&gt;</a>&nbsp;&nbsp;&nbsp;obj_setPtr
<LI><a href="#[125]">&gt;&gt;</a>&nbsp;&nbsp;&nbsp;OUTLINED_FUNCTION_14
<LI><a href="#[45]">&gt;&gt;</a>&nbsp;&nbsp;&nbsp;New_PikaStdLib_SysObj
</UL>
<BR>[Address Reference Count : 1]<UL><LI> lto-llvm-97d2c9.o(.text.main)
</UL>
<P><STRONG><a name="[42]"></a>New_PikaStdLib</STRONG> (Thumb, 24 bytes, Stack size 8 bytes, lto-llvm-97d2c9.o(.text.New_PikaStdLib))
<BR><BR>[Stack]<UL><LI>Max Depth = 440<LI>Call Chain = New_PikaStdLib &rArr; OUTLINED_FUNCTION_9 &rArr; obj_setPtr &rArr; OUTLINED_FUNCTION_38 &rArr; obj_getHostObj &rArr; __obj_getObjWithKeepDeepth &rArr;  arg_deinit (Cycle)
</UL>
<BR>[Calls]<UL><LI><a href="#[123]">&gt;&gt;</a>&nbsp;&nbsp;&nbsp;New_PikaObj
<LI><a href="#[125]">&gt;&gt;</a>&nbsp;&nbsp;&nbsp;OUTLINED_FUNCTION_14
<LI><a href="#[127]">&gt;&gt;</a>&nbsp;&nbsp;&nbsp;OUTLINED_FUNCTION_9
</UL>
<BR>[Address Reference Count : 1]<UL><LI> lto-llvm-97d2c9.o(.text.New_PikaMain)
</UL>
<P><STRONG><a name="[57]"></a>__platform_getchar</STRONG> (Thumb, 24 bytes, Stack size 16 bytes, lto-llvm-97d2c9.o(.text.__platform_getchar))
<BR><BR>[Stack]<UL><LI>Max Depth = 56<LI>Call Chain = __platform_getchar &rArr; HAL_UART_Receive &rArr; UART_WaitOnFlagUntilTimeout
</UL>
<BR>[Calls]<UL><LI><a href="#[11a]">&gt;&gt;</a>&nbsp;&nbsp;&nbsp;HAL_UART_Receive
</UL>
<BR>[Address Reference Count : 1]<UL><LI> lto-llvm-97d2c9.o(.text.main)
</UL>
<P><STRONG><a name="[1e9]"></a>OUTLINED_FUNCTION_52</STRONG> (Thumb, 16 bytes, Stack size 0 bytes, lto-llvm-97d2c9.o(.text.OUTLINED_FUNCTION_52))
<BR><BR>[Called By]<UL><LI><a href="#[35]">&gt;&gt;</a>&nbsp;&nbsp;&nbsp;main
</UL>

<P><STRONG><a name="[12f]"></a>OUTLINED_FUNCTION_11</STRONG> (Thumb, 8 bytes, Stack size 0 bytes, lto-llvm-97d2c9.o(.text.OUTLINED_FUNCTION_11))
<BR><BR>[Calls]<UL><LI><a href="#[130]">&gt;&gt;</a>&nbsp;&nbsp;&nbsp;__aeabi_memclr4
</UL>
<BR>[Called By]<UL><LI><a href="#[35]">&gt;&gt;</a>&nbsp;&nbsp;&nbsp;main
</UL>

<P><STRONG><a name="[14a]"></a>OUTLINED_FUNCTION_57</STRONG> (Thumb, 10 bytes, Stack size 0 bytes, lto-llvm-97d2c9.o(.text.OUTLINED_FUNCTION_57))
<BR><BR>[Stack]<UL><LI>Max Depth = 16<LI>Call Chain = OUTLINED_FUNCTION_57 &rArr; UART_WaitOnFlagUntilTimeout
</UL>
<BR>[Calls]<UL><LI><a href="#[11b]">&gt;&gt;</a>&nbsp;&nbsp;&nbsp;UART_WaitOnFlagUntilTimeout
</UL>
<BR>[Called By]<UL><LI><a href="#[59]">&gt;&gt;</a>&nbsp;&nbsp;&nbsp;fputc
</UL>
<P>
<H3>
Undefined Global Symbols
</H3><HR></body></html>
