Component: Arm Compiler for Embedded 6.19 Tool: armlink [5e73cb00]

==============================================================================

Section Cross References

    startup_stm32f103xb.o(RESET) refers to startup_stm32f103xb.o(STACK) for __initial_sp
    startup_stm32f103xb.o(RESET) refers to startup_stm32f103xb.o(.text) for Reset_Handler
    startup_stm32f103xb.o(RESET) refers to lto-llvm-97d2c9.o(.text.NMI_Handler) for NMI_Handler
    startup_stm32f103xb.o(RESET) refers to lto-llvm-97d2c9.o(.text.HardFault_Handler) for HardFault_Handler
    startup_stm32f103xb.o(RESET) refers to lto-llvm-97d2c9.o(.text.MemManage_Handler) for MemManage_Handler
    startup_stm32f103xb.o(RESET) refers to lto-llvm-97d2c9.o(.text.BusFault_Handler) for BusFault_Handler
    startup_stm32f103xb.o(RESET) refers to lto-llvm-97d2c9.o(.text.UsageFault_Handler) for UsageFault_Handler
    startup_stm32f103xb.o(RESET) refers to lto-llvm-97d2c9.o(.text.SVC_Handler) for SVC_Handler
    startup_stm32f103xb.o(RESET) refers to lto-llvm-97d2c9.o(.text.DebugMon_Handler) for DebugMon_Handler
    startup_stm32f103xb.o(RESET) refers to lto-llvm-97d2c9.o(.text.PendSV_Handler) for PendSV_Handler
    startup_stm32f103xb.o(RESET) refers to lto-llvm-97d2c9.o(.text.SysTick_Handler) for SysTick_Handler
    startup_stm32f103xb.o(RESET) refers to lto-llvm-97d2c9.o(.text.USART1_IRQHandler) for USART1_IRQHandler
    startup_stm32f103xb.o(RESET) refers to lto-llvm-97d2c9.o(.text.USART2_IRQHandler) for USART2_IRQHandler
    startup_stm32f103xb.o(RESET) refers to lto-llvm-97d2c9.o(.text.USART3_IRQHandler) for USART3_IRQHandler
    startup_stm32f103xb.o(.text) refers to lto-llvm-97d2c9.o(.text.SystemInit) for SystemInit
    startup_stm32f103xb.o(.text) refers to entry.o(.ARM.Collect$$$$00000000) for __main
    acos.o(i.__softfp_acos) refers (Special) to iusefp.o(.text) for __I$use$fp
    acos.o(i.__softfp_acos) refers to acos.o(i.acos) for acos
    acos.o(i.acos) refers (Special) to iusefp.o(.text) for __I$use$fp
    acos.o(i.acos) refers to dunder.o(i.__mathlib_dbl_infnan) for __mathlib_dbl_infnan
    acos.o(i.acos) refers to errno.o(i.__set_errno) for __set_errno
    acos.o(i.acos) refers to dunder.o(i.__mathlib_dbl_invalid) for __mathlib_dbl_invalid
    acos.o(i.acos) refers to dmul.o(.text) for __aeabi_dmul
    acos.o(i.acos) refers to poly.o(i.__kernel_poly) for __kernel_poly
    acos.o(i.acos) refers to dadd.o(.text) for __aeabi_dadd
    acos.o(i.acos) refers to ddiv.o(.text) for __aeabi_ddiv
    acos.o(i.acos) refers to dscalb.o(.text) for __ARM_scalbn
    acos.o(i.acos) refers to sqrt.o(i.sqrt) for sqrt
    acos.o(i.acos) refers to acos.o(.constdata) for .constdata
    acos.o(.constdata) refers (Special) to iusefp.o(.text) for __I$use$fp
    asin.o(i.__softfp_asin) refers (Special) to iusefp.o(.text) for __I$use$fp
    asin.o(i.__softfp_asin) refers to asin.o(i.asin) for asin
    asin.o(i.asin) refers (Special) to iusefp.o(.text) for __I$use$fp
    asin.o(i.asin) refers to dunder.o(i.__mathlib_dbl_infnan) for __mathlib_dbl_infnan
    asin.o(i.asin) refers to dmul.o(.text) for __aeabi_dmul
    asin.o(i.asin) refers to dadd.o(.text) for __aeabi_dadd
    asin.o(i.asin) refers to errno.o(i.__set_errno) for __set_errno
    asin.o(i.asin) refers to dunder.o(i.__mathlib_dbl_invalid) for __mathlib_dbl_invalid
    asin.o(i.asin) refers to fpclassify.o(i.__ARM_fpclassify) for __ARM_fpclassify
    asin.o(i.asin) refers to dunder.o(i.__mathlib_dbl_underflow) for __mathlib_dbl_underflow
    asin.o(i.asin) refers to poly.o(i.__kernel_poly) for __kernel_poly
    asin.o(i.asin) refers to ddiv.o(.text) for __aeabi_ddiv
    asin.o(i.asin) refers to dscalb.o(.text) for __ARM_scalbn
    asin.o(i.asin) refers to sqrt.o(i.sqrt) for sqrt
    asin.o(i.asin) refers to asin.o(.constdata) for .constdata
    asin.o(.constdata) refers (Special) to iusefp.o(.text) for __I$use$fp
    atan.o(i.__softfp_atan) refers (Special) to iusefp.o(.text) for __I$use$fp
    atan.o(i.__softfp_atan) refers to atan.o(i.atan) for atan
    atan.o(i.atan) refers (Special) to iusefp.o(.text) for __I$use$fp
    atan.o(i.atan) refers to dunder.o(i.__mathlib_dbl_infnan) for __mathlib_dbl_infnan
    atan.o(i.atan) refers to fpclassify.o(i.__ARM_fpclassify) for __ARM_fpclassify
    atan.o(i.atan) refers to dunder.o(i.__mathlib_dbl_underflow) for __mathlib_dbl_underflow
    atan.o(i.atan) refers to dadd.o(.text) for __aeabi_dadd
    atan.o(i.atan) refers to dscalb.o(.text) for __ARM_scalbn
    atan.o(i.atan) refers to ddiv.o(.text) for __aeabi_ddiv
    atan.o(i.atan) refers to dmul.o(.text) for __aeabi_dmul
    atan.o(i.atan) refers to poly.o(i.__kernel_poly) for __kernel_poly
    atan.o(i.atan) refers to atan.o(.constdata) for .constdata
    atan.o(.constdata) refers (Special) to iusefp.o(.text) for __I$use$fp
    atan2.o(i.__softfp_atan2) refers (Special) to iusefp.o(.text) for __I$use$fp
[...]
    _printf_int_dec                          0x00000000   Number         0  printfstubs.o ABSOLUTE
    _printf_l                                0x00000000   Number         0  printfstubs.o ABSOLUTE
    _printf_lc                               0x00000000   Number         0  printfstubs.o ABSOLUTE
    _printf_ll                               0x00000000   Number         0  printfstubs.o ABSOLUTE
    _printf_lld                              0x00000000   Number         0  printfstubs.o ABSOLUTE
    _printf_lli                              0x00000000   Number         0  printfstubs.o ABSOLUTE
    _printf_llo                              0x00000000   Number         0  printfstubs.o ABSOLUTE
    _printf_llu                              0x00000000   Number         0  printfstubs.o ABSOLUTE
    _printf_llx                              0x00000000   Number         0  printfstubs.o ABSOLUTE
    _printf_longlong_dec                     0x00000000   Number         0  printfstubs.o ABSOLUTE
    _printf_longlong_hex                     0x00000000   Number         0  printfstubs.o ABSOLUTE
    _printf_longlong_oct                     0x00000000   Number         0  printfstubs.o ABSOLUTE
    _printf_ls                               0x00000000   Number         0  printfstubs.o ABSOLUTE
    _printf_mbtowc                           0x00000000   Number         0  printfstubs.o ABSOLUTE
    _printf_n                                0x00000000   Number         0  printfstubs.o ABSOLUTE
    _printf_o                                0x00000000   Number         0  printfstubs.o ABSOLUTE
    _printf_p                                0x00000000   Number         0  printfstubs.o ABSOLUTE
    _printf_percent                          0x00000000   Number         0  printfstubs.o ABSOLUTE
    _printf_pre_padding                      0x00000000   Number         0  printfstubs.o ABSOLUTE
    _printf_return_value                     0x00000000   Number         0  printfstubs.o ABSOLUTE
    _printf_s                                0x00000000   Number         0  printfstubs.o ABSOLUTE
    _printf_sizespec                         0x00000000   Number         0  printfstubs.o ABSOLUTE
    _printf_str                              0x00000000   Number         0  printfstubs.o ABSOLUTE
    _printf_truncate_signed                  0x00000000   Number         0  printfstubs.o ABSOLUTE
    _printf_truncate_unsigned                0x00000000   Number         0  printfstubs.o ABSOLUTE
    _printf_u                                0x00000000   Number         0  printfstubs.o ABSOLUTE
    _printf_wc                               0x00000000   Number         0  printfstubs.o ABSOLUTE
    _printf_wctomb                           0x00000000   Number         0  printfstubs.o ABSOLUTE
    _printf_widthprec                        0x00000000   Number         0  printfstubs.o ABSOLUTE
    _printf_x                                0x00000000   Number         0  printfstubs.o ABSOLUTE
    __cpp_initialize__aeabi_                  - Undefined Weak Reference
    __cxa_finalize                            - Undefined Weak Reference
    __decompress                              - Undefined Weak Reference
    _clock_init                               - Undefined Weak Reference
    _microlib_exit                            - Undefined Weak Reference
    __Vectors_Size                           0x000000ec   Number         0  startup_stm32f103xb.o ABSOLUTE
    __Vectors                                0x08000000   Data           4  startup_stm32f103xb.o(RESET)
    __Vectors_End                            0x080000ec   Data           0  startup_stm32f103xb.o(RESET)
    __main                                   0x080000ed   Thumb Code     0  entry.o(.ARM.Collect$$$$00000000)
    _main_stk                                0x080000ed   Thumb Code     0  entry2.o(.ARM.Collect$$$$00000001)
    _main_scatterload                        0x080000f1   Thumb Code     0  entry5.o(.ARM.Collect$$$$00000004)
    __main_after_scatterload                 0x080000f5   Thumb Code     0  entry5.o(.ARM.Collect$$$$00000004)
    _main_clock                              0x080000f5   Thumb Code     0  entry7b.o(.ARM.Collect$$$$00000008)
    _main_cpp_init                           0x080000f5   Thumb Code     0  entry8b.o(.ARM.Collect$$$$0000000A)
    _main_init                               0x080000f5   Thumb Code     0  entry9a.o(.ARM.Collect$$$$0000000B)
    __rt_final_cpp                           0x080000fd   Thumb Code     0  entry10a.o(.ARM.Collect$$$$0000000D)
    __rt_final_exit                          0x080000fd   Thumb Code     0  entry11a.o(.ARM.Collect$$$$0000000F)
    Reset_Handler                            0x08000101   Thumb Code     8  startup_stm32f103xb.o(.text)
    ADC1_2_IRQHandler                        0x0800011b   Thumb Code     0  startup_stm32f103xb.o(.text)
    CAN1_RX1_IRQHandler                      0x0800011b   Thumb Code     0  startup_stm32f103xb.o(.text)
    CAN1_SCE_IRQHandler                      0x0800011b   Thumb Code     0  startup_stm32f103xb.o(.text)
    DMA1_Channel1_IRQHandler                 0x0800011b   Thumb Code     0  startup_stm32f103xb.o(.text)
    DMA1_Channel2_IRQHandler                 0x0800011b   Thumb Code     0  startup_stm32f103xb.o(.text)
    DMA1_Channel3_IRQHandler                 0x0800011b   Thumb Code     0  startup_stm32f103xb.o(.text)
    DMA1_Channel4_IRQHandler                 0x0800011b   Thumb Code     0  startup_stm32f103xb.o(.text)
    DMA1_Channel5_IRQHandler                 0x0800011b   Thumb Code     0  startup_stm32f103xb.o(.text)
    DMA1_Channel6_IRQHandler                 0x0800011b   Thumb Code     0  startup_stm32f103xb.o(.text)
    DMA1_Channel7_IRQHandler                 0x0800011b   Thumb Code     0  startup_stm32f103xb.o(.text)
    EXTI0_IRQHandler                         0x0800011b   Thumb Code     0  startup_stm32f103xb.o(.text)
    EXTI15_10_IRQHandler                     0x0800011b   Thumb Code     0  startup_stm32f103xb.o(.text)
    EXTI1_IRQHandler                         0x0800011b   Thumb Code     0  startup_stm32f103xb.o(.text)
    EXTI2_IRQHandler                         0x0800011b   Thumb Code     0  startup_stm32f103xb.o(.text)
    EXTI3_IRQHandler                         0x0800011b   Thumb Code     0  startup_stm32f103xb.o(.text)
    EXTI4_IRQHandler                         0x0800011b   Thumb Code     0  startup_stm32f103xb.o(.text)
    EXTI9_5_IRQHandler                       0x0800011b   Thumb Code     0  startup_stm32f103xb.o(.text)
    FLASH_IRQHandler                         0x0800011b   Thumb Code     0  startup_stm32f103xb.o(.text)
    I2C1_ER_IRQHandler                       0x0800011b   Thumb Code     0  startup_stm32f103xb.o(.text)
    I2C1_EV_IRQHandler                       0x0800011b   Thumb Code     0  startup_stm32f103xb.o(.text)
    I2C2_ER_IRQHandler                       0x0800011b   Thumb Code     0  startup_stm32f103xb.o(.text)
    I2C2_EV_IRQHandler                       0x0800011b   Thumb Code     0  startup_stm32f103xb.o(.text)
    PVD_IRQHandler                           0x0800011b   Thumb Code     0  startup_stm32f103xb.o(.text)
    RCC_IRQHandler                           0x0800011b   Thumb Code     0  startup_stm32f103xb.o(.text)
    RTC_Alarm_IRQHandler                     0x0800011b   Thumb Code     0  startup_stm32f103xb.o(.text)
    RTC_IRQHandler                           0x0800011b   Thumb Code     0  startup_stm32f103xb.o(.text)
    SPI1_IRQHandler                          0x0800011b   Thumb Code     0  startup_stm32f103xb.o(.text)
    SPI2_IRQHandler                          0x0800011b   Thumb Code     0  startup_stm32f103xb.o(.text)
    TAMPER_IRQHandler                        0x0800011b   Thumb Code     0  startup_stm32f103xb.o(.text)
    TIM1_BRK_IRQHandler                      0x0800011b   Thumb Code     0  startup_stm32f103xb.o(.text)
    TIM1_CC_IRQHandler                       0x0800011b   Thumb Code     0  startup_stm32f103xb.o(.text)
    TIM1_TRG_COM_IRQHandler                  0x0800011b   Thumb Code     0  startup_stm32f103xb.o(.text)
    TIM1_UP_IRQHandler                       0x0800011b   Thumb Code     0  startup_stm32f103xb.o(.text)
    TIM2_IRQHandler                          0x0800011b   Thumb Code     0  startup_stm32f103xb.o(.text)
    TIM3_IRQHandler                          0x0800011b   Thumb Code     0  startup_stm32f103xb.o(.text)
    TIM4_IRQHandler                          0x0800011b   Thumb Code     0  startup_stm32f103xb.o(.text)
    USBWakeUp_IRQHandler                     0x0800011b   Thumb Code     0  startup_stm32f103xb.o(.text)
    USB_HP_CAN1_TX_IRQHandler                0x0800011b   Thumb Code     0  startup_stm32f103xb.o(.text)
    USB_LP_CAN1_RX0_IRQHandler               0x0800011b   Thumb Code     0  startup_stm32f103xb.o(.text)
    WWDG_IRQHandler                          0x0800011b   Thumb Code     0  startup_stm32f103xb.o(.text)
    __rt_ctype_table                         0x08000125   Thumb Code     4  ctype_o.o(.text)
    isspace                                  0x0800012d   Thumb Code    18  isspace_o.o(.text)
    strstr                                   0x0800013f   Thumb Code    36  strstr.o(.text)
    strncpy                                  0x08000163   Thumb Code    24  strncpy.o(.text)
    strchr                                   0x0800017b   Thumb Code    20  strchr.o(.text)
    strlen                                   0x0800018f   Thumb Code    14  strlen.o(.text)
    strcmp                                   0x0800019d   Thumb Code    28  strcmp.o(.text)
    memcmp                                   0x080001b9   Thumb Code    26  memcmp.o(.text)
    strcpy                                   0x080001d3   Thumb Code    18  strcpy.o(.text)
    strncmp                                  0x080001e5   Thumb Code    30  strncmp.o(.text)
    strtoll                                  0x08000203   Thumb Code     4  strtoll.o(.text)
    __aeabi_uidiv                            0x08000207   Thumb Code     0  uidiv.o(.text)
    __aeabi_uidivmod                         0x08000207   Thumb Code    44  uidiv.o(.text)
    __aeabi_uldivmod                         0x08000233   Thumb Code    98  uldiv.o(.text)
    __strtod_int                             0x080002d3   Thumb Code    94  strtod.o(.text)
    __strtoll                                0x0800033d   Thumb Code   144  __strtoll.o(.text)
    __I$use$fp                               0x080003cd   Thumb Code     0  iusefp.o(.text)
    __aeabi_dadd                             0x080003cd   Thumb Code   322  dadd.o(.text)
    __aeabi_dsub                             0x0800050f   Thumb Code     6  dadd.o(.text)
    __aeabi_drsub                            0x08000515   Thumb Code     6  dadd.o(.text)
    __aeabi_dmul                             0x0800051b   Thumb Code   228  dmul.o(.text)
    __aeabi_ddiv                             0x080005ff   Thumb Code   222  ddiv.o(.text)
    __aeabi_d2iz                             0x080006dd   Thumb Code    62  dfixi.o(.text)
    __aeabi_d2ulz                            0x0800071b   Thumb Code    48  dfixul.o(.text)
    __aeabi_cdrcmple                         0x0800074d   Thumb Code    48  cdrcmple.o(.text)
    __scatterload                            0x0800077d   Thumb Code    28  init.o(.text)
    __scatterload_rt2                        0x0800077d   Thumb Code     0  init.o(.text)
    __aeabi_llsl                             0x080007a1   Thumb Code    30  llshl.o(.text)
    _ll_shift_l                              0x080007a1   Thumb Code     0  llshl.o(.text)
    __aeabi_llsr                             0x080007bf   Thumb Code    32  llushr.o(.text)
    _ll_ushift_r                             0x080007bf   Thumb Code     0  llushr.o(.text)
    __aeabi_lasr                             0x080007df   Thumb Code    36  llsshr.o(.text)
    _ll_sshift_r                             0x080007df   Thumb Code     0  llsshr.o(.text)
    _scanf_real                              0x0800092d   Thumb Code     0  scanf_fp.o(.text)
    _scanf_really_real                       0x0800092d   Thumb Code   556  scanf_fp.o(.text)
    _sgetc                                   0x08000b65   Thumb Code    30  _sgetc.o(.text)
    _sbackspace                              0x08000b83   Thumb Code    34  _sgetc.o(.text)
    _strtoull                                0x08000ba5   Thumb Code   194  _strtoull.o(.text)
    _double_round                            0x08000c67   Thumb Code    30  depilogue.o(.text)
    _double_epilogue                         0x08000c85   Thumb Code   156  depilogue.o(.text)
    __aeabi_ui2d                             0x08000d21   Thumb Code    26  dfltui.o(.text)
    _chval                                   0x08000d3b   Thumb Code    28  _chval.o(.text)
    __aeabi_ul2d                             0x08000d57   Thumb Code    24  dfltul.o(.text)
    __aeabi_d2f                              0x08000d6f   Thumb Code    56  d2f.o(.text)
    _float_round                             0x08000da7   Thumb Code    18  fepilogue.o(.text)
    _float_epilogue                          0x08000db9   Thumb Code    92  fepilogue.o(.text)
    __aeabi_ldivmod                          0x08000e15   Thumb Code    98  ldiv.o(.text)
    ___aeabi_memcpy8$move                    0x08000e77   Thumb Code     0  memmovea.o(.text)
    __aeabi_memcpy                           0x08000e77   Thumb Code    64  memmovea.o(.text)
    __aeabi_memcpy4                          0x08000e77   Thumb Code     0  memmovea.o(.text)
    __aeabi_memmove                          0x08000e77   Thumb Code     0  memmovea.o(.text)
    __aeabi_memmove4                         0x08000e77   Thumb Code     0  memmovea.o(.text)
    __aeabi_memmove8                         0x08000e77   Thumb Code     0  memmovea.o(.text)
    __aeabi_memset                           0x08000eb7   Thumb Code    14  memseta.o(.text)
    __aeabi_memset4                          0x08000eb7   Thumb Code     0  memseta.o(.text)
    __aeabi_memset8                          0x08000eb7   Thumb Code     0  memseta.o(.text)
    __aeabi_memclr                           0x08000ec5   Thumb Code     4  memseta.o(.text)
    __aeabi_memclr4                          0x08000ec5   Thumb Code     0  memseta.o(.text)
    __aeabi_memclr8                          0x08000ec5   Thumb Code     0  memseta.o(.text)
    _memset$wrapper                          0x08000ec9   Thumb Code    18  memseta.o(.text)
    __aeabi_dcmplt                           0x08000edb   Thumb Code    54  dcmplt.o(.text)
    __aeabi_dcmpgt                           0x08000f11   Thumb Code    54  dcmpgt.o(.text)
    __aeabi_dcmpeq                           0x08000f47   Thumb Code    56  dcmpeq.o(.text)
    __aeabi_l2f                              0x08000f7f   Thumb Code    44  ffltl.o(.text)
    __aeabi_l2d                              0x08000fab   Thumb Code    40  dfltl.o(.text)
    __aeabi_d2lz                             0x08000fd3   Thumb Code    74  dfixl.o(.text)
    __aeabi_f2d                              0x0800101d   Thumb Code    38  f2d.o(.text)
    BusFault_Handler                         0x08001cd9   Thumb Code     2  lto-llvm-97d2c9.o(.text.BusFault_Handler)
    DebugMon_Handler                         0x08001ec9   Thumb Code     2  lto-llvm-97d2c9.o(.text.DebugMon_Handler)
    HardFault_Handler                        0x080024c9   Thumb Code     2  lto-llvm-97d2c9.o(.text.HardFault_Handler)
    MemManage_Handler                        0x08002ae9   Thumb Code     2  lto-llvm-97d2c9.o(.text.MemManage_Handler)
    NMI_Handler                              0x08002aeb   Thumb Code     2  lto-llvm-97d2c9.o(.text.NMI_Handler)
    PendSV_Handler                           0x08002ef7   Thumb Code     2  lto-llvm-97d2c9.o(.text.PendSV_Handler)
    SVC_Handler                              0x08004081   Thumb Code     2  lto-llvm-97d2c9.o(.text.SVC_Handler)
    SysTick_Handler                          0x08004085   Thumb Code    12  lto-llvm-97d2c9.o(.text.SysTick_Handler)
    SystemInit                               0x08004091   Thumb Code     2  lto-llvm-97d2c9.o(.text.SystemInit)
    USART1_IRQHandler                        0x0800421d   Thumb Code     8  lto-llvm-97d2c9.o(.text.USART1_IRQHandler)
    USART2_IRQHandler                        0x08004229   Thumb Code     8  lto-llvm-97d2c9.o(.text.USART2_IRQHandler)
    USART3_IRQHandler                        0x08004235   Thumb Code     8  lto-llvm-97d2c9.o(.text.USART3_IRQHandler)
    UsageFault_Handler                       0x08004241   Thumb Code     2  lto-llvm-97d2c9.o(.text.UsageFault_Handler)
    fputc                                    0x08008379   Thumb Code   128  lto-llvm-97d2c9.o(.text.fputc)
    main                                     0x0800845d   Thumb Code  1896  lto-llvm-97d2c9.o(.text.main)
    __0vprintf                               0x080098a1   Thumb Code     8  printfa.o(i.__0vprintf)
    __1vprintf                               0x080098a1   Thumb Code     0  printfa.o(i.__0vprintf)
    __2vprintf                               0x080098a1   Thumb Code     0  printfa.o(i.__0vprintf)
    __c89vprintf                             0x080098a1   Thumb Code     0  printfa.o(i.__0vprintf)
    vprintf                                  0x080098a1   Thumb Code     0  printfa.o(i.__0vprintf)
    __0vsnprintf                             0x080098b1   Thumb Code    46  printfa.o(i.__0vsnprintf)
    __1vsnprintf                             0x080098b1   Thumb Code     0  printfa.o(i.__0vsnprintf)
    __2vsnprintf                             0x080098b1   Thumb Code     0  printfa.o(i.__0vsnprintf)
    __c89vsnprintf                           0x080098b1   Thumb Code     0  printfa.o(i.__0vsnprintf)
    vsnprintf                                0x080098b1   Thumb Code     0  printfa.o(i.__0vsnprintf)
    __aeabi_errno_addr                       0x080098e5   Thumb Code     4  errno.o(i.__aeabi_errno_addr)
    __rt_errno_addr                          0x080098e5   Thumb Code     0  errno.o(i.__aeabi_errno_addr)
    free                                     0x080098ed   Thumb Code    88  mallocr.o(i.__free$realloc)
    malloc                                   0x08009949   Thumb Code    64  mallocr.o(i.__malloc$realloc)
    __scatterload_copy                       0x08009999   Thumb Code    14  handlers.o(i.__scatterload_copy)
    __scatterload_null                       0x080099a7   Thumb Code     2  handlers.o(i.__scatterload_null)
    __scatterload_zeroinit                   0x080099a9   Thumb Code    14  handlers.o(i.__scatterload_zeroinit)
    _is_digit                                0x08009b3d   Thumb Code    14  scanf_fp.o(i._is_digit)
    puts                                     0x0800a2e1   Thumb Code    30  puts.o(i.puts)
    strtod                                   0x0800a305   Thumb Code    30  strtod.o(i.strtod)
    __ctype_table                            0x0800a322   Data         129  ctype_o.o(.constdata)
    Region$$Table$$Base                      0x0800b8f4   Number         0  anon$$obj.o(Region$$Table)
    Region$$Table$$Limit                     0x0800b914   Number         0  anon$$obj.o(Region$$Table)
    __stdout                                 0x20000000   Data           4  stdout.o(.data)
    __microlib_freelist                      0x20000004   Data           4  mvars.o(.data)
    __microlib_freelist_initialised          0x20000008   Data           4  mvars.o(.data)
    __heap_base                              0x200002d0   Data           0  startup_stm32f103xb.o(HEAP)
    __heap_limit                             0x200042d0   Data           0  startup_stm32f103xb.o(HEAP)
    __initial_sp                             0x20004ad0   Data           0  startup_stm32f103xb.o(STACK)



==============================================================================

Memory Map of the image

  Image Entry point : 0x080000ed

  Load Region LR_IROM1 (Base: 0x08000000, Size: 0x0000b9d8, Max: 0x00010000, ABSOLUTE)

    Execution Region ER_IROM1 (Exec base: 0x08000000, Load base: 0x08000000, Size: 0x0000b914, Max: 0x00010000, ABSOLUTE)

    Exec Addr    Load Addr    Size         Type   Attr      Idx    E Section Name        Object

    0x08000000   0x08000000   0x000000ec   Data   RO           77    RESET               startup_stm32f103xb.o
    0x080000ec   0x080000ec   0x00000000   Code   RO          166  * .ARM.Collect$$$$00000000  mc_w.l(entry.o)
    0x080000ec   0x080000ec   0x00000004   Code   RO          550    .ARM.Collect$$$$00000001  mc_w.l(entry2.o)
    0x080000f0   0x080000f0   0x00000004   Code   RO          553    .ARM.Collect$$$$00000004  mc_w.l(entry5.o)
    0x080000f4   0x080000f4   0x00000000   Code   RO          555    .ARM.Collect$$$$00000008  mc_w.l(entry7b.o)
    0x080000f4   0x080000f4   0x00000000   Code   RO          557    .ARM.Collect$$$$0000000A  mc_w.l(entry8b.o)
    0x080000f4   0x080000f4   0x00000008   Code   RO          558    .ARM.Collect$$$$0000000B  mc_w.l(entry9a.o)
    0x080000fc   0x080000fc   0x00000000   Code   RO          560    .ARM.Collect$$$$0000000D  mc_w.l(entry10a.o)
    0x080000fc   0x080000fc   0x00000000   Code   RO          562    .ARM.Collect$$$$0000000F  mc_w.l(entry11a.o)
    0x080000fc   0x080000fc   0x00000004   Code   RO          551    .ARM.Collect$$$$00002712  mc_w.l(entry2.o)
    0x08000100   0x08000100   0x00000024   Code   RO           78    .text               startup_stm32f103xb.o
    0x08000124   0x08000124   0x00000008   Code   RO          173    .text               mc_w.l(ctype_o.o)
    0x0800012c   0x0800012c   0x00000012   Code   RO          195    .text               mc_w.l(isspace_o.o)
    0x0800013e   0x0800013e   0x00000024   Code   RO          201    .text               mc_w.l(strstr.o)
    0x08000162   0x08000162   0x00000018   Code   RO          203    .text               mc_w.l(strncpy.o)
    0x0800017a   0x0800017a   0x00000014   Code   RO          205    .text               mc_w.l(strchr.o)
    0x0800018e   0x0800018e   0x0000000e   Code   RO          207    .text               mc_w.l(strlen.o)
    0x0800019c   0x0800019c   0x0000001c   Code   RO          209    .text               mc_w.l(strcmp.o)
    0x080001b8   0x080001b8   0x0000001a   Code   RO          211    .text               mc_w.l(memcmp.o)
    0x080001d2   0x080001d2   0x00000012   Code   RO          213    .text               mc_w.l(strcpy.o)
    0x080001e4   0x080001e4   0x0000001e   Code   RO          215    .text               mc_w.l(strncmp.o)
    0x08000202   0x08000202   0x00000004   Code   RO          508    .text               mc_w.l(strtoll.o)
    0x08000206   0x08000206   0x0000002c   Code   RO          574    .text               mc_w.l(uidiv.o)
    0x08000232   0x08000232   0x00000062   Code   RO          576    .text               mc_w.l(uldiv.o)
    0x08000294   0x08000294   0x000000a8   Code   RO          591    .text               mc_w.l(strtod.o)
    0x0800033c   0x0800033c   0x00000090   Code   RO          593    .text               mc_w.l(__strtoll.o)
    0x080003cc   0x080003cc   0x00000000   Code   RO          595    .text               mc_w.l(iusefp.o)
    0x080003cc   0x080003cc   0x0000014e   Code   RO          596    .text               mf_w.l(dadd.o)
    0x0800051a   0x0800051a   0x000000e4   Code   RO          598    .text               mf_w.l(dmul.o)
    0x080005fe   0x080005fe   0x000000de   Code   RO          600    .text               mf_w.l(ddiv.o)
    0x080006dc   0x080006dc   0x0000003e   Code   RO          610    .text               mf_w.l(dfixi.o)
    0x0800071a   0x0800071a   0x00000030   Code   RO          612    .text               mf_w.l(dfixul.o)
    0x0800074a   0x0800074a   0x00000002   PAD
    0x0800074c   0x0800074c   0x00000030   Code   RO          616    .text               mf_w.l(cdrcmple.o)
    0x0800077c   0x0800077c   0x00000024   Code   RO          618    .text               mc_w.l(init.o)
    0x080007a0   0x080007a0   0x0000001e   Code   RO          620    .text               mc_w.l(llshl.o)
    0x080007be   0x080007be   0x00000020   Code   RO          622    .text               mc_w.l(llushr.o)
    0x080007de   0x080007de   0x00000024   Code   RO          624    .text               mc_w.l(llsshr.o)
    0x08000802   0x08000802   0x00000002   PAD
    0x08000804   0x08000804   0x00000360   Code   RO          628    .text               mc_w.l(scanf_fp.o)
    0x08000b64   0x08000b64   0x00000040   Code   RO          632    .text               mc_w.l(_sgetc.o)
    0x08000ba4   0x08000ba4   0x000000c2   Code   RO          634    .text               mc_w.l(_strtoull.o)
    0x08000c66   0x08000c66   0x000000ba   Code   RO          636    .text               mf_w.l(depilogue.o)
    0x08000d20   0x08000d20   0x0000001a   Code   RO          638    .text               mf_w.l(dfltui.o)
    0x08000d3a   0x08000d3a   0x0000001c   Code   RO          643    .text               mc_w.l(_chval.o)
    0x08000d56   0x08000d56   0x00000018   Code   RO          645    .text               mf_w.l(dfltul.o)
    0x08000d6e   0x08000d6e   0x00000038   Code   RO          647    .text               mf_w.l(d2f.o)
    0x08000da6   0x08000da6   0x0000006e   Code   RO          649    .text               mf_w.l(fepilogue.o)
    0x08000e14   0x08000e14   0x00000062   Code   RO         1536    .text               mc_w.l(ldiv.o)
    0x08000e76   0x08000e76   0x00000040   Code   RO         1538    .text               mc_w.l(memmovea.o)
    0x08000eb6   0x08000eb6   0x00000024   Code   RO         1540    .text               mc_w.l(memseta.o)
    0x08000eda   0x08000eda   0x00000036   Code   RO         1544    .text               mf_w.l(dcmplt.o)
    0x08000f10   0x08000f10   0x00000036   Code   RO         1546    .text               mf_w.l(dcmpgt.o)
    0x08000f46   0x08000f46   0x00000038   Code   RO         1548    .text               mf_w.l(dcmpeq.o)
    0x08000f7e   0x08000f7e   0x0000002c   Code   RO         1550    .text               mf_w.l(ffltl.o)
    0x08000faa   0x08000faa   0x00000028   Code   RO         1552    .text               mf_w.l(dfltl.o)
    0x08000fd2   0x08000fd2   0x0000004a   Code   RO         1554    .text               mf_w.l(dfixl.o)
    0x0800101c   0x0800101c   0x00000026   Code   RO         1556    .text               mf_w.l(f2d.o)
    0x08001042   0x08001042   0x00000002   PAD
    0x08001044   0x08001044   0x00000048   Code   RO          990    .text.ASM_addBlockDeepth  lto-llvm-97d2c9.o
    0x0800108c   0x0800108c   0x00000110   Code   RO          992    .text.AST_genAsm_sub  lto-llvm-97d2c9.o
    0x0800119c   0x0800119c   0x00000010   Code   RO          988    .text.AST_getBlockDeepthNow  lto-llvm-97d2c9.o
    0x080011ac   0x080011ac   0x0000000c   Code   RO          982    .text.AST_getThisBlock  lto-llvm-97d2c9.o
    0x080011b8   0x080011b8   0x00000aac   Code   RO          986    .text.AST_parseStmt  lto-llvm-97d2c9.o
    0x08001c64   0x08001c64   0x00000068   Code   RO          984    .text.AST_parseSubStmt  lto-llvm-97d2c9.o
    0x08001ccc   0x08001ccc   0x0000000c   Code   RO          980    .text.AST_setNodeBlock  lto-llvm-97d2c9.o
    0x08001cd8   0x08001cd8   0x00000002   Code   RO         1264    .text.BusFault_Handler  lto-llvm-97d2c9.o
    0x08001cda   0x08001cda   0x00000016   Code   RO          960    .text.Cursor_deinit  lto-llvm-97d2c9.o
    0x08001cf0   0x08001cf0   0x00000070   Code   RO          978    .text.Cursor_isContain  lto-llvm-97d2c9.o
    0x08001d60   0x08001d60   0x000000cc   Code   RO          962    .text.Cursor_iterStart  lto-llvm-97d2c9.o
    0x08001e2c   0x08001e2c   0x0000009c   Code   RO          976    .text.Cursor_removeTokensBetween  lto-llvm-97d2c9.o
    0x08001ec8   0x08001ec8   0x00000002   Code   RO         1270    .text.DebugMon_Handler  lto-llvm-97d2c9.o
    0x08001eca   0x08001eca   0x00000002   PAD
    0x08001ecc   0x08001ecc   0x00000080   Code   RO          994    .text.GenRule_toAsm  lto-llvm-97d2c9.o
    0x08001f4c   0x08001f4c   0x000001ac   Code   RO          664    .text.HAL_GPIO_Init  lto-llvm-97d2c9.o
    0x080020f8   0x080020f8   0x00000064   Code   RO          662    .text.HAL_InitTick  lto-llvm-97d2c9.o
    0x0800215c   0x0800215c   0x000002b4   Code   RO          656    .text.HAL_UART_IRQHandler  lto-llvm-97d2c9.o
    0x08002410   0x08002410   0x000000b8   Code   RO          654    .text.HAL_UART_Receive  lto-llvm-97d2c9.o
    0x080024c8   0x080024c8   0x00000002   Code   RO         1260    .text.HardFault_Handler  lto-llvm-97d2c9.o
    0x080024ca   0x080024ca   0x00000002   PAD
    0x080024cc   0x080024cc   0x00000558   Code   RO          966    .text.Lexer_getTokenStream  lto-llvm-97d2c9.o
    0x08002a24   0x08002a24   0x0000007c   Code   RO          968    .text.Lexer_setSymbel  lto-llvm-97d2c9.o
    0x08002aa0   0x08002aa0   0x00000048   Code   RO          970    .text.Lexer_setToken  lto-llvm-97d2c9.o
    0x08002ae8   0x08002ae8   0x00000002   Code   RO         1262    .text.MemManage_Handler  lto-llvm-97d2c9.o
    0x08002aea   0x08002aea   0x00000002   Code   RO         1258    .text.NMI_Handler   lto-llvm-97d2c9.o
    0x08002aec   0x08002aec   0x00000004   Code   RO         1112    .text.New_LibObj    lto-llvm-97d2c9.o
    0x08002af0   0x08002af0   0x00000038   Code   RO         1250    .text.New_PikaMain  lto-llvm-97d2c9.o
    0x08002b28   0x08002b28   0x0000001c   Code   RO          932    .text.New_PikaObj   lto-llvm-97d2c9.o
    0x08002b44   0x08002b44   0x0000001c   Code   RO         1160    .text.New_PikaStdData_Dict  lto-llvm-97d2c9.o
    0x08002b60   0x08002b60   0x0000001c   Code   RO         1192    .text.New_PikaStdData_Tuple  lto-llvm-97d2c9.o
    0x08002b7c   0x08002b7c   0x0000001c   Code   RO         1214    .text.New_PikaStdData_dict_items  lto-llvm-97d2c9.o
    0x08002b98   0x08002b98   0x0000001c   Code   RO         1224    .text.New_PikaStdData_dict_keys  lto-llvm-97d2c9.o
    0x08002bb4   0x08002bb4   0x0000001c   Code   RO         1252    .text.New_PikaStdLib  lto-llvm-97d2c9.o
    0x08002bd0   0x08002bd0   0x0000001c   Code   RO         1236    .text.New_PikaStdLib_MemChecker  lto-llvm-97d2c9.o
    0x08002bec   0x08002bec   0x0000001c   Code   RO         1242    .text.New_PikaStdLib_RangeObj  lto-llvm-97d2c9.o
    0x08002c08   0x08002c08   0x00000020   Code   RO         1248    .text.New_PikaStdLib_SysObj  lto-llvm-97d2c9.o
    0x08002c28   0x08002c28   0x00000004   Code   RO         1110    .text.New_TinyObj   lto-llvm-97d2c9.o
    0x08002c2c   0x08002c2c   0x0000000e   Code   RO          780    .text.New_link      lto-llvm-97d2c9.o
    0x08002c3a   0x08002c3a   0x00000002   PAD
    0x08002c3c   0x08002c3c   0x00000024   Code   RO          760    .text.New_pikaList  lto-llvm-97d2c9.o
    0x08002c60   0x08002c60   0x00000008   Code   RO         1282    .text.OUTLINED_FUNCTION_0  lto-llvm-97d2c9.o
    0x08002c68   0x08002c68   0x00000006   Code   RO         1284    .text.OUTLINED_FUNCTION_1  lto-llvm-97d2c9.o
    0x08002c6e   0x08002c6e   0x0000000a   Code   RO         1302    .text.OUTLINED_FUNCTION_10  lto-llvm-97d2c9.o
    0x08002c78   0x08002c78   0x00000008   Code   RO         1304    .text.OUTLINED_FUNCTION_11  lto-llvm-97d2c9.o
    0x08002c80   0x08002c80   0x0000000c   Code   RO         1306    .text.OUTLINED_FUNCTION_12  lto-llvm-97d2c9.o
    0x08002c8c   0x08002c8c   0x00000008   Code   RO         1308    .text.OUTLINED_FUNCTION_13  lto-llvm-97d2c9.o
    0x08002c94   0x08002c94   0x00000006   Code   RO         1310    .text.OUTLINED_FUNCTION_14  lto-llvm-97d2c9.o
    0x08002c9a   0x08002c9a   0x00000008   Code   RO         1312    .text.OUTLINED_FUNCTION_15  lto-llvm-97d2c9.o
    0x08002ca2   0x08002ca2   0x00000006   Code   RO         1314    .text.OUTLINED_FUNCTION_16  lto-llvm-97d2c9.o
    0x08002ca8   0x08002ca8   0x00000016   Code   RO         1316    .text.OUTLINED_FUNCTION_17  lto-llvm-97d2c9.o
    0x08002cbe   0x08002cbe   0x00000008   Code   RO         1318    .text.OUTLINED_FUNCTION_18  lto-llvm-97d2c9.o
    0x08002cc6   0x08002cc6   0x00000010   Code   RO         1320    .text.OUTLINED_FUNCTION_19  lto-llvm-97d2c9.o
    0x08002cd6   0x08002cd6   0x00000006   Code   RO         1286    .text.OUTLINED_FUNCTION_2  lto-llvm-97d2c9.o
    0x08002cdc   0x08002cdc   0x00000006   Code   RO         1322    .text.OUTLINED_FUNCTION_20  lto-llvm-97d2c9.o
    0x08002ce2   0x08002ce2   0x00000006   Code   RO         1324    .text.OUTLINED_FUNCTION_21  lto-llvm-97d2c9.o
    0x08002ce8   0x08002ce8   0x00000006   Code   RO         1326    .text.OUTLINED_FUNCTION_22  lto-llvm-97d2c9.o
    0x08002cee   0x08002cee   0x00000010   Code   RO         1328    .text.OUTLINED_FUNCTION_23  lto-llvm-97d2c9.o
    0x08002cfe   0x08002cfe   0x00000006   Code   RO         1330    .text.OUTLINED_FUNCTION_24  lto-llvm-97d2c9.o
    0x08002d04   0x08002d04   0x00000008   Code   RO         1332    .text.OUTLINED_FUNCTION_25  lto-llvm-97d2c9.o
    0x08002d0c   0x08002d0c   0x0000000e   Code   RO         1334    .text.OUTLINED_FUNCTION_26  lto-llvm-97d2c9.o
    0x08002d1a   0x08002d1a   0x00000012   Code   RO         1336    .text.OUTLINED_FUNCTION_27  lto-llvm-97d2c9.o
    0x08002d2c   0x08002d2c   0x0000000a   Code   RO         1338    .text.OUTLINED_FUNCTION_28  lto-llvm-97d2c9.o
    0x08002d36   0x08002d36   0x00000008   Code   RO         1340    .text.OUTLINED_FUNCTION_29  lto-llvm-97d2c9.o
    0x08002d3e   0x08002d3e   0x00000006   Code   RO         1288    .text.OUTLINED_FUNCTION_3  lto-llvm-97d2c9.o
    0x08002d44   0x08002d44   0x00000008   Code   RO         1342    .text.OUTLINED_FUNCTION_30  lto-llvm-97d2c9.o
    0x08002d4c   0x08002d4c   0x00000006   Code   RO         1344    .text.OUTLINED_FUNCTION_31  lto-llvm-97d2c9.o
    0x08002d52   0x08002d52   0x00000008   Code   RO         1346    .text.OUTLINED_FUNCTION_32  lto-llvm-97d2c9.o
    0x08002d5a   0x08002d5a   0x00000006   Code   RO         1348    .text.OUTLINED_FUNCTION_33  lto-llvm-97d2c9.o
    0x08002d60   0x08002d60   0x0000000c   Code   RO         1350    .text.OUTLINED_FUNCTION_34  lto-llvm-97d2c9.o
    0x08002d6c   0x08002d6c   0x00000006   Code   RO         1352    .text.OUTLINED_FUNCTION_35  lto-llvm-97d2c9.o
    0x08002d72   0x08002d72   0x00000008   Code   RO         1354    .text.OUTLINED_FUNCTION_36  lto-llvm-97d2c9.o
    0x08002d7a   0x08002d7a   0x00000008   Code   RO         1356    .text.OUTLINED_FUNCTION_37  lto-llvm-97d2c9.o
    0x08002d82   0x08002d82   0x00000008   Code   RO         1358    .text.OUTLINED_FUNCTION_38  lto-llvm-97d2c9.o
    0x08002d8a   0x08002d8a   0x0000000c   Code   RO         1360    .text.OUTLINED_FUNCTION_39  lto-llvm-97d2c9.o
    0x08002d96   0x08002d96   0x0000000a   Code   RO         1290    .text.OUTLINED_FUNCTION_4  lto-llvm-97d2c9.o
    0x08002da0   0x08002da0   0x00000008   Code   RO         1362    .text.OUTLINED_FUNCTION_40  lto-llvm-97d2c9.o
    0x08002da8   0x08002da8   0x00000006   Code   RO         1364    .text.OUTLINED_FUNCTION_41  lto-llvm-97d2c9.o
    0x08002dae   0x08002dae   0x00000008   Code   RO         1366    .text.OUTLINED_FUNCTION_42  lto-llvm-97d2c9.o
    0x08002db6   0x08002db6   0x00000006   Code   RO         1368    .text.OUTLINED_FUNCTION_43  lto-llvm-97d2c9.o
    0x08002dbc   0x08002dbc   0x00000006   Code   RO         1370    .text.OUTLINED_FUNCTION_44  lto-llvm-97d2c9.o
    0x08002dc2   0x08002dc2   0x00000006   Code   RO         1372    .text.OUTLINED_FUNCTION_45  lto-llvm-97d2c9.o
    0x08002dc8   0x08002dc8   0x00000006   Code   RO         1374    .text.OUTLINED_FUNCTION_46  lto-llvm-97d2c9.o
    0x08002dce   0x08002dce   0x0000000c   Code   RO         1376    .text.OUTLINED_FUNCTION_47  lto-llvm-97d2c9.o
    0x08002dda   0x08002dda   0x00000006   Code   RO         1378    .text.OUTLINED_FUNCTION_48  lto-llvm-97d2c9.o
    0x08002de0   0x08002de0   0x00000008   Code   RO         1380    .text.OUTLINED_FUNCTION_49  lto-llvm-97d2c9.o
    0x08002de8   0x08002de8   0x00000006   Code   RO         1292    .text.OUTLINED_FUNCTION_5  lto-llvm-97d2c9.o
    0x08002dee   0x08002dee   0x00000008   Code   RO         1382    .text.OUTLINED_FUNCTION_50  lto-llvm-97d2c9.o
    0x08002df6   0x08002df6   0x00000006   Code   RO         1384    .text.OUTLINED_FUNCTION_51  lto-llvm-97d2c9.o
    0x08002dfc   0x08002dfc   0x00000010   Code   RO         1386    .text.OUTLINED_FUNCTION_52  lto-llvm-97d2c9.o
    0x08002e0c   0x08002e0c   0x00000008   Code   RO         1388    .text.OUTLINED_FUNCTION_53  lto-llvm-97d2c9.o
    0x08002e14   0x08002e14   0x0000000a   Code   RO         1390    .text.OUTLINED_FUNCTION_54  lto-llvm-97d2c9.o
    0x08002e1e   0x08002e1e   0x0000000a   Code   RO         1392    .text.OUTLINED_FUNCTION_55  lto-llvm-97d2c9.o
    0x08002e28   0x08002e28   0x00000006   Code   RO         1394    .text.OUTLINED_FUNCTION_56  lto-llvm-97d2c9.o
    0x08002e2e   0x08002e2e   0x0000000a   Code   RO         1396    .text.OUTLINED_FUNCTION_57  lto-llvm-97d2c9.o
    0x08002e38   0x08002e38   0x0000000a   Code   RO         1398    .text.OUTLINED_FUNCTION_58  lto-llvm-97d2c9.o
    0x08002e42   0x08002e42   0x00000006   Code   RO         1400    .text.OUTLINED_FUNCTION_59  lto-llvm-97d2c9.o
    0x08002e48   0x08002e48   0x00000006   Code   RO         1294    .text.OUTLINED_FUNCTION_6  lto-llvm-97d2c9.o
    0x08002e4e   0x08002e4e   0x00000006   Code   RO         1402    .text.OUTLINED_FUNCTION_60  lto-llvm-97d2c9.o
    0x08002e54   0x08002e54   0x00000006   Code   RO         1404    .text.OUTLINED_FUNCTION_61  lto-llvm-97d2c9.o
    0x08002e5a   0x08002e5a   0x00000006   Code   RO         1406    .text.OUTLINED_FUNCTION_62  lto-llvm-97d2c9.o
    0x08002e60   0x08002e60   0x0000000a   Code   RO         1408    .text.OUTLINED_FUNCTION_63  lto-llvm-97d2c9.o
    0x08002e6a   0x08002e6a   0x00000006   Code   RO         1410    .text.OUTLINED_FUNCTION_64  lto-llvm-97d2c9.o
    0x08002e70   0x08002e70   0x00000008   Code   RO         1412    .text.OUTLINED_FUNCTION_65  lto-llvm-97d2c9.o
    0x08002e78   0x08002e78   0x00000006   Code   RO         1414    .text.OUTLINED_FUNCTION_66  lto-llvm-97d2c9.o
    0x08002e7e   0x08002e7e   0x00000006   Code   RO         1416    .text.OUTLINED_FUNCTION_67  lto-llvm-97d2c9.o
    0x08002e84   0x08002e84   0x00000016   Code   RO         1418    .text.OUTLINED_FUNCTION_68  lto-llvm-97d2c9.o
    0x08002e9a   0x08002e9a   0x00000006   Code   RO         1420    .text.OUTLINED_FUNCTION_69  lto-llvm-97d2c9.o
    0x08002ea0   0x08002ea0   0x00000006   Code   RO         1296    .text.OUTLINED_FUNCTION_7  lto-llvm-97d2c9.o
    0x08002ea6   0x08002ea6   0x0000000a   Code   RO         1422    .text.OUTLINED_FUNCTION_70  lto-llvm-97d2c9.o
    0x08002eb0   0x08002eb0   0x00000006   Code   RO         1424    .text.OUTLINED_FUNCTION_71  lto-llvm-97d2c9.o
    0x08002eb6   0x08002eb6   0x00000006   Code   RO         1426    .text.OUTLINED_FUNCTION_72  lto-llvm-97d2c9.o
    0x08002ebc   0x08002ebc   0x00000006   Code   RO         1428    .text.OUTLINED_FUNCTION_73  lto-llvm-97d2c9.o
    0x08002ec2   0x08002ec2   0x00000006   Code   RO         1430    .text.OUTLINED_FUNCTION_74  lto-llvm-97d2c9.o
    0x08002ec8   0x08002ec8   0x00000008   Code   RO         1432    .text.OUTLINED_FUNCTION_75  lto-llvm-97d2c9.o
    0x08002ed0   0x08002ed0   0x0000000a   Code   RO         1434    .text.OUTLINED_FUNCTION_76  lto-llvm-97d2c9.o
    0x08002eda   0x08002eda   0x0000000a   Code   RO         1436    .text.OUTLINED_FUNCTION_77  lto-llvm-97d2c9.o
    0x08002ee4   0x08002ee4   0x00000006   Code   RO         1438    .text.OUTLINED_FUNCTION_78  lto-llvm-97d2c9.o
    0x08002eea   0x08002eea   0x00000006   Code   RO         1298    .text.OUTLINED_FUNCTION_8  lto-llvm-97d2c9.o
    0x08002ef0   0x08002ef0   0x00000006   Code   RO         1300    .text.OUTLINED_FUNCTION_9  lto-llvm-97d2c9.o
    0x08002ef6   0x08002ef6   0x00000002   Code   RO         1272    .text.PendSV_Handler  lto-llvm-97d2c9.o
    0x08002ef8   0x08002ef8   0x00000048   Code   RO         1170    .text.PikaStdData_Dict___contains__Method  lto-llvm-97d2c9.o
    0x08002f40   0x08002f40   0x00000028   Code   RO         1168    .text.PikaStdData_Dict___del__Method  lto-llvm-97d2c9.o
    0x08002f68   0x08002f68   0x00000020   Code   RO         1172    .text.PikaStdData_Dict___getitem__Method  lto-llvm-97d2c9.o
    0x08002f88   0x08002f88   0x00000028   Code   RO         1180    .text.PikaStdData_Dict___init__Method  lto-llvm-97d2c9.o
    0x08002fb0   0x08002fb0   0x0000001c   Code   RO         1178    .text.PikaStdData_Dict___iter__Method  lto-llvm-97d2c9.o
    0x08002fcc   0x08002fcc   0x0000001c   Code   RO         1166    .text.PikaStdData_Dict___len__Method  lto-llvm-97d2c9.o
    0x08002fe8   0x08002fe8   0x0000004c   Code   RO         1176    .text.PikaStdData_Dict___next__Method  lto-llvm-97d2c9.o
    0x08003034   0x08003034   0x00000038   Code   RO         1174    .text.PikaStdData_Dict___setitem__Method  lto-llvm-97d2c9.o
    0x0800306c   0x0800306c   0x000000fc   Code   RO         1164    .text.PikaStdData_Dict___str__Method  lto-llvm-97d2c9.o
    0x08003168   0x08003168   0x00000048   Code   RO         1120    .text.PikaStdData_Dict_get  lto-llvm-97d2c9.o
    0x080031b0   0x080031b0   0x00000024   Code   RO         1190    .text.PikaStdData_Dict_getMethod  lto-llvm-97d2c9.o
    0x080031d4   0x080031d4   0x00000024   Code   RO         1186    .text.PikaStdData_Dict_itemsMethod  lto-llvm-97d2c9.o
    0x080031f8   0x080031f8   0x00000024   Code   RO         1162    .text.PikaStdData_Dict_keysMethod  lto-llvm-97d2c9.o
    0x0800321c   0x0800321c   0x00000048   Code   RO         1184    .text.PikaStdData_Dict_removeMethod  lto-llvm-97d2c9.o
    0x08003264   0x08003264   0x0000002c   Code   RO         1188    .text.PikaStdData_Dict_setMethod  lto-llvm-97d2c9.o
    0x08003290   0x08003290   0x00000064   Code   RO         1182    .text.PikaStdData_Dict_updateMethod  lto-llvm-97d2c9.o
    0x080032f4   0x080032f4   0x00000058   Code   RO         1200    .text.PikaStdData_Tuple___contains__Method  lto-llvm-97d2c9.o
    0x0800334c   0x0800334c   0x00000010   Code   RO         1198    .text.PikaStdData_Tuple___del__Method  lto-llvm-97d2c9.o
    0x0800335c   0x0800335c   0x00000028   Code   RO         1202    .text.PikaStdData_Tuple___getitem__Method  lto-llvm-97d2c9.o
    0x08003384   0x08003384   0x00000018   Code   RO         1136    .text.PikaStdData_Tuple___init__  lto-llvm-97d2c9.o
    0x0800339c   0x0800339c   0x00000004   Code   RO         1208    .text.PikaStdData_Tuple___init__Method  lto-llvm-97d2c9.o
    0x080033a0   0x080033a0   0x00000024   Code   RO         1206    .text.PikaStdData_Tuple___iter__Method  lto-llvm-97d2c9.o
    0x080033c4   0x080033c4   0x00000014   Code   RO         1196    .text.PikaStdData_Tuple___len__Method  lto-llvm-97d2c9.o
    0x080033d8   0x080033d8   0x0000003c   Code   RO         1204    .text.PikaStdData_Tuple___next__Method  lto-llvm-97d2c9.o
    0x08003414   0x08003414   0x000000ac   Code   RO         1194    .text.PikaStdData_Tuple___str__Method  lto-llvm-97d2c9.o
    0x080034c0   0x080034c0   0x00000018   Code   RO         1134    .text.PikaStdData_Tuple_get  lto-llvm-97d2c9.o
    0x080034d8   0x080034d8   0x00000028   Code   RO         1212    .text.PikaStdData_Tuple_getMethod  lto-llvm-97d2c9.o
    0x08003500   0x08003500   0x00000010   Code   RO         1132    .text.PikaStdData_Tuple_len  lto-llvm-97d2c9.o
    0x08003510   0x08003510   0x00000014   Code   RO         1210    .text.PikaStdData_Tuple_lenMethod  lto-llvm-97d2c9.o
    0x08003524   0x08003524   0x0000001c   Code   RO         1222    .text.PikaStdData_dict_items___iter__Method  lto-llvm-97d2c9.o
    0x08003540   0x08003540   0x00000020   Code   RO         1218    .text.PikaStdData_dict_items___len__Method  lto-llvm-97d2c9.o
    0x08003560   0x08003560   0x0000009c   Code   RO         1130    .text.PikaStdData_dict_items___next__  lto-llvm-97d2c9.o
    0x080035fc   0x080035fc   0x00000014   Code   RO         1220    .text.PikaStdData_dict_items___next__Method  lto-llvm-97d2c9.o
    0x08003610   0x08003610   0x00000088   Code   RO         1216    .text.PikaStdData_dict_items___str__Method  lto-llvm-97d2c9.o
    0x08003698   0x08003698   0x00000008   Code   RO         1126    .text.PikaStdData_dict_keys___init__  lto-llvm-97d2c9.o
    0x080036a0   0x080036a0   0x0000001c   Code   RO         1232    .text.PikaStdData_dict_keys___iter__Method  lto-llvm-97d2c9.o
    0x080036bc   0x080036bc   0x00000020   Code   RO         1228    .text.PikaStdData_dict_keys___len__Method  lto-llvm-97d2c9.o
    0x080036dc   0x080036dc   0x00000050   Code   RO         1230    .text.PikaStdData_dict_keys___next__Method  lto-llvm-97d2c9.o
    0x0800372c   0x0800372c   0x000000c0   Code   RO         1226    .text.PikaStdData_dict_keys___str__Method  lto-llvm-97d2c9.o
    0x080037ec   0x080037ec   0x0000001c   Code   RO         1234    .text.PikaStdLib_MemCheckerMethod  lto-llvm-97d2c9.o
    0x08003808   0x08003808   0x00000020   Code   RO         1240    .text.PikaStdLib_MemChecker_maxMethod  lto-llvm-97d2c9.o
    0x08003828   0x08003828   0x0000002c   Code   RO         1238    .text.PikaStdLib_MemChecker_nowMethod  lto-llvm-97d2c9.o
    0x08003854   0x08003854   0x00000064   Code   RO         1244    .text.PikaStdLib_RangeObj___next__Method  lto-llvm-97d2c9.o
    0x080038b8   0x080038b8   0x0000001c   Code   RO         1246    .text.PikaStdLib_SysObjMethod  lto-llvm-97d2c9.o
    0x080038d4   0x080038d4   0x00000028   Code   RO         1144    .text.PikaStdLib_SysObj___getitem__Method  lto-llvm-97d2c9.o
    0x080038fc   0x080038fc   0x00000134   Code   RO         1146    .text.PikaStdLib_SysObj___setitem__Method  lto-llvm-97d2c9.o
    0x08003a30   0x08003a30   0x000000a8   Code   RO         1152    .text.PikaStdLib_SysObj_floatMethod  lto-llvm-97d2c9.o
    0x08003ad8   0x08003ad8   0x000000cc   Code   RO         1158    .text.PikaStdLib_SysObj_intMethod  lto-llvm-97d2c9.o
    0x08003ba4   0x08003ba4   0x00000088   Code   RO         1142    .text.PikaStdLib_SysObj_iterMethod  lto-llvm-97d2c9.o
    0x08003c2c   0x08003c2c   0x000000d0   Code   RO         1156    .text.PikaStdLib_SysObj_lenMethod  lto-llvm-97d2c9.o
    0x08003cfc   0x08003cfc   0x000001c0   Code   RO         1150    .text.PikaStdLib_SysObj_printMethod  lto-llvm-97d2c9.o
    0x08003ebc   0x08003ebc   0x000000f0   Code   RO         1148    .text.PikaStdLib_SysObj_rangeMethod  lto-llvm-97d2c9.o
    0x08003fac   0x08003fac   0x000000b0   Code   RO         1140    .text.PikaStdLib_SysObj_str  lto-llvm-97d2c9.o
    0x0800405c   0x0800405c   0x00000024   Code   RO         1154    .text.PikaStdLib_SysObj_strMethod  lto-llvm-97d2c9.o
    0x08004080   0x08004080   0x00000002   Code   RO         1268    .text.SVC_Handler   lto-llvm-97d2c9.o
    0x08004082   0x08004082   0x00000002   PAD
    0x08004084   0x08004084   0x0000000c   Code   RO         1274    .text.SysTick_Handler  lto-llvm-97d2c9.o
    0x08004090   0x08004090   0x00000002   Code   RO         1276    .text.SystemInit    lto-llvm-97d2c9.o
    0x08004092   0x08004092   0x00000002   PAD
    0x08004094   0x08004094   0x00000024   Code   RO          950    .text.TokenStream_getSize  lto-llvm-97d2c9.o
    0x080040b8   0x080040b8   0x00000006   Code   RO          964    .text.TokenStream_pop  lto-llvm-97d2c9.o
    0x080040be   0x080040be   0x0000000a   Code   RO          660    .text.UART_DMAAbortOnError  lto-llvm-97d2c9.o
    0x080040c8   0x080040c8   0x00000110   Code   RO          658    .text.UART_Receive_IT  lto-llvm-97d2c9.o
    0x080041d8   0x080041d8   0x00000044   Code   RO          652    .text.UART_WaitOnFlagUntilTimeout  lto-llvm-97d2c9.o
    0x0800421c   0x0800421c   0x0000000c   Code   RO         1114    .text.USART1_IRQHandler  lto-llvm-97d2c9.o
    0x08004228   0x08004228   0x0000000c   Code   RO         1116    .text.USART2_IRQHandler  lto-llvm-97d2c9.o
    0x08004234   0x08004234   0x0000000c   Code   RO         1118    .text.USART3_IRQHandler  lto-llvm-97d2c9.o
    0x08004240   0x08004240   0x00000002   Code   RO         1266    .text.UsageFault_Handler  lto-llvm-97d2c9.o
    0x08004242   0x08004242   0x00000050   Code   RO         1090    .text.VMState_getAddrOffsetOfJmpBack  lto-llvm-97d2c9.o
    0x08004292   0x08004292   0x00000046   Code   RO         1098    .text.VMState_getInputArgNum  lto-llvm-97d2c9.o
    0x080042d8   0x080042d8   0x000004b0   Code   RO         1102    .text.VMState_loadArgsFromMethodArg  lto-llvm-97d2c9.o
    0x08004788   0x08004788   0x00000044   Code   RO         1088    .text.VMState_solveUnusedStack  lto-llvm-97d2c9.o
    0x080047cc   0x080047cc   0x00000004   Code   RO         1060    .text.VM_instruction_handler_ASS  lto-llvm-97d2c9.o
    0x080047d0   0x080047d0   0x0000000c   Code   RO         1028    .text.VM_instruction_handler_BRK  lto-llvm-97d2c9.o
    0x080047dc   0x080047dc   0x00000048   Code   RO         1040    .text.VM_instruction_handler_BYT  lto-llvm-97d2c9.o
    0x08004824   0x08004824   0x0000000c   Code   RO         1038    .text.VM_instruction_handler_CLS  lto-llvm-97d2c9.o
    0x08004830   0x08004830   0x0000000a   Code   RO         1030    .text.VM_instruction_handler_CTN  lto-llvm-97d2c9.o
    0x0800483a   0x0800483a   0x00000004   Code   RO         1056    .text.VM_instruction_handler_DCT  lto-llvm-97d2c9.o
    0x0800483e   0x0800483e   0x0000000c   Code   RO         1018    .text.VM_instruction_handler_DEF  lto-llvm-97d2c9.o
    0x0800484a   0x0800484a   0x00000002   PAD
    0x0800484c   0x0800484c   0x00000090   Code   RO         1024    .text.VM_instruction_handler_DEL  lto-llvm-97d2c9.o
    0x080048dc   0x080048dc   0x00000028   Code   RO         1026    .text.VM_instruction_handler_EST  lto-llvm-97d2c9.o
    0x08004904   0x08004904   0x00000004   Code   RO         1062    .text.VM_instruction_handler_EXP  lto-llvm-97d2c9.o
    0x08004908   0x08004908   0x00000014   Code   RO         1052    .text.VM_instruction_handler_GER  lto-llvm-97d2c9.o
    0x0800491c   0x0800491c   0x00000060   Code   RO         1032    .text.VM_instruction_handler_GLB  lto-llvm-97d2c9.o
    0x0800497c   0x0800497c   0x000000f0   Code   RO         1044    .text.VM_instruction_handler_IMP  lto-llvm-97d2c9.o
    0x08004a6c   0x08004a6c   0x00000032   Code   RO         1014    .text.VM_instruction_handler_JEZ  lto-llvm-97d2c9.o
    0x08004a9e   0x08004a9e   0x00000010   Code   RO         1012    .text.VM_instruction_handler_JMP  lto-llvm-97d2c9.o
    0x08004aae   0x08004aae   0x00000034   Code   RO         1064    .text.VM_instruction_handler_JNZ  lto-llvm-97d2c9.o
    0x08004ae2   0x08004ae2   0x00000004   Code   RO         1042    .text.VM_instruction_handler_LST  lto-llvm-97d2c9.o
    0x08004ae6   0x08004ae6   0x00000024   Code   RO         1022    .text.VM_instruction_handler_NEL  lto-llvm-97d2c9.o
    0x08004b0a   0x08004b0a   0x0000001a   Code   RO         1036    .text.VM_instruction_handler_NEW  lto-llvm-97d2c9.o
    0x08004b24   0x08004b24   0x00000004   Code   RO         1000    .text.VM_instruction_handler_NON  lto-llvm-97d2c9.o
    0x08004b28   0x08004b28   0x0000000a   Code   RO         1048    .text.VM_instruction_handler_NTR  lto-llvm-97d2c9.o
    0x08004b32   0x08004b32   0x00000002   PAD
    0x08004b34   0x08004b34   0x000000e4   Code   RO         1010    .text.VM_instruction_handler_NUM  lto-llvm-97d2c9.o
    0x08004c18   0x08004c18   0x00000624   Code   RO         1016    .text.VM_instruction_handler_OPT  lto-llvm-97d2c9.o
    0x0800523c   0x0800523c   0x0000015c   Code   RO         1008    .text.VM_instruction_handler_OUT  lto-llvm-97d2c9.o
    0x08005398   0x08005398   0x00000050   Code   RO         1034    .text.VM_instruction_handler_RAS  lto-llvm-97d2c9.o
    0x080053e8   0x080053e8   0x00000178   Code   RO         1002    .text.VM_instruction_handler_REF  lto-llvm-97d2c9.o
    0x08005560   0x08005560   0x00000024   Code   RO         1020    .text.VM_instruction_handler_RET  lto-llvm-97d2c9.o
    0x08005584   0x08005584   0x00000004   Code   RO         1050    .text.VM_instruction_handler_RIS  lto-llvm-97d2c9.o
    0x08005588   0x08005588   0x000002d4   Code   RO         1004    .text.VM_instruction_handler_RUN  lto-llvm-97d2c9.o
    0x0800585c   0x0800585c   0x00000012   Code   RO         1054    .text.VM_instruction_handler_SER  lto-llvm-97d2c9.o
    0x0800586e   0x0800586e   0x00000030   Code   RO         1058    .text.VM_instruction_handler_SLC  lto-llvm-97d2c9.o
    0x0800589e   0x0800589e   0x00000002   PAD
    0x080058a0   0x080058a0   0x00000044   Code   RO         1006    .text.VM_instruction_handler_STR  lto-llvm-97d2c9.o
    0x080058e4   0x080058e4   0x0000000a   Code   RO         1046    .text.VM_instruction_handler_TRY  lto-llvm-97d2c9.o
    0x080058ee   0x080058ee   0x00000024   Code   RO          958    .text._Cursor_beforeIter  lto-llvm-97d2c9.o
    0x08005912   0x08005912   0x00000028   Code   RO          954    .text._Cursor_init  lto-llvm-97d2c9.o
    0x0800593a   0x0800593a   0x00000020   Code   RO          956    .text._Cursor_parse  lto-llvm-97d2c9.o
    0x0800595a   0x0800595a   0x00000002   PAD
    0x0800595c   0x0800595c   0x000000e4   Code   RO         1100    .text._OPT_EQU      lto-llvm-97d2c9.o
    0x08005a40   0x08005a40   0x00000046   Code   RO         1066    .text._VM_JEZ       lto-llvm-97d2c9.o
    0x08005a86   0x08005a86   0x00000002   PAD
    0x08005a88   0x08005a88   0x0000006c   Code   RO         1094    .text.__VM_instruction_handler_DEF  lto-llvm-97d2c9.o
    0x08005af4   0x08005af4   0x00000044   Code   RO          908    .text.__class_defineMethodWithType  lto-llvm-97d2c9.o
    0x08005b38   0x08005b38   0x000000c4   Code   RO         1092    .text.__get_transferd_str  lto-llvm-97d2c9.o
    0x08005bfc   0x08005bfc   0x00000012   Code   RO          774    .text.__link_deinit_pyload  lto-llvm-97d2c9.o
    0x08005c0e   0x08005c0e   0x00000038   Code   RO          778    .text.__link_removeNode  lto-llvm-97d2c9.o
    0x08005c46   0x08005c46   0x00000002   PAD
    0x08005c48   0x08005c48   0x000000f4   Code   RO          872    .text.__obj_getObjWithKeepDeepth  lto-llvm-97d2c9.o
    0x08005d3c   0x08005d3c   0x00000036   Code   RO          882    .text.__obj_setArg  lto-llvm-97d2c9.o
    0x08005d72   0x08005d72   0x00000002   PAD
    0x08005d74   0x08005d74   0x000012d8   Code   RO          916    .text.__obj_shellLineHandler_REPL  lto-llvm-97d2c9.o
    0x0800704c   0x0800704c   0x000002c0   Code   RO         1086    .text.__pikaVM_runByteCodeFrameWithState  lto-llvm-97d2c9.o
    0x0800730c   0x0800730c   0x00000018   Code   RO         1254    .text.__platform_getchar  lto-llvm-97d2c9.o
    0x08007324   0x08007324   0x00000018   Code   RO          996    .text.__platform_printf  lto-llvm-97d2c9.o
    0x0800733c   0x0800733c   0x00000088   Code   RO          998    .text.__platform_sprintf  lto-llvm-97d2c9.o
    0x080073c4   0x080073c4   0x0000008c   Code   RO          688    .text.__printBytes  lto-llvm-97d2c9.o
    0x08007450   0x08007450   0x00000050   Code   RO         1108    .text.__vm_Dict_set  lto-llvm-97d2c9.o
    0x080074a0   0x080074a0   0x00000130   Code   RO         1068    .text.__vm_get      lto-llvm-97d2c9.o
    0x080075d0   0x080075d0   0x0000007e   Code   RO          678    .text._arg_set_hash  lto-llvm-97d2c9.o
    0x0800764e   0x0800764e   0x00000014   Code   RO          876    .text._arg_to_obj   lto-llvm-97d2c9.o
    0x08007662   0x08007662   0x00000002   PAD
    0x08007664   0x08007664   0x0000009c   Code   RO         1082    .text._cache_bytecodeframe  lto-llvm-97d2c9.o
    0x08007700   0x08007700   0x0000001c   Code   RO         1096    .text._checkLReg    lto-llvm-97d2c9.o
    0x0800771c   0x0800771c   0x0000002a   Code   RO         1084    .text._do_byteCodeFrame_loadByteCode  lto-llvm-97d2c9.o
    0x08007746   0x08007746   0x000000b0   Code   RO         1074    .text._do_pikaVM_runByteCode  lto-llvm-97d2c9.o
    0x080077f6   0x080077f6   0x00000002   PAD
    0x080077f8   0x080077f8   0x00000020   Code   RO         1106    .text._get_return_arg  lto-llvm-97d2c9.o
    0x08007818   0x08007818   0x00000030   Code   RO          860    .text._obj_getMethodArg  lto-llvm-97d2c9.o
    0x08007848   0x08007848   0x00000068   Code   RO          864    .text._obj_getProp  lto-llvm-97d2c9.o
    0x080078b0   0x080078b0   0x0000008e   Code   RO         1104    .text._obj_runMethodArgWithState  lto-llvm-97d2c9.o
    0x0800793e   0x0800793e   0x00000002   PAD
    0x08007940   0x08007940   0x00000078   Code   RO          948    .text._obj_updateProxyFlag  lto-llvm-97d2c9.o
    0x080079b8   0x080079b8   0x00000028   Code   RO          914    .text._putc_cmd     lto-llvm-97d2c9.o
    0x080079e0   0x080079e0   0x00000060   Code   RO          974    .text._remove_sub_stmt  lto-llvm-97d2c9.o
    0x08007a40   0x08007a40   0x00000052   Code   RO          800    .text._stack_popArg  lto-llvm-97d2c9.o
    0x08007a92   0x08007a92   0x00000080   Code   RO          712    .text.arg_append    lto-llvm-97d2c9.o
    0x08007b12   0x08007b12   0x00000032   Code   RO          722    .text.arg_copy      lto-llvm-97d2c9.o
    0x08007b44   0x08007b44   0x00000052   Code   RO          724    .text.arg_copy_noalloc  lto-llvm-97d2c9.o
    0x08007b96   0x08007b96   0x00000002   PAD
    0x08007b98   0x08007b98   0x0000001c   Code   RO          674    .text.arg_create    lto-llvm-97d2c9.o
    0x08007bb4   0x08007bb4   0x00000018   Code   RO          676    .text.arg_create_hash  lto-llvm-97d2c9.o
    0x08007bcc   0x08007bcc   0x0000001a   Code   RO          694    .text.arg_deinit    lto-llvm-97d2c9.o
    0x08007be6   0x08007be6   0x0000003e   Code   RO          696    .text.arg_deinitHeap  lto-llvm-97d2c9.o
    0x08007c24   0x08007c24   0x00000008   Code   RO          670    .text.arg_freeContent  lto-llvm-97d2c9.o
    0x08007c2c   0x08007c2c   0x00000014   Code   RO          690    .text.arg_getBytesSize  lto-llvm-97d2c9.o
    0x08007c40   0x08007c40   0x00000020   Code   RO          708    .text.arg_getFloat  lto-llvm-97d2c9.o
    0x08007c60   0x08007c60   0x0000001c   Code   RO          706    .text.arg_getInt    lto-llvm-97d2c9.o
    0x08007c7c   0x08007c7c   0x0000001c   Code   RO          698    .text.arg_getPtr    lto-llvm-97d2c9.o
    0x08007c98   0x08007c98   0x0000000c   Code   RO          702    .text.arg_getStr    lto-llvm-97d2c9.o
    0x08007ca4   0x08007ca4   0x00000076   Code   RO          726    .text.arg_isEqual   lto-llvm-97d2c9.o
    0x08007d1a   0x08007d1a   0x00000002   PAD
    0x08007d1c   0x08007d1c   0x0000000c   Code   RO         1072    .text.arg_newBytes  lto-llvm-97d2c9.o
    0x08007d28   0x08007d28   0x00000008   Code   RO          686    .text.arg_newContent  lto-llvm-97d2c9.o
    0x08007d30   0x08007d30   0x00000012   Code   RO          902    .text.arg_newDirectObj  lto-llvm-97d2c9.o
    0x08007d42   0x08007d42   0x00000002   PAD
    0x08007d44   0x08007d44   0x0000000c   Code   RO          750    .text.arg_newInt    lto-llvm-97d2c9.o
    0x08007d50   0x08007d50   0x0000000c   Code   RO          900    .text.arg_newMetaObj  lto-llvm-97d2c9.o
    0x08007d5c   0x08007d5c   0x00000006   Code   RO         1078    .text.arg_newNull   lto-llvm-97d2c9.o
    0x08007d62   0x08007d62   0x00000006   Code   RO         1124    .text.arg_newNull.713  lto-llvm-97d2c9.o
    0x08007d68   0x08007d68   0x0000000c   Code   RO          904    .text.arg_newPtr    lto-llvm-97d2c9.o
    0x08007d74   0x08007d74   0x00000008   Code   RO         1122    .text.arg_newRef    lto-llvm-97d2c9.o
    0x08007d7c   0x08007d7c   0x00000008   Code   RO          924    .text.arg_newStr    lto-llvm-97d2c9.o
    0x08007d84   0x08007d84   0x00000008   Code   RO          952    .text.arg_newStr.147  lto-llvm-97d2c9.o
    0x08007d8c   0x08007d8c   0x00000008   Code   RO         1070    .text.arg_newStr.243  lto-llvm-97d2c9.o
    0x08007d94   0x08007d94   0x00000008   Code   RO         1128    .text.arg_newStr.718  lto-llvm-97d2c9.o
    0x08007d9c   0x08007d9c   0x00000008   Code   RO         1138    .text.arg_newStr.797  lto-llvm-97d2c9.o
    0x08007da4   0x08007da4   0x00000024   Code   RO          700    .text.arg_set       lto-llvm-97d2c9.o
    0x08007dc8   0x08007dc8   0x0000004a   Code   RO          684    .text.arg_setBytes  lto-llvm-97d2c9.o
    0x08007e12   0x08007e12   0x0000004c   Code   RO          672    .text.arg_setContent  lto-llvm-97d2c9.o
    0x08007e5e   0x08007e5e   0x00000016   Code   RO          718    .text.arg_setFloat  lto-llvm-97d2c9.o
    0x08007e74   0x08007e74   0x00000016   Code   RO          714    .text.arg_setInt    lto-llvm-97d2c9.o
    0x08007e8a   0x08007e8a   0x00000016   Code   RO          682    .text.arg_setName   lto-llvm-97d2c9.o
    0x08007ea0   0x08007ea0   0x0000001a   Code   RO          680    .text.arg_setNameHash  lto-llvm-97d2c9.o
    0x08007eba   0x08007eba   0x00000002   PAD
    0x08007ebc   0x08007ebc   0x00000018   Code   RO          716    .text.arg_setNull   lto-llvm-97d2c9.o
    0x08007ed4   0x08007ed4   0x00000008   Code   RO          934    .text.arg_setObj    lto-llvm-97d2c9.o
    0x08007edc   0x08007edc   0x00000018   Code   RO          720    .text.arg_setPtr    lto-llvm-97d2c9.o
    0x08007ef4   0x08007ef4   0x0000000a   Code   RO          936    .text.arg_setRef    lto-llvm-97d2c9.o
    0x08007efe   0x08007efe   0x00000026   Code   RO          692    .text.arg_setStr    lto-llvm-97d2c9.o
    0x08007f24   0x08007f24   0x00000018   Code   RO          710    .text.arg_setStruct  lto-llvm-97d2c9.o
    0x08007f3c   0x08007f3c   0x000000e4   Code   RO          704    .text.arg_singlePrint  lto-llvm-97d2c9.o
    0x08008020   0x08008020   0x00000034   Code   RO          846    .text.arg_strAppend  lto-llvm-97d2c9.o
    0x08008054   0x08008054   0x00000020   Code   RO          772    .text.args_cacheStr  lto-llvm-97d2c9.o
    0x08008074   0x08008074   0x00000012   Code   RO          756    .text.args_getArgByidex  lto-llvm-97d2c9.o
    0x08008086   0x08008086   0x00000022   Code   RO          744    .text.args_getBuff  lto-llvm-97d2c9.o
    0x080080a8   0x080080a8   0x00000038   Code   RO          752    .text.args_getInt   lto-llvm-97d2c9.o
    0x080080e0   0x080080e0   0x0000001c   Code   RO          734    .text.args_getNode  lto-llvm-97d2c9.o
    0x080080fc   0x080080fc   0x00000014   Code   RO          732    .text.args_getPtr   lto-llvm-97d2c9.o
    0x08008110   0x08008110   0x00000010   Code   RO          754    .text.args_getSize  lto-llvm-97d2c9.o
    0x08008120   0x08008120   0x0000001a   Code   RO          746    .text.args_getStr   lto-llvm-97d2c9.o
    0x0800813a   0x0800813a   0x00000002   PAD
    0x0800813c   0x0800813c   0x0000001c   Code   RO          770    .text.args_getTuple  lto-llvm-97d2c9.o
    0x08008158   0x08008158   0x00000022   Code   RO          730    .text.args_pushArg  lto-llvm-97d2c9.o
    0x0800817a   0x0800817a   0x00000016   Code   RO          738    .text.args_pushArg_name  lto-llvm-97d2c9.o
    0x08008190   0x08008190   0x0000000a   Code   RO          758    .text.args_removeArg  lto-llvm-97d2c9.o
    0x0800819a   0x0800819a   0x00000062   Code   RO          728    .text.args_setArg   lto-llvm-97d2c9.o
    0x080081fc   0x080081fc   0x00000034   Code   RO          748    .text.args_setInt   lto-llvm-97d2c9.o
    0x08008230   0x08008230   0x00000034   Code   RO          736    .text.args_setPtrWithType  lto-llvm-97d2c9.o
    0x08008264   0x08008264   0x00000018   Code   RO          740    .text.args_setRef   lto-llvm-97d2c9.o
    0x0800827c   0x0800827c   0x00000018   Code   RO          742    .text.args_setStr   lto-llvm-97d2c9.o
    0x08008294   0x08008294   0x00000028   Code   RO          920    .text.args_setSysOut  lto-llvm-97d2c9.o
    0x080082bc   0x080082bc   0x0000001a   Code   RO         1080    .text.byteCodeFrame_deinit  lto-llvm-97d2c9.o
    0x080082d6   0x080082d6   0x00000002   PAD
    0x080082d8   0x080082d8   0x00000060   Code   RO          850    .text.fast_atoi     lto-llvm-97d2c9.o
    0x08008338   0x08008338   0x00000040   Code   RO          852    .text.fast_itoa     lto-llvm-97d2c9.o
    0x08008378   0x08008378   0x00000084   Code   RO         1278    .text.fputc         lto-llvm-97d2c9.o
    0x080083fc   0x080083fc   0x00000024   Code   RO          668    .text.hash_time33   lto-llvm-97d2c9.o
    0x08008420   0x08008420   0x00000028   Code   RO          666    .text.hash_time33EndWith  lto-llvm-97d2c9.o
    0x08008448   0x08008448   0x00000014   Code   RO          776    .text.link_deinit   lto-llvm-97d2c9.o
    0x0800845c   0x0800845c   0x00000880   Code   RO         1256    .text.main          lto-llvm-97d2c9.o
    0x08008cdc   0x08008cdc   0x00000008   Code   RO          930    .text.method_returnArg  lto-llvm-97d2c9.o
    0x08008ce4   0x08008ce4   0x0000001c   Code   RO          926    .text.method_returnInt  lto-llvm-97d2c9.o
    0x08008d00   0x08008d00   0x0000002c   Code   RO          928    .text.method_returnObj  lto-llvm-97d2c9.o
    0x08008d2c   0x08008d2c   0x0000001c   Code   RO          922    .text.method_returnStr  lto-llvm-97d2c9.o
    0x08008d48   0x08008d48   0x0000001c   Code   RO          898    .text.newNormalObj  lto-llvm-97d2c9.o
    0x08008d64   0x08008d64   0x00000006   Code   RO          946    .text.obj_cacheStr  lto-llvm-97d2c9.o
    0x08008d6a   0x08008d6a   0x00000002   PAD
    0x08008d6c   0x08008d6c   0x00000078   Code   RO          854    .text.obj_deinit    lto-llvm-97d2c9.o
    0x08008de4   0x08008de4   0x00000016   Code   RO          858    .text.obj_deinit_no_del  lto-llvm-97d2c9.o
    0x08008dfa   0x08008dfa   0x00000002   PAD
    0x08008dfc   0x08008dfc   0x00000058   Code   RO          862    .text.obj_getArg    lto-llvm-97d2c9.o
    0x08008e54   0x08008e54   0x00000034   Code   RO          942    .text.obj_getByteCodeFromModule  lto-llvm-97d2c9.o
    0x08008e88   0x08008e88   0x0000001e   Code   RO          868    .text.obj_getClassObjByNewFun  lto-llvm-97d2c9.o
    0x08008ea6   0x08008ea6   0x0000000e   Code   RO          870    .text.obj_getHostObj  lto-llvm-97d2c9.o
    0x08008eb4   0x08008eb4   0x00000006   Code   RO          878    .text.obj_getHostObjWithIsTemp  lto-llvm-97d2c9.o
    0x08008eba   0x08008eba   0x00000002   PAD
    0x08008ebc   0x08008ebc   0x00000024   Code   RO          892    .text.obj_getInt    lto-llvm-97d2c9.o
    0x08008ee0   0x08008ee0   0x00000006   Code   RO          856    .text.obj_getMethodArg  lto-llvm-97d2c9.o
    0x08008ee6   0x08008ee6   0x0000000e   Code   RO          906    .text.obj_getObj    lto-llvm-97d2c9.o
    0x08008ef4   0x08008ef4   0x0000001c   Code   RO          866    .text.obj_getPtr    lto-llvm-97d2c9.o
    0x08008f10   0x08008f10   0x0000001c   Code   RO          896    .text.obj_getStr    lto-llvm-97d2c9.o
    0x08008f2c   0x08008f2c   0x00000020   Code   RO          912    .text.obj_isArgExist  lto-llvm-97d2c9.o
    0x08008f4c   0x08008f4c   0x0000001e   Code   RO          938    .text.obj_newMetaObj  lto-llvm-97d2c9.o
    0x08008f6a   0x08008f6a   0x00000002   PAD
    0x08008f6c   0x08008f6c   0x00000040   Code   RO          940    .text.obj_newObj    lto-llvm-97d2c9.o
    0x08008fac   0x08008fac   0x00000022   Code   RO          910    .text.obj_removeArg  lto-llvm-97d2c9.o
    0x08008fce   0x08008fce   0x00000006   Code   RO          880    .text.obj_setArg    lto-llvm-97d2c9.o
    0x08008fd4   0x08008fd4   0x00000006   Code   RO          894    .text.obj_setArg_noCopy  lto-llvm-97d2c9.o
    0x08008fda   0x08008fda   0x00000002   PAD
    0x08008fdc   0x08008fdc   0x00000010   Code   RO          918    .text.obj_setErrorCode  lto-llvm-97d2c9.o
    0x08008fec   0x08008fec   0x0000002a   Code   RO          884    .text.obj_setInt    lto-llvm-97d2c9.o
    0x08009016   0x08009016   0x00000022   Code   RO          886    .text.obj_setPtr    lto-llvm-97d2c9.o
    0x08009038   0x08009038   0x00000020   Code   RO          888    .text.obj_setRef    lto-llvm-97d2c9.o
    0x08009058   0x08009058   0x00000024   Code   RO          890    .text.obj_setStr    lto-llvm-97d2c9.o
    0x0800907c   0x0800907c   0x00000098   Code   RO          944    .text.obj_toStr     lto-llvm-97d2c9.o
    0x08009114   0x08009114   0x00000018   Code   RO          784    .text.pikaFree      lto-llvm-97d2c9.o
    0x0800912c   0x0800912c   0x00000048   Code   RO          766    .text.pikaList_append  lto-llvm-97d2c9.o
    0x08009174   0x08009174   0x00000016   Code   RO          764    .text.pikaList_getArg  lto-llvm-97d2c9.o
    0x0800918a   0x0800918a   0x00000002   PAD
    0x0800918c   0x0800918c   0x0000000c   Code   RO          768    .text.pikaList_getSize  lto-llvm-97d2c9.o
    0x08009198   0x08009198   0x00000030   Code   RO          762    .text.pikaList_setArg  lto-llvm-97d2c9.o
    0x080091c8   0x080091c8   0x00000064   Code   RO          782    .text.pikaMalloc    lto-llvm-97d2c9.o
    0x0800922c   0x0800922c   0x0000001e   Code   RO         1076    .text.pikaVM_runByteCode  lto-llvm-97d2c9.o
    0x0800924a   0x0800924a   0x00000002   PAD
    0x0800924c   0x0800924c   0x00000028   Code   RO          786    .text.queueObj_init  lto-llvm-97d2c9.o
    0x08009274   0x08009274   0x00000020   Code   RO          874    .text.removeMethodInfo  lto-llvm-97d2c9.o
    0x08009294   0x08009294   0x0000003e   Code   RO          792    .text.stack_deinit  lto-llvm-97d2c9.o
    0x080092d2   0x080092d2   0x00000028   Code   RO          790    .text.stack_init    lto-llvm-97d2c9.o
    0x080092fa   0x080092fa   0x00000006   Code   RO          804    .text.stack_popArg  lto-llvm-97d2c9.o
    0x08009300   0x08009300   0x00000008   Code   RO          802    .text.stack_popArg_alloc  lto-llvm-97d2c9.o
    0x08009308   0x08009308   0x00000070   Code   RO          796    .text.stack_pushArg  lto-llvm-97d2c9.o
    0x08009378   0x08009378   0x000000b4   Code   RO          794    .text.stack_pushPyload  lto-llvm-97d2c9.o
    0x0800942c   0x0800942c   0x0000001c   Code   RO          798    .text.stack_pushStr  lto-llvm-97d2c9.o
    0x08009448   0x08009448   0x00000022   Code   RO          788    .text.stack_reset   lto-llvm-97d2c9.o
    0x0800946a   0x0800946a   0x00000026   Code   RO          808    .text.strAppendWithSize  lto-llvm-97d2c9.o
    0x08009490   0x08009490   0x00000014   Code   RO          826    .text.strCopy       lto-llvm-97d2c9.o
    0x080094a4   0x080094a4   0x00000014   Code   RO          810    .text.strCountSign  lto-llvm-97d2c9.o
    0x080094b8   0x080094b8   0x00000070   Code   RO          806    .text.strCut        lto-llvm-97d2c9.o
    0x08009528   0x08009528   0x00000014   Code   RO          824    .text.strEqu        lto-llvm-97d2c9.o
    0x0800953c   0x0800953c   0x00000028   Code   RO          820    .text.strGetFirstToken  lto-llvm-97d2c9.o
    0x08009564   0x08009564   0x0000000e   Code   RO          828    .text.strGetLineSize  lto-llvm-97d2c9.o
    0x08009572   0x08009572   0x00000014   Code   RO          814    .text.strIsContain  lto-llvm-97d2c9.o
    0x08009586   0x08009586   0x0000002a   Code   RO          822    .text.strIsStartWith  lto-llvm-97d2c9.o
    0x080095b0   0x080095b0   0x00000028   Code   RO          812    .text.strPointToLastToken  lto-llvm-97d2c9.o
    0x080095d8   0x080095d8   0x00000022   Code   RO          818    .text.strPopFirstToken  lto-llvm-97d2c9.o
    0x080095fa   0x080095fa   0x00000014   Code   RO          816    .text.strPopLastToken  lto-llvm-97d2c9.o
    0x0800960e   0x0800960e   0x00000002   PAD
    0x08009610   0x08009610   0x00000040   Code   RO          832    .text.strsAppend    lto-llvm-97d2c9.o
    0x08009650   0x08009650   0x0000001e   Code   RO          842    .text.strsCacheArg  lto-llvm-97d2c9.o
    0x0800966e   0x0800966e   0x00000018   Code   RO          834    .text.strsCopy      lto-llvm-97d2c9.o
    0x08009686   0x08009686   0x00000028   Code   RO          830    .text.strsCut       lto-llvm-97d2c9.o
    0x080096ae   0x080096ae   0x00000030   Code   RO          836    .text.strsDeleteChar  lto-llvm-97d2c9.o
    0x080096de   0x080096de   0x0000002a   Code   RO          844    .text.strsFormat    lto-llvm-97d2c9.o
    0x08009708   0x08009708   0x00000082   Code   RO          972    .text.strsGetCleanCmd  lto-llvm-97d2c9.o
    0x0800978a   0x0800978a   0x00000032   Code   RO          838    .text.strsGetFirstToken  lto-llvm-97d2c9.o
    0x080097bc   0x080097bc   0x00000018   Code   RO          840    .text.strsPopToken  lto-llvm-97d2c9.o
    0x080097d4   0x080097d4   0x000000cc   Code   RO          848    .text.strsReplace   lto-llvm-97d2c9.o
    0x080098a0   0x080098a0   0x00000010   Code   RO          454    i.__0vprintf        mc_w.l(printfa.o)
    0x080098b0   0x080098b0   0x00000034   Code   RO          455    i.__0vsnprintf      mc_w.l(printfa.o)
    0x080098e4   0x080098e4   0x00000008   Code   RO          584    i.__aeabi_errno_addr  mc_w.l(errno.o)
    0x080098ec   0x080098ec   0x0000005c   Code   RO          482    i.__free$realloc    mc_w.l(mallocr.o)
    0x08009948   0x08009948   0x00000050   Code   RO          483    i.__malloc$realloc  mc_w.l(mallocr.o)
    0x08009998   0x08009998   0x0000000e   Code   RO         1560    i.__scatterload_copy  mc_w.l(handlers.o)
    0x080099a6   0x080099a6   0x00000002   Code   RO         1561    i.__scatterload_null  mc_w.l(handlers.o)
    0x080099a8   0x080099a8   0x0000000e   Code   RO         1562    i.__scatterload_zeroinit  mc_w.l(handlers.o)
    0x080099b6   0x080099b6   0x00000002   PAD
    0x080099b8   0x080099b8   0x00000184   Code   RO          457    i._fp_digits        mc_w.l(printfa.o)
    0x08009b3c   0x08009b3c   0x0000000e   Code   RO          630    i._is_digit         mc_w.l(scanf_fp.o)
    0x08009b4a   0x08009b4a   0x00000002   PAD
    0x08009b4c   0x08009b4c   0x000006dc   Code   RO          458    i._printf_core      mc_w.l(printfa.o)
    0x0800a228   0x0800a228   0x00000024   Code   RO          459    i._printf_post_padding  mc_w.l(printfa.o)
    0x0800a24c   0x0800a24c   0x0000002e   Code   RO          460    i._printf_pre_padding  mc_w.l(printfa.o)
    0x0800a27a   0x0800a27a   0x00000016   Code   RO          461    i._snputc           mc_w.l(printfa.o)
    0x0800a290   0x0800a290   0x00000050   Code   RO          484    i.internal_alloc    mc_w.l(mallocr.o)
    0x0800a2e0   0x0800a2e0   0x00000024   Code   RO          169    i.puts              mc_w.l(puts.o)
    0x0800a304   0x0800a304   0x0000001e   Code   RO          155    i.strtod            m_ws.l(strtod.o)
    0x0800a322   0x0800a322   0x00000081   Data   RO          174    .constdata          mc_w.l(ctype_o.o)
    0x0800a3a3   0x0800a3a3   0x00000001   PAD
    0x0800a3a4   0x0800a3a4   0x00000004   Data   RO          175    .constdata          mc_w.l(ctype_o.o)
    0x0800a3a8   0x0800a3a8   0x00000001   Data   RO         1458    .rodata..L.str.887  lto-llvm-97d2c9.o
    0x0800a3a9   0x0800a3a9   0x00000003   PAD
    0x0800a3ac   0x0800a3ac   0x00000050   Data   RO         1450    .rodata..L__const.AST_genAsm.rules_block  lto-llvm-97d2c9.o
    0x0800a3fc   0x0800a3fc   0x00000070   Data   RO         1449    .rodata..L__const.AST_genAsm.rules_topAst  lto-llvm-97d2c9.o
    0x0800a46c   0x0800a46c   0x000000b0   Data   RO         1448    .rodata..L__const.AST_genAsm_sub.rules_subAst  lto-llvm-97d2c9.o
    0x0800a51c   0x0800a51c   0x00000083   Data   RO         1457    .rodata..L__const.PikaStdData_Dict_update.bytes  lto-llvm-97d2c9.o
    0x0800a59f   0x0800a59f   0x00000001   PAD
    0x0800a5a0   0x0800a5a0   0x00000080   Data   RO         1453    .rodata..Lswitch.table.instructUnit_getInstructStr  lto-llvm-97d2c9.o
    0x0800a620   0x0800a620   0x00000000   Data   RO         1460    .rodata.PikaMainCollect  lto-llvm-97d2c9.o
    0x0800a620   0x0800a620   0x0000000c   Data   RO         1462    .rodata.PikaMainNativeProp  lto-llvm-97d2c9.o
    0x0800a62c   0x0800a62c   0x000000f0   Data   RO         1478    .rodata.PikaStdData_DictCollect  lto-llvm-97d2c9.o
    0x0800a71c   0x0800a71c   0x0000000c   Data   RO         1479    .rodata.PikaStdData_DictNativeProp  lto-llvm-97d2c9.o
    0x0800a728   0x0800a728   0x00000008   Data   RO         1463    .rodata.PikaStdData_Dict___contains__Prop  lto-llvm-97d2c9.o
    0x0800a730   0x0800a730   0x00000008   Data   RO         1464    .rodata.PikaStdData_Dict___del__Prop  lto-llvm-97d2c9.o
    0x0800a738   0x0800a738   0x00000008   Data   RO         1465    .rodata.PikaStdData_Dict___getitem__Prop  lto-llvm-97d2c9.o
    0x0800a740   0x0800a740   0x00000008   Data   RO         1466    .rodata.PikaStdData_Dict___init__Prop  lto-llvm-97d2c9.o
    0x0800a748   0x0800a748   0x00000008   Data   RO         1467    .rodata.PikaStdData_Dict___iter__Prop  lto-llvm-97d2c9.o
    0x0800a750   0x0800a750   0x00000008   Data   RO         1468    .rodata.PikaStdData_Dict___len__Prop  lto-llvm-97d2c9.o
    0x0800a758   0x0800a758   0x00000008   Data   RO         1469    .rodata.PikaStdData_Dict___next__Prop  lto-llvm-97d2c9.o
    0x0800a760   0x0800a760   0x00000008   Data   RO         1470    .rodata.PikaStdData_Dict___setitem__Prop  lto-llvm-97d2c9.o
    0x0800a768   0x0800a768   0x00000008   Data   RO         1471    .rodata.PikaStdData_Dict___str__Prop  lto-llvm-97d2c9.o
    0x0800a770   0x0800a770   0x00000008   Data   RO         1472    .rodata.PikaStdData_Dict_getProp  lto-llvm-97d2c9.o
    0x0800a778   0x0800a778   0x00000008   Data   RO         1473    .rodata.PikaStdData_Dict_itemsProp  lto-llvm-97d2c9.o
    0x0800a780   0x0800a780   0x00000008   Data   RO         1474    .rodata.PikaStdData_Dict_keysProp  lto-llvm-97d2c9.o
    0x0800a788   0x0800a788   0x00000008   Data   RO         1475    .rodata.PikaStdData_Dict_removeProp  lto-llvm-97d2c9.o
    0x0800a790   0x0800a790   0x00000008   Data   RO         1476    .rodata.PikaStdData_Dict_setProp  lto-llvm-97d2c9.o
    0x0800a798   0x0800a798   0x00000008   Data   RO         1477    .rodata.PikaStdData_Dict_updateProp  lto-llvm-97d2c9.o
    0x0800a7a0   0x0800a7a0   0x000000a0   Data   RO         1491    .rodata.PikaStdData_TupleCollect  lto-llvm-97d2c9.o
    0x0800a840   0x0800a840   0x0000000c   Data   RO         1480    .rodata.PikaStdData_TupleNativeProp  lto-llvm-97d2c9.o
    0x0800a84c   0x0800a84c   0x00000008   Data   RO         1481    .rodata.PikaStdData_Tuple___contains__Prop  lto-llvm-97d2c9.o
    0x0800a854   0x0800a854   0x00000008   Data   RO         1482    .rodata.PikaStdData_Tuple___del__Prop  lto-llvm-97d2c9.o
    0x0800a85c   0x0800a85c   0x00000008   Data   RO         1483    .rodata.PikaStdData_Tuple___getitem__Prop  lto-llvm-97d2c9.o
    0x0800a864   0x0800a864   0x00000008   Data   RO         1484    .rodata.PikaStdData_Tuple___init__Prop  lto-llvm-97d2c9.o
    0x0800a86c   0x0800a86c   0x00000008   Data   RO         1485    .rodata.PikaStdData_Tuple___iter__Prop  lto-llvm-97d2c9.o
    0x0800a874   0x0800a874   0x00000008   Data   RO         1486    .rodata.PikaStdData_Tuple___len__Prop  lto-llvm-97d2c9.o
    0x0800a87c   0x0800a87c   0x00000008   Data   RO         1487    .rodata.PikaStdData_Tuple___next__Prop  lto-llvm-97d2c9.o
    0x0800a884   0x0800a884   0x00000008   Data   RO         1488    .rodata.PikaStdData_Tuple___str__Prop  lto-llvm-97d2c9.o
    0x0800a88c   0x0800a88c   0x00000008   Data   RO         1489    .rodata.PikaStdData_Tuple_getProp  lto-llvm-97d2c9.o
    0x0800a894   0x0800a894   0x00000008   Data   RO         1490    .rodata.PikaStdData_Tuple_lenProp  lto-llvm-97d2c9.o
    0x0800a89c   0x0800a89c   0x00000040   Data   RO         1496    .rodata.PikaStdData_dict_itemsCollect  lto-llvm-97d2c9.o
    0x0800a8dc   0x0800a8dc   0x0000000c   Data   RO         1497    .rodata.PikaStdData_dict_itemsNativeProp  lto-llvm-97d2c9.o
    0x0800a8e8   0x0800a8e8   0x00000008   Data   RO         1492    .rodata.PikaStdData_dict_items___iter__Prop  lto-llvm-97d2c9.o
    0x0800a8f0   0x0800a8f0   0x00000008   Data   RO         1493    .rodata.PikaStdData_dict_items___len__Prop  lto-llvm-97d2c9.o
    0x0800a8f8   0x0800a8f8   0x00000008   Data   RO         1494    .rodata.PikaStdData_dict_items___next__Prop  lto-llvm-97d2c9.o
    0x0800a900   0x0800a900   0x00000008   Data   RO         1495    .rodata.PikaStdData_dict_items___str__Prop  lto-llvm-97d2c9.o
    0x0800a908   0x0800a908   0x00000040   Data   RO         1502    .rodata.PikaStdData_dict_keysCollect  lto-llvm-97d2c9.o
    0x0800a948   0x0800a948   0x0000000c   Data   RO         1503    .rodata.PikaStdData_dict_keysNativeProp  lto-llvm-97d2c9.o
    0x0800a954   0x0800a954   0x00000008   Data   RO         1498    .rodata.PikaStdData_dict_keys___iter__Prop  lto-llvm-97d2c9.o
    0x0800a95c   0x0800a95c   0x00000008   Data   RO         1499    .rodata.PikaStdData_dict_keys___len__Prop  lto-llvm-97d2c9.o
    0x0800a964   0x0800a964   0x00000008   Data   RO         1500    .rodata.PikaStdData_dict_keys___next__Prop  lto-llvm-97d2c9.o
    0x0800a96c   0x0800a96c   0x00000008   Data   RO         1501    .rodata.PikaStdData_dict_keys___str__Prop  lto-llvm-97d2c9.o
    0x0800a974   0x0800a974   0x00000020   Data   RO         1506    .rodata.PikaStdLibCollect  lto-llvm-97d2c9.o
    0x0800a994   0x0800a994   0x0000000c   Data   RO         1507    .rodata.PikaStdLibNativeProp  lto-llvm-97d2c9.o
    0x0800a9a0   0x0800a9a0   0x00000020   Data   RO         1510    .rodata.PikaStdLib_MemCheckerCollect  lto-llvm-97d2c9.o
    0x0800a9c0   0x0800a9c0   0x0000000c   Data   RO         1511    .rodata.PikaStdLib_MemCheckerNativeProp  lto-llvm-97d2c9.o
    0x0800a9cc   0x0800a9cc   0x00000008   Data   RO         1504    .rodata.PikaStdLib_MemCheckerProp  lto-llvm-97d2c9.o
    0x0800a9d4   0x0800a9d4   0x00000008   Data   RO         1508    .rodata.PikaStdLib_MemChecker_maxProp  lto-llvm-97d2c9.o
    0x0800a9dc   0x0800a9dc   0x00000008   Data   RO         1509    .rodata.PikaStdLib_MemChecker_nowProp  lto-llvm-97d2c9.o
    0x0800a9e4   0x0800a9e4   0x00000010   Data   RO         1513    .rodata.PikaStdLib_RangeObjCollect  lto-llvm-97d2c9.o
    0x0800a9f4   0x0800a9f4   0x0000000c   Data   RO         1514    .rodata.PikaStdLib_RangeObjNativeProp  lto-llvm-97d2c9.o
    0x0800aa00   0x0800aa00   0x00000008   Data   RO         1512    .rodata.PikaStdLib_RangeObj___next__Prop  lto-llvm-97d2c9.o
    0x0800aa08   0x0800aa08   0x00000090   Data   RO         1524    .rodata.PikaStdLib_SysObjCollect  lto-llvm-97d2c9.o
    0x0800aa98   0x0800aa98   0x0000000c   Data   RO         1461    .rodata.PikaStdLib_SysObjNativeProp  lto-llvm-97d2c9.o
    0x0800aaa4   0x0800aaa4   0x00000008   Data   RO         1505    .rodata.PikaStdLib_SysObjProp  lto-llvm-97d2c9.o
    0x0800aaac   0x0800aaac   0x00000008   Data   RO         1515    .rodata.PikaStdLib_SysObj___getitem__Prop  lto-llvm-97d2c9.o
    0x0800aab4   0x0800aab4   0x00000008   Data   RO         1516    .rodata.PikaStdLib_SysObj___setitem__Prop  lto-llvm-97d2c9.o
    0x0800aabc   0x0800aabc   0x00000008   Data   RO         1517    .rodata.PikaStdLib_SysObj_floatProp  lto-llvm-97d2c9.o
    0x0800aac4   0x0800aac4   0x00000008   Data   RO         1518    .rodata.PikaStdLib_SysObj_intProp  lto-llvm-97d2c9.o
    0x0800aacc   0x0800aacc   0x00000008   Data   RO         1519    .rodata.PikaStdLib_SysObj_iterProp  lto-llvm-97d2c9.o
    0x0800aad4   0x0800aad4   0x00000008   Data   RO         1520    .rodata.PikaStdLib_SysObj_lenProp  lto-llvm-97d2c9.o
    0x0800aadc   0x0800aadc   0x00000008   Data   RO         1521    .rodata.PikaStdLib_SysObj_printProp  lto-llvm-97d2c9.o
    0x0800aae4   0x0800aae4   0x00000008   Data   RO         1522    .rodata.PikaStdLib_SysObj_rangeProp  lto-llvm-97d2c9.o
    0x0800aaec   0x0800aaec   0x00000008   Data   RO         1523    .rodata.PikaStdLib_SysObj_strProp  lto-llvm-97d2c9.o
    0x0800aaf4   0x0800aaf4   0x0000000c   Data   RO         1459    .rodata.TinyObjNativeProp  lto-llvm-97d2c9.o
    0x0800ab00   0x0800ab00   0x00000084   Data   RO         1452    .rodata.VM_instruct_handler_table  lto-llvm-97d2c9.o
    0x0800ab84   0x0800ab84   0x00000004   PAD
    0x0800ab88   0x0800ab88   0x00000320   Data   RO         1442    .rodata.__talbe_fast_atoi  lto-llvm-97d2c9.o
    0x0800aea8   0x0800aea8   0x00000012   Data   RO         1446    .rodata.control_keywords  lto-llvm-97d2c9.o
    0x0800aeba   0x0800aeba   0x00000015   Data   RO         1447    .rodata.normal_keywords  lto-llvm-97d2c9.o
    0x0800aecf   0x0800aecf   0x00000120   Data   RO         1445    .rodata.operators   lto-llvm-97d2c9.o
    0x0800afef   0x0800afef   0x00000001   PAD
    0x0800aff0   0x0800aff0   0x000000c1   Data   RO         1525    .rodata.pikaModules_py_a  lto-llvm-97d2c9.o
    0x0800b0b1   0x0800b0b1   0x0000077b   Data   RO         1440    .rodata.str1.1      lto-llvm-97d2c9.o
    0x0800b82c   0x0800b82c   0x000000c8   Data   RO         1443    .rodata.str100p     lto-llvm-97d2c9.o
    0x0800b8f4   0x0800b8f4   0x00000020   Data   RO         1559    Region$$Table       anon$$obj.o


    Execution Region RW_IRAM1 (Exec base: 0x20000000, Load base: 0x0800b918, Size: 0x00004ad0, Max: 0x00005000, ABSOLUTE)

    Exec Addr    Load Addr    Size         Type   Attr      Idx    E Section Name        Object

    0x20000000   0x0800b918   0x00000004   Data   RW          564    .data               mc_w.l(stdout.o)
    0x20000004   0x0800b91c   0x00000004   Data   RW          582    .data               mc_w.l(mvars.o)
    0x20000008   0x0800b920   0x00000004   Data   RW          583    .data               mc_w.l(mvars.o)
    0x2000000c   0x0800b924   0x00000004   Data   RW          587    .data               mc_w.l(errno.o)
    0x20000010   0x0800b928   0x00000008   Data   RW         1527    .data..L_MergedGlobals  lto-llvm-97d2c9.o
    0x20000018   0x0800b930   0x000000a4   Data   RW         1444    .data.g_repl_shell  lto-llvm-97d2c9.o
    0x200000bc   0x0800b9d4   0x00000004   PAD
    0x200000c0        -       0x00000054   Zero   RW         1528    .bss..L_MergedGlobals.1037  lto-llvm-97d2c9.o
    0x20000114        -       0x00000008   Zero   RW         1451    .bss.PikaVMSignal   lto-llvm-97d2c9.o
    0x2000011c        -       0x00000010   Zero   RW         1441    .bss.pikaMemInfo    lto-llvm-97d2c9.o
    0x2000012c        -       0x0000008c   Zero   RW         1454    .bss.pika_uart1     lto-llvm-97d2c9.o
    0x200001b8        -       0x0000008c   Zero   RW         1455    .bss.pika_uart2     lto-llvm-97d2c9.o
    0x20000244        -       0x0000008c   Zero   RW         1456    .bss.pika_uart3     lto-llvm-97d2c9.o
    0x200002d0        -       0x00004000   Zero   RW           76    HEAP                startup_stm32f103xb.o
    0x200042d0        -       0x00000800   Zero   RW           75    STACK               startup_stm32f103xb.o


==============================================================================

Image component sizes


      Code (inc. data)   RO Data    RW Data    ZI Data      Debug   Object Name

     34850       3440       5443        172        528     313742   lto-llvm-97d2c9.o
        36          8        236          0      18432        792   startup_stm32f103xb.o

    ----------------------------------------------------------------------
     34944       3448       5720        172      18964     314534   Object Totals
         0          0         32          0          0          0   (incl. Generated)
        58          0          9          0          4          0   (incl. Padding)

    ----------------------------------------------------------------------

      Code (inc. data)   RO Data    RW Data    ZI Data      Debug   Library Member Name

        30          0          0          0          0         80   strtod.o
       144          0          0          0          0         88   __strtoll.o
        28          0          0          0          0         68   _chval.o
        64          0          0          0          0         84   _sgetc.o
       194          0          0          0          0         96   _strtoull.o
         8          4        133          0          0         68   ctype_o.o
         0          0          0          0          0          0   entry.o
         0          0          0          0          0          0   entry10a.o
         0          0          0          0          0          0   entry11a.o
         8          4          0          0          0          0   entry2.o
         4          0          0          0          0          0   entry5.o
         0          0          0          0          0          0   entry7b.o
         0          0          0          0          0          0   entry8b.o
         8          4          0          0          0          0   entry9a.o
         8          4          0          4          0         68   errno.o
        30          0          0          0          0          0   handlers.o
        36          8          0          0          0         68   init.o
        18          0          0          0          0         76   isspace_o.o
         0          0          0          0          0          0   iusefp.o
        98          0          0          0          0         84   ldiv.o
        30          0          0          0          0         68   llshl.o
        36          0          0          0          0         68   llsshr.o
        32          0          0          0          0         68   llushr.o
       252         24          0          0          0        252   mallocr.o
        26          0          0          0          0         80   memcmp.o
        64          0          0          0          0         76   memmovea.o
        36          0          0          0          0        108   memseta.o
         0          0          0          8          0          0   mvars.o
      2316         94          0          0          0        584   printfa.o
        36          6          0          0          0         80   puts.o
       878         12          0          0          0        216   scanf_fp.o
         0          0          0          4          0          0   stdout.o
        20          0          0          0          0         68   strchr.o
        28          0          0          0          0         76   strcmp.o
        18          0          0          0          0         68   strcpy.o
        14          0          0          0          0         68   strlen.o
        30          0          0          0          0         80   strncmp.o
        24          0          0          0          0         76   strncpy.o
        36          0          0          0          0         80   strstr.o
       168         12          0          0          0        124   strtod.o
         4          0          0          0          0         68   strtoll.o
        44          0          0          0          0         80   uidiv.o
        98          0          0          0          0         92   uldiv.o
        48          0          0          0          0         68   cdrcmple.o
        56          0          0          0          0         88   d2f.o
       334          0          0          0          0        148   dadd.o
        56          0          0          0          0         80   dcmpeq.o
        54          0          0          0          0         80   dcmpgt.o
        54          0          0          0          0         80   dcmplt.o
       222          0          0          0          0        100   ddiv.o
       186          0          0          0          0        176   depilogue.o
        62          0          0          0          0         80   dfixi.o
        74          0          0          0          0         80   dfixl.o
        48          0          0          0          0         68   dfixul.o
        40          0          0          0          0         80   dfltl.o
        26          0          0          0          0         76   dfltui.o
        24          0          0          0          0         76   dfltul.o
       228          0          0          0          0         96   dmul.o
        38          0          0          0          0         68   f2d.o
       110          0          0          0          0        168   fepilogue.o
        44          0          0          0          0         92   ffltl.o

    ----------------------------------------------------------------------
      6582        172        134         16          0       4964   Library Totals
        10          0          1          0          0          0   (incl. Padding)

    ----------------------------------------------------------------------

      Code (inc. data)   RO Data    RW Data    ZI Data      Debug   Library Name

        30          0          0          0          0         80   m_ws.l
      4838        172        133         16          0       3180   mc_w.l
      1704          0          0          0          0       1704   mf_w.l

    ----------------------------------------------------------------------
      6582        172        134         16          0       4964   Library Totals

    ----------------------------------------------------------------------

==============================================================================


      Code (inc. data)   RO Data    RW Data    ZI Data      Debug   

     41526       3620       5854        188      18964     316842   Grand Totals
     41526       3620       5854        188      18964     316842   ELF Image Totals
     41526       3620       5854        188          0          0   ROM Totals

==============================================================================

    Total RO  Size (Code + RO Data)                47380 (  46.27kB)
    Total RW  Size (RW Data + ZI Data)             19152 (  18.70kB)
    Total ROM Size (Code + RO Data + RW Data)      47568 (  46.45kB)

==============================================================================

