<html>
<body>
<pre>
<h1>µVision Build Log</h1>
<h2>Tool Versions:</h2>
IDE-Version: ¦ÌVision V5.38.0.0
Copyright (C) 2022 ARM Ltd and ARM Germany GmbH. All rights reserved.
License Information: cs qgb, 0, LIC=585FJ-UEXE0-SBNEJ-UHB7T-WIZFD-2N5KY
 
Tool Versions:
Toolchain:       MDK-ARM Plus  Version: 5.38.0.0
Toolchain Path:  C:\Keil_v5\ARM\ARMCLANG\Bin
C Compiler:      ArmClang.exe V6.19
Assembler:       Armasm.exe V6.19
Linker/Locator:  ArmLink.exe V6.19
Library Manager: ArmAr.exe V6.19
Hex Converter:   FromElf.exe V6.19
CPU DLL:         SARMCM3.DLL V5.38.0.0
Dialog DLL:      DCM.DLL V1.17.5.0
Target DLL:      UL2CM3.DLL V1.164.8.0
Dialog DLL:      TCM.DLL V1.56.4.0
 
<h2>Project:</h2>
C:\test\gd32\pikapython_stm32f103c8_ok\MDK-ARM\pikascript-demo.uvprojx
Project File Date:  04/05/2023

<h2>Output:</h2>
*** Using Compiler 'V6.19', folder: 'C:\Keil_v5\ARM\ARMCLANG\Bin'
Build target 'pikascript-demo'
Before Build - User command #1: ..\pikascript\pikaBeforBuild-keil.bat
C:\test\gd32\pikapython_stm32f103c8_ok\MDK-ARM>cd ../pikascript 
C:\test\gd32\pikapython_stm32f103c8_ok\pikascript>if not exist pikascript-core (pikaPackage.exe) 
C:\test\gd32\pikapython_stm32f103c8_ok\pikascript>rust-msc-latest-win10.exe
(pikascript) packages installed:
    pikascript-core==v1.11.8
    PikaStdLib==v1.11.8
    PikaStdDevice==v1.11.0
    PikaMath==v0.2.1
    STM32F1==v1.1.3
(pikascript) pika compiler:
  scaning main.py...
    binding PikaStdLib.pyi...
    binding PikaMath.pyi...
    binding PikaStdDevice.pyi...
    binding STM32F1.pyi...
    binding PikaStdTask.pyi...
    binding PikaStdData.pyi...
    binding PikaDebug.pyi...
  compiling main.py...
  linking pikascript-api/pikaModules.py.a...
  loading pikaModules_py_a[]...
compiling stm32f1xx_hal_gpio_ex.c...
compiling stm32f1xx_hal_tim_ex.c...
compiling stm32f1xx_hal.c...
compiling stm32f1xx_hal_tim.c...
compiling stm32f1xx_hal_uart.c...
compiling stm32f1xx_hal_rcc_ex.c...
compiling stm32f1xx_hal_gpio.c...
compiling stm32f1xx_hal_rcc.c...
compiling stm32f1xx_hal_pwr.c...
compiling stm32f1xx_hal_cortex.c...
compiling stm32f1xx_hal_dma.c...
compiling stm32f1xx_hal_flash.c...
compiling stm32f1xx_hal_exti.c...
compiling stm32f1xx_hal_flash_ex.c...
compiling BaseObj.c...
compiling stm32f1xx_hal_adc_ex.c...
compiling stm32f1xx_hal_adc.c...
compiling dataLink.c...
compiling dataArg.c...
compiling dataArgs.c...
compiling dataLinkNode.c...
compiling dataMemory.c...
compiling dataQueue.c...
compiling dataQueueObj.c...
compiling dataStack.c...
compiling dataString.c...
compiling dataStrs.c...
compiling PikaPlatform.c...
compiling PikaObj.c...
compiling TinyObj.c...
compiling PikaParser.c...
compiling PikaStdDevice_IIC.c...
compiling PikaCompiler.c...
compiling PikaVM.c...
compiling PikaStdDevice_ADC.c...
compiling PikaStdDevice_BaseDev.c...
compiling PikaStdDevice_GPIO.c...
compiling PikaStdDevice_CAN.c...
compiling PikaStdDevice_Time.c...
compiling PikaStdDevice_UART.c...
compiling PikaStdDevice_PWM.c...
compiling PikaStdDevice_SPI.c...
compiling STM32F1_PWM.c...
compiling STM32F1_ADC.c...
compiling STM32F1_IIC.c...
compiling STM32F1_Time.c...
compiling STM32F1_common.c...
compiling STM32F1_GPIO.c...
compiling PikaStdLib_RangeObj.c...
compiling STM32F1_UART.c...
compiling PikaStdTask_Task.c...
compiling PikaStdData_Dict.c...
compiling PikaStdLib_StringObj.c...
compiling PikaStdLib_MemChecker.c...
compiling PikaStdData_Tuple.c...
compiling PikaDebuger_Debuger.c...
compiling PikaStdData_ByteArray.c...
compiling PikaStdData_String.c...
compiling PikaStdData_Utils.c...
compiling PikaStdData_List.c...
compiling PikaStdData_FILEIO.c...
compiling PikaStdLib_SysObj.c...
compiling PikaMath_Quaternion.c...
compiling PikaMath_Math.c...
compiling PikaMath_Operator.c...
compiling pikaScript.c...
compiling __asset_pikaModules_py_a.c...
compiling gpio.c...
compiling main.c...
compiling __pikaBinding.c...
compiling stm32f1xx_hal_msp.c...
compiling stm32f1xx_it.c...
compiling system_stm32f1xx.c...
compiling usart.c...
assembling startup_stm32f103xb.s...
linking...
Program Size: Code=41526 RO-data=5854 RW-data=188 ZI-data=18964  
FromELF: creating hex file...
"pikascript-demo\pikascript-demo.axf" - 0 Error(s), 0 Warning(s).

<h2>Software Packages used:</h2>

Package Vendor: ARM
                http://www.keil.com/pack/ARM.CMSIS.5.9.0.pack
                ARM.CMSIS.5.9.0
                CMSIS (Common Microcontroller Software Interface Standard)
   * Component: CORE Version: 5.6.0

Package Vendor: Keil
                http://www.keil.com/pack/Keil.STM32F1xx_DFP.2.4.0.pack
                Keil.STM32F1xx_DFP.2.4.0
                STMicroelectronics STM32F1 Series Device Support, Drivers and Examples

<h2>Collection of Component include folders:</h2>
  ./RTE/_pikascript-demo
  C:/Users/qgb/AppData/Local/Arm/Packs/ARM/CMSIS/5.9.0/CMSIS/Core/Include
  C:/Users/qgb/AppData/Local/Arm/Packs/Keil/STM32F1xx_DFP/2.4.0/Device/Include

<h2>Collection of Component Files used:</h2>

   * Component: ARM::CMSIS:CORE:5.6.0
      Include file:  CMSIS/Core/Include/tz_context.h
Build Time Elapsed:  00:00:25
</pre>
</body>
</html>
